ESP-ROM:esp32s3-20210327
Build:Mar 27 2021
rst:0x15 (USB_UART_CHIP_RESET),boot:0x8 (SPI_FAST_FLASH_BOOT)
Saved PC:0x40048d1c
SPIWP:0xee
mode:DIO, clock div:1
load:0x3fce2810,len:0x15a0
load:0x403c8700,len:0x4
load:0x403c8704,len:0xd20
load:0x403cb700,len:0x2ee4
entry 0x403c8928
[0;32mI (26) boot: ESP-IDF v5.4 2nd stage bootloader[0m
[0;32mI (27) boot: compile time Mar  3 2025 17:12:26[0m
[0;32mI (27) boot: Multicore bootloader[0m
[0;32mI (27) boot: chip revision: v0.2[0m
[0;32mI (29) boot: efuse block revision: v1.3[0m
[0;32mI (33) boot.esp32s3: Boot SPI Speed : 80MHz[0m
[0;32mI (37) boot.esp32s3: SPI Mode       : DIO[0m
[0;32mI (41) boot.esp32s3: SPI Flash Size : 8MB[0m
[0;32mI (44) boot: Enabling RNG early entropy source...[0m
[0;32mI (49) boot: Partition Table:[0m
[0;32mI (52) boot: ## Label            Usage          Type ST Offset   Length[0m
[0;32mI (58) boot:  0 nvs              WiFi data        01 02 00009000 00006000[0m
[0;32mI (64) boot:  1 phy_init         RF data          01 01 0000f000 00001000[0m
[0;32mI (71) boot:  2 factory          factory app      00 00 00010000 00100000[0m
[0;32mI (77) boot: End of partition table[0m
[0;32mI (81) esp_image: segment 0: paddr=00010020 vaddr=3c040020 size=10764h ( 67428) map[0m
[0;32mI (100) esp_image: segment 1: paddr=0002078c vaddr=3fc92600 size=02aa0h ( 10912) load[0m
[0;32mI (103) esp_image: segment 2: paddr=00023234 vaddr=40374000 size=0cde4h ( 52708) load[0m
[0;32mI (115) esp_image: segment 3: paddr=00030020 vaddr=42000020 size=37044h (225348) map[0m
[0;32mI (156) esp_image: segment 4: paddr=0006706c vaddr=40380de4 size=017b4h (  6068) load[0m
[0;32mI (158) esp_image: segment 5: paddr=00068828 vaddr=600fe100 size=0001ch (    28) load[0m
[0;32mI (165) boot: Loaded app from partition at offset 0x10000[0m
[0;32mI (165) boot: Disabling RNG early entropy source...[0m
[0;32mI (181) cpu_start: Multicore app[0m
[0;32mI (190) cpu_start: Pro cpu start user code[0m
[0;32mI (190) cpu_start: cpu freq: 240000000 Hz[0m
[0;32mI (191) app_init: Application information:[0m
[0;32mI (191) app_init: Project name:     Programmerbar_last[0m
[0;32mI (195) app_init: App version:      a4e8186-dirty[0m
[0;32mI (199) app_init: Compile time:     Mar  3 2025 17:10:58[0m
[0;32mI (204) app_init: ELF file SHA256:  7aebd7b42...[0m
[0;32mI (209) app_init: ESP-IDF:          v5.4[0m
[0;32mI (212) efuse_init: Min chip rev:     v0.0[0m
[0;32mI (216) efuse_init: Max chip rev:     v0.99 [0m
[0;32mI (220) efuse_init: Chip rev:         v0.2[0m
[0;32mI (224) heap_init: Initializing. RAM available for dynamic allocation:[0m
[0;32mI (230) heap_init: At 3FC96660 len 000530B0 (332 KiB): RAM[0m
[0;32mI (236) heap_init: At 3FCE9710 len 00005724 (21 KiB): RAM[0m
[0;32mI (241) heap_init: At 3FCF0000 len 00008000 (32 KiB): DRAM[0m
[0;32mI (246) heap_init: At 600FE11C len 00001ECC (7 KiB): RTCRAM[0m
[0;32mI (252) spi_flash: detected chip: gd[0m
[0;32mI (254) spi_flash: flash io: dio[0m
[0;32mI (258) sleep_gpio: Configure to isolate all GPIO pins in sleep state[0m
[0;32mI (264) sleep_gpio: Enable automatic switching of GPIO sleep configuration[0m
[0;32mI (271) main_task: Started on CPU0[0m
[0;32mI (281) main_task: Calling app_main()[0m
[0;32mI (281) RTC_TIME: Initialising SNTP[0m

assert failed: tcpip_callback /IDF/components/lwip/lwip/src/api/tcpip.c:318 (Invalid mbox)


Backtrace: 0x40375aa5:0x3fc9aee0 0x40379c5d:0x3fc9af00 0x403805dd:0x3fc9af20 0x4200cfd1:0x3fc9b040 0x4200cf7c:0x3fc9b060 0x4200aa48:0x3fc9b080 0x4037a561:0x3fc9b120




ELF file SHA256: 7aebd7b42

Rebooting...
ESP-ROM:esp32s3-20210327
Build:Mar 27 2021
rst:0xc (RTC_SW_CPU_RST),boot:0x8 (SPI_FAST_FLASH_BOOT)
Saved PC:0x403759e4
SPIWP:0xee
mode:DIO, clock div:1
load:0x3fce2810,len:0x15a0
load:0x403c8700,len:0x4
load:0x403c8704,len:0xd20
load:0x403cb700,len:0x2ee4
entry 0x403c8928
[0;32mI (26) boot: ESP-IDF v5.4 2nd stage bootloader[0m
[0;32mI (26) boot: compile time Mar  3 2025 17:12:26[0m
[0;32mI (27) boot: Multicore bootloader[0m
[0;32mI (27) boot: chip revision: v0.2[0m
[0;32mI (29) boot: efuse block revision: v1.3[0m
[0;32mI (33) boot.esp32s3: Boot SPI Speed : 80MHz[0m
[0;32mI (36) boot.esp32s3: SPI Mode       : DIO[0m
[0;32mI (40) boot.esp32s3: SPI Flash Size : 8MB[0m
[0;32mI (44) boot: Enabling RNG early entropy source...[0m
[0;32mI (48) boot: Partition Table:[0m
[0;32mI (51) boot: ## Label            Usage          Type ST Offset   Length[0m
[0;32mI (57) boot:  0 nvs              WiFi data        01 02 00009000 00006000[0m
[0;32mI (64) boot:  1 phy_init         RF data          01 01 0000f000 00001000[0m
[0;32mI (70) boot:  2 factory          factory app      00 00 00010000 00100000[0m
[0;32mI (77) boot: End of partition table[0m
[0;32mI (80) esp_image: segment 0: paddr=00010020 vaddr=3c040020 size=10764h ( 67428) map[0m
[0;32mI (100) esp_image: segment 1: paddr=0002078c vaddr=3fc92600 size=02aa0h ( 10912) load[0m
[0;32mI (102) esp_image: segment 2: paddr=00023234 vaddr=40374000 size=0cde4h ( 52708) load[0m
[0;32mI (115) esp_image: segment 3: paddr=00030020 vaddr=42000020 size=37044h (225348) map[0m
[0;32mI (155) esp_image: segment 4: paddr=0006706c vaddr=40380de4 size=017b4h (  6068) load[0m
[0;32mI (157) esp_image: segment 5: paddr=00068828 vaddr=600fe100 size=0001ch (    28) load[0m
[0;32mI (165) boot: Loaded app from partition at offset 0x10000[0m
[0;32mI (165) boot: Disabling RNG early entropy source...[0m
[0;32mI (180) cpu_start: Multicore app[0m
[0;32mI (190) cpu_start: Pro cpu start user code[0m
[0;32mI (190) cpu_start: cpu freq: 240000000 Hz[0m
[0;32mI (190) app_init: Application information:[0m
[0;32mI (190) app_init: Project name:     Programmerbar_last[0m
[0;32mI (195) app_init: App version:      a4e8186-dirty[0m
[0;32mI (199) app_init: Compile time:     Mar  3 2025 17:10:58[0m
[0;32mI (204) app_init: ELF file SHA256:  7aebd7b42...[0m
[0;32mI (208) app_init: ESP-IDF:          v5.4[0m
[0;32mI (212) efuse_init: Min chip rev:     v0.0[0m
[0;32mI (216) efuse_init: Max chip rev:     v0.99 [0m
[0;32mI (220) efuse_init: Chip rev:         v0.2[0m
[0;32mI (224) heap_init: Initializing. RAM available for dynamic allocation:[0m
[0;32mI (230) heap_init: At 3FC96660 len 000530B0 (332 KiB): RAM[0m
[0;32mI (235) heap_init: At 3FCE9710 len 00005724 (21 KiB): RAM[0m
[0;32mI (240) heap_init: At 3FCF0000 len 00008000 (32 KiB): DRAM[0m
[0;32mI (245) heap_init: At 600FE11C len 00001ECC (7 KiB): RTCRAM[0m
[0;32mI (252) spi_flash: detected chip: gd[0m
[0;32mI (254) spi_flash: flash io: dio[0m
[0;32mI (257) sleep_gpio: Configure to isolate all GPIO pins in sleep state[0m
[0;32mI (263) sleep_gpio: Enable automatic switching of GPIO sleep configuration[0m
[0;32mI (270) main_task: Started on CPU0[0m
[0;32mI (280) main_task: Calling app_main()[0m
[0;32mI (280) RTC_TIME: Initialising SNTP[0m

assert failed: tcpip_callback /IDF/components/lwip/lwip/src/api/tcpip.c:318 (Invalid mbox)


Backtrace: 0x40375aa5:0x3fc9aee0 0x40379c5d:0x3fc9af00 0x403805dd:0x3fc9af20 0x4200cfd1:0x3fc9b040 0x4200cf7c:0x3fc9b060 0x4200aa48:0x3fc9b080 0x4037a561:0x3fc9b120




ELF file SHA256: 7aebd7b42

Rebooting...
ESP-ROM:esp32s3-20210327
Build:Mar 27 2021
rst:0xc (RTC_SW_CPU_RST),boot:0x8 (SPI_FAST_FLASH_BOOT)
Saved PC:0x403759e4
SPIWP:0xee
mode:DIO, clock div:1
load:0x3fce2810,len:0x15a0
load:0x403c8700,len:0x4
load:0x403c8704,len:0xd20
load:0x403cb700,len:0x2ee4
entry 0x403c8928
[0;32mI (26) boot: ESP-IDF v5.4 2nd stage bootloader[0m
[0;32mI (26) boot: compile time Mar  3 2025 17:12:26[0m
[0;32mI (27) boot: Multicore bootloader[0m
[0;32mI (27) boot: chip revision: v0.2[0m
[0;32mI (29) boot: efuse block revision: v1.3[0m
[0;32mI (33) boot.esp32s3: Boot SPI Speed : 80MHz[0m
[0;32mI (37) boot.esp32s3: SPI Mode       : DIO[0m
[0;32mI (40) boot.esp32s3: SPI Flash Size : 8MB[0m
[0;32mI (44) boot: Enabling RNG early entropy source...[0m
[0;32mI (49) boot: Partition Table:[0m
[0;32mI (51) boot: ## Label            Usage          Type ST Offset   Length[0m
[0;32mI (58) boot:  0 nvs              WiFi data        01 02 00009000 00006000[0m
[0;32mI (64) boot:  1 phy_init         RF data          01 01 0000f000 00001000[0m
[0;32mI (71) boot:  2 factory          factory app      00 00 00010000 00100000[0m
[0;32mI (77) boot: End of partition table[0m
[0;32mI (80) esp_image: segment 0: paddr=00010020 vaddr=3c040020 size=10764h ( 67428) map[0m
[0;32mI (100) esp_image: segment 1: paddr=0002078c vaddr=3fc92600 size=02aa0h ( 10912) load[0m
[0;32mI (102) esp_image: segment 2: paddr=00023234 vaddr=40374000 size=0cde4h ( 52708) load[0m
[0;32mI (115) esp_image: segment 3: paddr=00030020 vaddr=42000020 size=37044h (225348) map[0m
[0;32mI (156) esp_image: segment 4: paddr=0006706c vaddr=40380de4 size=017b4h (  6068) load[0m
[0;32mI (158) esp_image: segment 5: paddr=00068828 vaddr=600fe100 size=0001ch (    28) load[0m
[0;32mI (165) boot: Loaded app from partition at offset 0x10000[0m
[0;32mI (165) boot: Disabling RNG early entropy source...[0m
[0;32mI (181) cpu_start: Multicore app[0m
[0;32mI (190) cpu_start: Pro cpu start user code[0m
[0;32mI (190) cpu_start: cpu freq: 240000000 Hz[0m
[0;32mI (191) app_init: Application information:[0m
[0;32mI (191) app_init: Project name:     Programmerbar_last[0m
[0;32mI (195) app_init: App version:      a4e8186-dirty[0m
[0;32mI (199) app_init: Compile time:     Mar  3 2025 17:10:58[0m
[0;32mI (204) app_init: ELF file SHA256:  7aebd7b42...[0m
[0;32mI (209) app_init: ESP-IDF:          v5.4[0m
[0;32mI (212) efuse_init: Min chip rev:     v0.0[0m
[0;32mI (216) efuse_init: Max chip rev:     v0.99 [0m
[0;32mI (220) efuse_init: Chip rev:         v0.2[0m
[0;32mI (224) heap_init: Initializing. RAM available for dynamic allocation:[0m
[0;32mI (230) heap_init: At 3FC96660 len 000530B0 (332 KiB): RAM[0m
[0;32mI (235) heap_init: At 3FCE9710 len 00005724 (21 KiB): RAM[0m
[0;32mI (241) heap_init: At 3FCF0000 len 00008000 (32 KiB): DRAM[0m
[0;32mI (246) heap_init: At 600FE11C len 00001ECC (7 KiB): RTCRAM[0m
[0;32mI (252) spi_flash: detected chip: gd[0m
[0;32mI (254) spi_flash: flash io: dio[0m
[0;32mI (258) sleep_gpio: Configure to isolate all GPIO pins in sleep state[0m
[0;32mI (264) sleep_gpio: Enable automatic switching of GPIO sleep configuration[0m
[0;32mI (271) main_task: Started on CPU0[0m
[0;32mI (281) main_task: Calling app_main()[0m
[0;32mI (281) RTC_TIME: Initialising SNTP[0m

assert failed: tcpip_callback /IDF/components/lwip/lwip/src/api/tcpip.c:318 (Invalid mbox)


Backtrace: 0x40375aa5:0x3fc9aee0 0x40379c5d:0x3fc9af00 0x403805dd:0x3fc9af20 0x4200cfd1:0x3fc9b040 0x4200cf7c:0x3fc9b060 0x4200aa48:0x3fc9b080 0x4037a561:0x3fc9b120




ELF file SHA256: 7aebd7b42

Rebooting...
ESP-ROM:esp32s3-20210327
Build:Mar 27 2021
rst:0xc (RTC_SW_CPU_RST),boot:0x8 (SPI_FAST_FLASH_BOOT)
Saved PC:0x403759e4
SPIWP:0xee
mode:DIO, clock div:1
load:0x3fce2810,len:0x15a0
load:0x403c8700,len:0x4
load:0x403c8704,len:0xd20
load:0x403cb700,len:0x2ee4
entry 0x403c8928
[0;32mI (26) boot: ESP-IDF v5.4 2nd stage bootloader[0m
[0;32mI (26) boot: compile time Mar  3 2025 17:12:26[0m
[0;32mI (27) boot: Multicore bootloader[0m
[0;32mI (27) boot: chip revision: v0.2[0m
[0;32mI (29) boot: efuse block revision: v1.3[0m
[0;32mI (33) boot.esp32s3: Boot SPI Speed : 80MHz[0m
[0;32mI (36) boot.esp32s3: SPI Mode       : DIO[0m
[0;32mI (40) boot.esp32s3: SPI Flash Size : 8MB[0m
[0;32mI (44) boot: Enabling RNG early entropy source...[0m
[0;32mI (48) boot: Partition Table:[0m
[0;32mI (51) boot: ## Label            Usage          Type ST Offset   Length[0m
[0;32mI (57) boot:  0 nvs              WiFi data        01 02 00009000 00006000[0m
[0;32mI (64) boot:  1 phy_init         RF data          01 01 0000f000 00001000[0m
[0;32mI (70) boot:  2 factory          factory app      00 00 00010000 00100000[0m
[0;32mI (77) boot: End of partition table[0m
[0;32mI (80) esp_image: segment 0: paddr=00010020 vaddr=3c040020 size=10764h ( 67428) map[0m
[0;32mI (100) esp_image: segment 1: paddr=0002078c vaddr=3fc92600 size=02aa0h ( 10912) load[0m
[0;32mI (102) esp_image: segment 2: paddr=00023234 vaddr=40374000 size=0cde4h ( 52708) load[0m
[0;32mI (115) esp_image: segment 3: paddr=00030020 vaddr=42000020 size=37044h (225348) map[0m
[0;32mI (155) esp_image: segment 4: paddr=0006706c vaddr=40380de4 size=017b4h (  6068) load[0m
[0;32mI (157) esp_image: segment 5: paddr=00068828 vaddr=600fe100 size=0001ch (    28) load[0m
[0;32mI (165) boot: Loaded app from partition at offset 0x10000[0m
[0;32mI (165) boot: Disabling RNG early entropy source...[0m
[0;32mI (180) cpu_start: Multicore app[0m
[0;32mI (190) cpu_start: Pro cpu start user code[0m
[0;32mI (190) cpu_start: cpu freq: 240000000 Hz[0m
[0;32mI (190) app_init: Application information:[0m
[0;32mI (190) app_init: Project name:     Programmerbar_last[0m
[0;32mI (195) app_init: App version:      a4e8186-dirty[0m
[0;32mI (199) app_init: Compile time:     Mar  3 2025 17:10:58[0m
[0;32mI (204) app_init: ELF file SHA256:  7aebd7b42...[0m
[0;32mI (208) app_init: ESP-IDF:          v5.4[0m
[0;32mI (212) efuse_init: Min chip rev:     v0.0[0m
[0;32mI (216) efuse_init: Max chip rev:     v0.99 [0m
[0;32mI (220) efuse_init: Chip rev:         v0.2[0m
[0;32mI (224) heap_init: Initializing. RAM available for dynamic allocation:[0m
[0;32mI (230) heap_init: At 3FC96660 len 000530B0 (332 KiB): RAM[0m
[0;32mI (235) heap_init: At 3FCE9710 len 00005724 (21 KiB): RAM[0m
[0;32mI (240) heap_init: At 3FCF0000 len 00008000 (32 KiB): DRAM[0m
[0;32mI (245) heap_init: At 600FE11C len 00001ECC (7 KiB): RTCRAM[0m
[0;32mI (252) spi_flash: detected chip: gd[0m
[0;32mI (254) spi_flash: flash io: dio[0m
[0;32mI (257) sleep_gpio: Configure to isolate all GPIO pins in sleep state[0m
[0;32mI (263) sleep_gpio: Enable automatic switching of GPIO sleep configuration[0m
[0;32mI (270) main_task: Started on CPU0[0m
[0;32mI (280) main_task: Calling app_main()[0m
[0;32mI (280) RTC_TIME: Initialising SNTP[0m

assert failed: tcpip_callback /IDF/components/lwip/lwip/src/api/tcpip.c:318 (Invalid mbox)


Backtrace: 0x40375aa5:0x3fc9aee0 0x40379c5d:0x3fc9af00 0x403805dd:0x3fc9af20 0x4200cfd1:0x3fc9b040 0x4200cf7c:0x3fc9b060 0x4200aa48:0x3fc9b080 0x4037a561:0x3fc9b120




ELF file SHA256: 7aebd7b42

Rebooting...
ESP-ROM:esp32s3-20210327
Build:Mar 27 2021
rst:0xc (RTC_SW_CPU_RST),boot:0x8 (SPI_FAST_FLASH_BOOT)
Saved PC:0x403759e4
SPIWP:0xee
mode:DIO, clock div:1
load:0x3fce2810,len:0x15a0
load:0x403c8700,len:0x4
load:0x403c8704,len:0xd20
load:0x403cb700,len:0x2ee4
entry 0x403c8928
[0;32mI (26) boot: ESP-IDF v5.4 2nd stage bootloader[0m
[0;32mI (26) boot: compile time Mar  3 2025 17:12:26[0m
[0;32mI (27) boot: Multicore bootloader[0m
[0;32mI (27) boot: chip revision: v0.2[0m
[0;32mI (29) boot: efuse block revision: v1.3[0m
[0;32mI (33) boot.esp32s3: Boot SPI Speed : 80MHz[0m
[0;32mI (37) boot.esp32s3: SPI Mode       : DIO[0m
[0;32mI (40) boot.esp32s3: SPI Flash Size : 8MB[0m
[0;32mI (44) boot: Enabling RNG early entropy source...[0m
[0;32mI (49) boot: Partition Table:[0m
[0;32mI (51) boot: ## Label            Usage          Type ST Offset   Length[0m
[0;32mI (58) boot:  0 nvs              WiFi data        01 02 00009000 00006000[0m
[0;32mI (64) boot:  1 phy_init         RF data          01 01 0000f000 00001000[0m
[0;32mI (71) boot:  2 factory          factory app      00 00 00010000 00100000[0m
[0;32mI (77) boot: End of partition table[0m
[0;32mI (80) esp_image: segment 0: paddr=00010020 vaddr=3c040020 size=10764h ( 67428) map[0m
[0;32mI (100) esp_image: segment 1: paddr=0002078c vaddr=3fc92600 size=02aa0h ( 10912) load[0m
[0;32mI (102) esp_image: segment 2: paddr=00023234 vaddr=40374000 size=0cde4h ( 52708) load[0m
[0;32mI (115) esp_image: segment 3: paddr=00030020 vaddr=42000020 size=37044h (225348) map[0m
[0;32mI (156) esp_image: segment 4: paddr=0006706c vaddr=40380de4 size=017b4h (  6068) load[0m
[0;32mI (158) esp_image: segment 5: paddr=00068828 vaddr=600fe100 size=0001ch (    28) load[0m
[0;32mI (165) boot: Loaded app from partition at offset 0x10000[0m
[0;32mI (165) boot: Disabling RNG early entropy source...[0m
[0;32mI (181) cpu_start: Multicore app[0m
[0;32mI (190) cpu_start: Pro cpu start user code[0m
[0;32mI (190) cpu_start: cpu freq: 240000000 Hz[0m
[0;32mI (191) app_init: Application information:[0m
[0;32mI (191) app_init: Project name:     Programmerbar_last[0m
[0;32mI (195) app_init: App version:      a4e8186-dirty[0m
[0;32mI (199) app_init: Compile time:     Mar  3 2025 17:10:58[0m
[0;32mI (204) app_init: ELF file SHA256:  7aebd7b42...[0m
[0;32mI (209) app_init: ESP-IDF:          v5.4[0m
[0;32mI (212) efuse_init: Min chip rev:     v0.0[0m
[0;32mI (216) efuse_init: Max chip rev:     v0.99 [0m
[0;32mI (220) efuse_init: Chip rev:         v0.2[0m
[0;32mI (224) heap_init: Initializing. RAM available for dynamic allocation:[0m
[0;32mI (230) heap_init: At 3FC96660 len 000530B0 (332 KiB): RAM[0m
[0;32mI (235) heap_init: At 3FCE9710 len 00005724 (21 KiB): RAM[0m
[0;32mI (241) heap_init: At 3FCF0000 len 00008000 (32 KiB): DRAM[0m
[0;32mI (246) heap_init: At 600FE11C len 00001ECC (7 KiB): RTCRAM[0m
[0;32mI (252) spi_flash: detected chip: gd[0m
[0;32mI (254) spi_flash: flash io: dio[0m
[0;32mI (258) sleep_gpio: Configure to isolate all GPIO pins in sleep state[0m
[0;32mI (264) sleep_gpio: Enable automatic switching of GPIO sleep configuration[0m
[0;32mI (271) main_task: Started on CPU0[0m
[0;32mI (281) main_task: Calling app_main()[0m
[0;32mI (281) RTC_TIME: Initialising SNTP[0m

assert failed: tcpip_callback /IDF/components/lwip/lwip/src/api/tcpip.c:318 (Invalid mbox)


Backtrace: 0x40375aa5:0x3fc9aee0 0x40379c5d:0x3fc9af00 0x403805dd:0x3fc9af20 0x4200cfd1:0x3fc9b040 0x4200cf7c:0x3fc9b060 0x4200aa48:0x3fc9b080 0x4037a561:0x3fc9b120




ELF file SHA256: 7aebd7b42

Rebooting...
ESP-ROM:esp32s3-20210327
Build:Mar 27 2021
rst:0xc (RTC_SW_CPU_RST),boot:0x8 (SPI_FAST_FLASH_BOOT)
Saved PC:0x403759e4
SPIWP:0xee
mode:DIO, clock div:1
load:0x3fce2810,len:0x15a0
load:0x403c8700,len:0x4
load:0x403c8704,len:0xd20
load:0x403cb700,len:0x2ee4
entry 0x403c8928
[0;32mI (26) boot: ESP-IDF v5.4 2nd stage bootloader[0m
[0;32mI (26) boot: compile time Mar  3 2025 17:12:26[0m
[0;32mI (27) boot: Multicore bootloader[0m
[0;32mI (27) boot: chip revision: v0.2[0m
[0;32mI (29) boot: efuse block revision: v1.3[0m
[0;32mI (33) boot.esp32s3: Boot SPI Speed : 80MHz[0m
[0;32mI (36) boot.esp32s3: SPI Mode       : DIO[0m
[0;32mI (40) boot.esp32s3: SPI Flash Size : 8MB[0m
[0;32mI (44) boot: Enabling RNG early entropy source...[0m
[0;32mI (48) boot: Partition Table:[0m
[0;32mI (51) boot: ## Label            Usage          Type ST Offset   Length[0m
[0;32mI (57) boot:  0 nvs              WiFi data        01 02 00009000 00006000[0m
[0;32mI (64) boot:  1 phy_init         RF data          01 01 0000f000 00001000[0m
[0;32mI (70) boot:  2 factory          factory app      00 00 00010000 00100000[0m
[0;32mI (77) boot: End of partition table[0m
[0;32mI (80) esp_image: segment 0: paddr=00010020 vaddr=3c040020 size=10764h ( 67428) map[0m
[0;32mI (100) esp_image: segment 1: paddr=0002078c vaddr=3fc92600 size=02aa0h ( 10912) load[0m
[0;32mI (102) esp_image: segment 2: paddr=00023234 vaddr=40374000 size=0cde4h ( 52708) load[0m
[0;32mI (115) esp_image: segment 3: paddr=00030020 vaddr=42000020 size=37044h (225348) map[0m
[0;32mI (155) esp_image: segment 4: paddr=0006706c vaddr=40380de4 size=017b4h (  6068) load[0m
[0;32mI (157) esp_image: segment 5: paddr=00068828 vaddr=600fe100 size=0001ch (    28) load[0m
[0;32mI (165) boot: Loaded app from partition at offset 0x10000[0m
[0;32mI (165) boot: Disabling RNG early entropy source...[0m
[0;32mI (180) cpu_start: Multicore app[0m
[0;32mI (190) cpu_start: Pro cpu start user code[0m
[0;32mI (190) cpu_start: cpu freq: 240000000 Hz[0m
[0;32mI (190) app_init: Application information:[0m
[0;32mI (190) app_init: Project name:     Programmerbar_last[0m
[0;32mI (195) app_init: App version:      a4e8186-dirty[0m
[0;32mI (199) app_init: Compile time:     Mar  3 2025 17:10:58[0m
[0;32mI (204) app_init: ELF file SHA256:  7aebd7b42...[0m
[0;32mI (208) app_init: ESP-IDF:          v5.4[0m
[0;32mI (212) efuse_init: Min chip rev:     v0.0[0m
[0;32mI (216) efuse_init: Max chip rev:     v0.99 [0m
[0;32mI (220) efuse_init: Chip rev:         v0.2[0m
[0;32mI (224) heap_init: Initializing. RAM available for dynamic allocation:[0m
[0;32mI (230) heap_init: At 3FC96660 len 000530B0 (332 KiB): RAM[0m
[0;32mI (235) heap_init: At 3FCE9710 len 00005724 (21 KiB): RAM[0m
[0;32mI (240) heap_init: At 3FCF0000 len 00008000 (32 KiB): DRAM[0m
[0;32mI (245) heap_init: At 600FE11C len 00001ECC (7 KiB): RTCRAM[0m
[0;32mI (252) spi_flash: detected chip: gd[0m
[0;32mI (254) spi_flash: flash io: dio[0m
[0;32mI (257) sleep_gpio: Configure to isolate all GPIO pins in sleep state[0m
[0;32mI (263) sleep_gpio: Enable automatic switching of GPIO sleep configuration[0m
[0;32mI (270) main_task: Started on CPU0[0m
[0;32mI (280) main_task: Calling app_main()[0m
[0;32mI (280) RTC_TIME: Initialising SNTP[0m

assert failed: tcpip_callback /IDF/components/lwip/lwip/src/api/tcpip.c:318 (Invalid mbox)


Backtrace: 0x40375aa5:0x3fc9aee0 0x40379c5d:0x3fc9af00 0x403805dd:0x3fc9af20 0x4200cfd1:0x3fc9b040 0x4200cf7c:0x3fc9b060 0x4200aa48:0x3fc9b080 0x4037a561:0x3fc9b120




ELF file SHA256: 7aebd7b42

Rebooting...
ESP-ROM:esp32s3-20210327
Build:Mar 27 2021
rst:0xc (RTC_SW_CPU_RST),boot:0x8 (SPI_FAST_FLASH_BOOT)
Saved PC:0x403759e4
SPIWP:0xee
mode:DIO, clock div:1
load:0x3fce2810,len:0x15a0
load:0x403c8700,len:0x4
load:0x403c8704,len:0xd20
load:0x403cb700,len:0x2ee4
entry 0x403c8928
[0;32mI (26) boot: ESP-IDF v5.4 2nd stage bootloader[0m
[0;32mI (26) boot: compile time Mar  3 2025 17:12:26[0m
[0;32mI (27) boot: Multicore bootloader[0m
[0;32mI (27) boot: chip revision: v0.2[0m
[0;32mI (29) boot: efuse block revision: v1.3[0m
[0;32mI (33) boot.esp32s3: Boot SPI Speed : 80MHz[0m
[0;32mI (37) boot.esp32s3: SPI Mode       : DIO[0m
[0;32mI (40) boot.esp32s3: SPI Flash Size : 8MB[0m
[0;32mI (44) boot: Enabling RNG early entropy source...[0m
[0;32mI (49) boot: Partition Table:[0m
[0;32mI (51) boot: ## Label            Usage          Type ST Offset   Length[0m
[0;32mI (58) boot:  0 nvs              WiFi data        01 02 00009000 00006000[0m
[0;32mI (64) boot:  1 phy_init         RF data          01 01 0000f000 00001000[0m
[0;32mI (71) boot:  2 factory          factory app      00 00 00010000 00100000[0m
[0;32mI (77) boot: End of partition table[0m
[0;32mI (80) esp_image: segment 0: paddr=00010020 vaddr=3c040020 size=10764h ( 67428) map[0m
[0;32mI (100) esp_image: segment 1: paddr=0002078c vaddr=3fc92600 size=02aa0h ( 10912) load[0m
[0;32mI (102) esp_image: segment 2: paddr=00023234 vaddr=40374000 size=0cde4h ( 52708) load[0m
[0;32mI (115) esp_image: segment 3: paddr=00030020 vaddr=42000020 size=37044h (225348) map[0m
[0;32mI (156) esp_image: segment 4: paddr=0006706c vaddr=40380de4 size=017b4h (  6068) load[0m
[0;32mI (158) esp_image: segment 5: paddr=00068828 vaddr=600fe100 size=0001ch (    28) load[0m
[0;32mI (165) boot: Loaded app from partition at offset 0x10000[0m
[0;32mI (165) boot: Disabling RNG early entropy source...[0m
[0;32mI (181) cpu_start: Multicore app[0m
[0;32mI (190) cpu_start: Pro cpu start user code[0m
[0;32mI (190) cpu_start: cpu freq: 240000000 Hz[0m
[0;32mI (190) app_init: Application information:[0m
[0;32mI (191) app_init: Project name:     Programmerbar_last[0m
[0;32mI (195) app_init: App version:      a4e8186-dirty[0m
[0;32mI (199) app_init: Compile time:     Mar  3 2025 17:10:58[0m
[0;32mI (204) app_init: ELF file SHA256:  7aebd7b42...[0m
[0;32mI (209) app_init: ESP-IDF:          v5.4[0m
[0;32mI (212) efuse_init: Min chip rev:     v0.0[0m
[0;32mI (216) efuse_init: Max chip rev:     v0.99 [0m
[0;32mI (220) efuse_init: Chip rev:         v0.2[0m
[0;32mI (224) heap_init: Initializing. RAM available for dynamic allocation:[0m
[0;32mI (230) heap_init: At 3FC96660 len 000530B0 (332 KiB): RAM[0m
[0;32mI (235) heap_init: At 3FCE9710 len 00005724 (21 KiB): RAM[0m
[0;32mI (241) heap_init: At 3FCF0000 len 00008000 (32 KiB): DRAM[0m
[0;32mI (246) heap_init: At 600FE11C len 00001ECC (7 KiB): RTCRAM[0m
[0;32mI (252) spi_flash: detected chip: gd[0m
[0;32mI (254) spi_flash: flash io: dio[0m
[0;32mI (258) sleep_gpio: Configure to isolate all GPIO pins in sleep state[0m
[0;32mI (264) sleep_gpio: Enable automatic switching of GPIO sleep configuration[0m
[0;32mI (271) main_task: Started on CPU0[0m
[0;32mI (281) main_task: Calling app_main()[0m
[0;32mI (281) RTC_TIME: Initialising SNTP[0m

assert failed: tcpip_callback /IDF/components/lwip/lwip/src/api/tcpip.c:318 (Invalid mbox)


Backtrace: 0x40375aa5:0x3fc9aee0 0x40379c5d:0x3fc9af00 0x403805dd:0x3fc9af20 0x4200cfd1:0x3fc9b040 0x4200cf7c:0x3fc9b060 0x4200aa48:0x3fc9b080 0x4037a561:0x3fc9b120




ELF file SHA256: 7aebd7b42

Rebooting...
ESP-ROM:esp32s3-20210327
Build:Mar 27 2021
rst:0xc (RTC_SW_CPU_RST),boot:0x8 (SPI_FAST_FLASH_BOOT)
Saved PC:0x403759e4
SPIWP:0xee
mode:DIO, clock div:1
load:0x3fce2810,len:0x15a0
load:0x403c8700,len:0x4
load:0x403c8704,len:0xd20
load:0x403cb700,len:0x2ee4
entry 0x403c8928
[0;32mI (26) boot: ESP-IDF v5.4 2nd stage bootloader[0m
[0;32mI (26) boot: compile time Mar  3 2025 17:12:26[0m
[0;32mI (27) boot: Multicore bootloader[0m
[0;32mI (27) boot: chip revision: v0.2[0m
[0;32mI (29) boot: efuse block revision: v1.3[0m
[0;32mI (33) boot.esp32s3: Boot SPI Speed : 80MHz[0m
[0;32mI (36) boot.esp32s3: SPI Mode       : DIO[0m
[0;32mI (40) boot.esp32s3: SPI Flash Size : 8MB[0m
[0;32mI (44) boot: Enabling RNG early entropy source...[0m
[0;32mI (48) boot: Partition Table:[0m
[0;32mI (51) boot: ## Label            Usage          Type ST Offset   Length[0m
[0;32mI (57) boot:  0 nvs              WiFi data        01 02 00009000 00006000[0m
[0;32mI (64) boot:  1 phy_init         RF data          01 01 0000f000 00001000[0m
[0;32mI (70) boot:  2 factory          factory app      00 00 00010000 00100000[0m
[0;32mI (77) boot: End of partition table[0m
[0;32mI (80) esp_image: segment 0: paddr=00010020 vaddr=3c040020 size=10764h ( 67428) map[0m
[0;32mI (100) esp_image: segment 1: paddr=0002078c vaddr=3fc92600 size=02aa0h ( 10912) load[0m
[0;32mI (102) esp_image: segment 2: paddr=00023234 vaddr=40374000 size=0cde4h ( 52708) load[0m
[0;32mI (115) esp_image: segment 3: paddr=00030020 vaddr=42000020 size=37044h (225348) map[0m
[0;32mI (155) esp_image: segment 4: paddr=0006706c vaddr=40380de4 size=017b4h (  6068) load[0m
[0;32mI (157) esp_image: segment 5: paddr=00068828 vaddr=600fe100 size=0001ch (    28) load[0m
[0;32mI (165) boot: Loaded app from partition at offset 0x10000[0m
[0;32mI (165) boot: Disabling RNG early entropy source...[0m
[0;32mI (180) cpu_start: Multicore app[0m
[0;32mI (190) cpu_start: Pro cpu start user code[0m
[0;32mI (190) cpu_start: cpu freq: 240000000 Hz[0m
[0;32mI (190) app_init: Application information:[0m
[0;32mI (190) app_init: Project name:     Programmerbar_last[0m
[0;32mI (195) app_init: App version:      a4e8186-dirty[0m
[0;32mI (199) app_init: Compile time:     Mar  3 2025 17:10:58[0m
[0;32mI (204) app_init: ELF file SHA256:  7aebd7b42...[0m
[0;32mI (208) app_init: ESP-IDF:          v5.4[0m
[0;32mI (212) efuse_init: Min chip rev:     v0.0[0m
[0;32mI (216) efuse_init: Max chip rev:     v0.99 [0m
[0;32mI (220) efuse_init: Chip rev:         v0.2[0m
[0;32mI (224) heap_init: Initializing. RAM available for dynamic allocation:[0m
[0;32mI (230) heap_init: At 3FC96660 len 000530B0 (332 KiB): RAM[0m
[0;32mI (235) heap_init: At 3FCE9710 len 00005724 (21 KiB): RAM[0m
[0;32mI (240) heap_init: At 3FCF0000 len 00008000 (32 KiB): DRAM[0m
[0;32mI (245) heap_init: At 600FE11C len 00001ECC (7 KiB): RTCRAM[0m
[0;32mI (252) spi_flash: detected chip: gd[0m
[0;32mI (254) spi_flash: flash io: dio[0m
[0;32mI (257) sleep_gpio: Configure to isolate all GPIO pins in sleep state[0m
[0;32mI (263) sleep_gpio: Enable automatic switching of GPIO sleep configuration[0m
[0;32mI (270) main_task: Started on CPU0[0m
[0;32mI (280) main_task: Calling app_main()[0m
[0;32mI (280) RTC_TIME: Initialising SNTP[0m

assert failed: tcpip_callback /IDF/components/lwip/lwip/src/api/tcpip.c:318 (Invalid mbox)


Backtrace: 0x40375aa5:0x3fc9aee0 0x40379c5d:0x3fc9af00 0x403805dd:0x3fc9af20 0x4200cfd1:0x3fc9b040 0x4200cf7c:0x3fc9b060 0x4200aa48:0x3fc9b080 0x4037a561:0x3fc9b120




ELF file SHA256: 7aebd7b42

Rebooting...
ESP-ROM:esp32s3-20210327
Build:Mar 27 2021
rst:0xc (RTC_SW_CPU_RST),boot:0x8 (SPI_FAST_FLASH_BOOT)
Saved PC:0x403759e4
SPIWP:0xee
mode:DIO, clock div:1
load:0x3fce2810,len:0x15a0
load:0x403c8700,len:0x4
load:0x403c8704,len:0xd20
load:0x403cb700,len:0x2ee4
entry 0x403c8928
[0;32mI (26) boot: ESP-IDF v5.4 2nd stage bootloader[0m
[0;32mI (26) boot: compile time Mar  3 2025 17:12:26[0m
[0;32mI (27) boot: Multicore bootloader[0m
[0;32mI (27) boot: chip revision: v0.2[0m
[0;32mI (29) boot: efuse block revision: v1.3[0m
[0;32mI (33) boot.esp32s3: Boot SPI Speed : 80MHz[0m
[0;32mI (37) boot.esp32s3: SPI Mode       : DIO[0m
[0;32mI (40) boot.esp32s3: SPI Flash Size : 8MB[0m
[0;32mI (44) boot: Enabling RNG early entropy source...[0m
[0;32mI (49) boot: Partition Table:[0m
[0;32mI (51) boot: ## Label            Usage          Type ST Offset   Length[0m
[0;32mI (57) boot:  0 nvs              WiFi data        01 02 00009000 00006000[0m
[0;32mI (64) boot:  1 phy_init         RF data          01 01 0000f000 00001000[0m
[0;32mI (70) boot:  2 factory          factory app      00 00 00010000 00100000[0m
[0;32mI (77) boot: End of partition table[0m
[0;32mI (80) esp_image: segment 0: paddr=00010020 vaddr=3c040020 size=10764h ( 67428) map[0m
[0;32mI (100) esp_image: segment 1: paddr=0002078c vaddr=3fc92600 size=02aa0h ( 10912) load[0m
[0;32mI (102) esp_image: segment 2: paddr=00023234 vaddr=40374000 size=0cde4h ( 52708) load[0m
[0;32mI (115) esp_image: segment 3: paddr=00030020 vaddr=42000020 size=37044h (225348) map[0m
[0;32mI (156) esp_image: segment 4: paddr=0006706c vaddr=40380de4 size=017b4h (  6068) load[0m
[0;32mI (158) esp_image: segment 5: paddr=00068828 vaddr=600fe100 size=0001ch (    28) load[0m
[0;32mI (165) boot: Loaded app from partition at offset 0x10000[0m
[0;32mI (165) boot: Disabling RNG early entropy source...[0m
[0;32mI (181) cpu_start: Multicore app[0m
[0;32mI (190) cpu_start: Pro cpu start user code[0m
[0;32mI (190) cpu_start: cpu freq: 240000000 Hz[0m
[0;32mI (190) app_init: Application information:[0m
[0;32mI (191) app_init: Project name:     Programmerbar_last[0m
[0;32mI (195) app_init: App version:      a4e8186-dirty[0m
[0;32mI (199) app_init: Compile time:     Mar  3 2025 17:10:58[0m
[0;32mI (204) app_init: ELF file SHA256:  7aebd7b42...[0m
[0;32mI (209) app_init: ESP-IDF:          v5.4[0m
[0;32mI (212) efuse_init: Min chip rev:     v0.0[0m
[0;32mI (216) efuse_init: Max chip rev:     v0.99 [0m
[0;32mI (220) efuse_init: Chip rev:         v0.2[0m
[0;32mI (224) heap_init: Initializing. RAM available for dynamic allocation:[0m
[0;32mI (230) heap_init: At 3FC96660 len 000530B0 (332 KiB): RAM[0m
[0;32mI (235) heap_init: At 3FCE9710 len 00005724 (21 KiB): RAM[0m
[0;32mI (241) heap_init: At 3FCF0000 len 00008000 (32 KiB): DRAM[0m
[0;32mI (246) heap_init: At 600FE11C len 00001ECC (7 KiB): RTCRAM[0m
[0;32mI (252) spi_flash: detected chip: gd[0m
[0;32mI (254) spi_flash: flash io: dio[0m
[0;32mI (257) sleep_gpio: Configure to isolate all GPIO pins in sleep state[0m
[0;32mI (264) sleep_gpio: Enable automatic switching of GPIO sleep configuration[0m
[0;32mI (270) main_task: Started on CPU0[0m
[0;32mI (280) main_task: Calling app_main()[0m
[0;32mI (280) RTC_TIME: Initialising SNTP[0m

assert failed: tcpip_callback /IDF/components/lwip/lwip/src/api/tcpip.c:318 (Invalid mbox)


Backtrace: 0x40375aa5:0x3fc9aee0 0x40379c5d:0x3fc9af00 0x403805dd:0x3fc9af20 0x4200cfd1:0x3fc9b040 0x4200cf7c:0x3fc9b060 0x4200aa48:0x3fc9b080 0x4037a561:0x3fc9b120




ELF file SHA256: 7aebd7b42

Rebooting...
ESP-ROM:esp32s3-20210327
Build:Mar 27 2021
rst:0xc (RTC_SW_CPU_RST),boot:0x8 (SPI_FAST_FLASH_BOOT)
Saved PC:0x403759e4
SPIWP:0xee
mode:DIO, clock div:1
load:0x3fce2810,len:0x15a0
load:0x403c8700,len:0x4
load:0x403c8704,len:0xd20
load:0x403cb700,len:0x2ee4
entry 0x403c8928
[0;32mI (26) boot: ESP-IDF v5.4 2nd stage bootloader[0m
[0;32mI (26) boot: compile time Mar  3 2025 17:12:26[0m
[0;32mI (27) boot: Multicore bootloader[0m
[0;32mI (27) boot: chip revision: v0.2[0m
[0;32mI (29) boot: efuse block revision: v1.3[0m
[0;32mI (33) boot.esp32s3: Boot SPI Speed : 80MHz[0m
[0;32mI (36) boot.esp32s3: SPI Mode       : DIO[0m
[0;32mI (40) boot.esp32s3: SPI Flash Size : 8MB[0m
[0;32mI (44) boot: Enabling RNG early entropy source...[0m
[0;32mI (48) boot: Partition Table:[0m
[0;32mI (51) boot: ## Label            Usage          Type ST Offset   Length[0m
[0;32mI (57) boot:  0 nvs              WiFi data        01 02 00009000 00006000[0m
[0;32mI (64) boot:  1 phy_init         RF data          01 01 0000f000 00001000[0m
[0;32mI (70) boot:  2 factory          factory app      00 00 00010000 00100000[0m
[0;32mI (77) boot: End of partition table[0m
[0;32mI (80) esp_image: segment 0: paddr=00010020 vaddr=3c040020 size=10764h ( 67428) map[0m
[0;32mI (100) esp_image: segment 1: paddr=0002078c vaddr=3fc92600 size=02aa0h ( 10912) load[0m
[0;32mI (102) esp_image: segment 2: paddr=00023234 vaddr=40374000 size=0cde4h ( 52708) load[0m
[0;32mI (115) esp_image: segment 3: paddr=00030020 vaddr=42000020 size=37044h (225348) map[0m
[0;32mI (155) esp_image: segment 4: paddr=0006706c vaddr=40380de4 size=017b4h (  6068) load[0m
[0;32mI (158) esp_image: segment 5: paddr=00068828 vaddr=600fe100 size=0001ch (    28) load[0m
[0;32mI (165) boot: Loaded app from partition at offset 0x10000[0m
[0;32mI (165) boot: Disabling RNG early entropy source...[0m
[0;32mI (181) cpu_start: Multicore app[0m
[0;32mI (190) cpu_start: Pro cpu start user code[0m
[0;32mI (190) cpu_start: cpu freq: 240000000 Hz[0m
[0;32mI (190) app_init: Application information:[0m
[0;32mI (191) app_init: Project name:     Programmerbar_last[0m
[0;32mI (195) app_init: App version:      a4e8186-dirty[0m
[0;32mI (199) app_init: Compile time:     Mar  3 2025 17:10:58[0m
[0;32mI (204) app_init: ELF file SHA256:  7aebd7b42...[0m
[0;32mI (208) app_init: ESP-IDF:          v5.4[0m
[0;32mI (212) efuse_init: Min chip rev:     v0.0[0m
[0;32mI (216) efuse_init: Max chip rev:     v0.99 [0m
[0;32mI (220) efuse_init: Chip rev:         v0.2[0m
[0;32mI (224) heap_init: Initializing. RAM available for dynamic allocation:[0m
[0;32mI (230) heap_init: At 3FC96660 len 000530B0 (332 KiB): RAM[0m
[0;32mI (235) heap_init: At 3FCE9710 len 00005724 (21 KiB): RAM[0m
[0;32mI (240) heap_init: At 3FCF0000 len 00008000 (32 KiB): DRAM[0m
[0;32mI (246) heap_init: At 600FE11C len 00001ECC (7 KiB): RTCRAM[0m
[0;32mI (252) spi_flash: detected chip: gd[0m
[0;32mI (254) spi_flash: flash io: dio[0m
[0;32mI (257) sleep_gpio: Configure to isolate all GPIO pins in sleep state[0m
[0;32mI (263) sleep_gpio: Enable automatic switching of GPIO sleep configuration[0m
[0;32mI (270) main_task: Started on CPU0[0m
[0;32mI (280) main_task: Calling app_main()[0m
[0;32mI (280) RTC_TIME: Initialising SNTP[0m

assert failed: tcpip_callback /IDF/components/lwip/lwip/src/api/tcpip.c:318 (Invalid mbox)


Backtrace: 0x40375aa5:0x3fc9aee0 0x40379c5d:0x3fc9af00 0x403805dd:0x3fc9af20 0x4200cfd1:0x3fc9b040 0x4200cf7c:0x3fc9b060 0x4200aa48:0x3fc9b080 0x4037a561:0x3fc9b120




ELF file SHA256: 7aebd7b42

Rebooting...
ESP-ROM:esp32s3-20210327
Build:Mar 27 2021
rst:0xc (RTC_SW_CPU_RST),boot:0x8 (SPI_FAST_FLASH_BOOT)
Saved PC:0x403759e4
SPIWP:0xee
mode:DIO, clock div:1
load:0x3fce2810,len:0x15a0
load:0x403c8700,len:0x4
load:0x403c8704,len:0xd20
load:0x403cb700,len:0x2ee4
entry 0x403c8928
[0;32mI (26) boot: ESP-IDF v5.4 2nd stage bootloader[0m
[0;32mI (26) boot: compile time Mar  3 2025 17:12:26[0m
[0;32mI (27) boot: Multicore bootloader[0m
[0;32mI (27) boot: chip revision: v0.2[0m
[0;32mI (29) boot: efuse block revision: v1.3[0m
[0;32mI (33) boot.esp32s3: Boot SPI Speed : 80MHz[0m
[0;32mI (37) boot.esp32s3: SPI Mode       : DIO[0m
[0;32mI (40) boot.esp32s3: SPI Flash Size : 8MB[0m
[0;32mI (44) boot: Enabling RNG early entropy source...[0m
[0;32mI (49) boot: Partition Table:[0m
[0;32mI (51) boot: ## Label            Usage          Type ST Offset   Length[0m
[0;32mI (57) boot:  0 nvs              WiFi data        01 02 00009000 00006000[0m
[0;32mI (64) boot:  1 phy_init         RF data          01 01 0000f000 00001000[0m
[0;32mI (70) boot:  2 factory          factory app      00 00 00010000 00100000[0m
[0;32mI (77) boot: End of partition table[0m
[0;32mI (80) esp_image: segment 0: paddr=00010020 vaddr=3c040020 size=10764h ( 67428) map[0m
[0;32mI (100) esp_image: segment 1: paddr=0002078c vaddr=3fc92600 size=02aa0h ( 10912) load[0m
[0;32mI (102) esp_image: segment 2: paddr=00023234 vaddr=40374000 size=0cde4h ( 52708) load[0m
[0;32mI (115) esp_image: segment 3: paddr=00030020 vaddr=42000020 size=37044h (225348) map[0m
[0;32mI (156) esp_image: segment 4: paddr=0006706c vaddr=40380de4 size=017b4h (  6068) load[0m
[0;32mI (158) esp_image: segment 5: paddr=00068828 vaddr=600fe100 size=0001ch (    28) load[0m
[0;32mI (165) boot: Loaded app from partition at offset 0x10000[0m
[0;32mI (165) boot: Disabling RNG early entropy source...[0m
[0;32mI (181) cpu_start: Multicore app[0m
[0;32mI (190) cpu_start: Pro cpu start user code[0m
[0;32mI (190) cpu_start: cpu freq: 240000000 Hz[0m
[0;32mI (190) app_init: Application information:[0m
[0;32mI (190) app_init: Project name:     Programmerbar_last[0m
[0;32mI (195) app_init: App version:      a4e8186-dirty[0m
[0;32mI (199) app_init: Compile time:     Mar  3 2025 17:10:58[0m
[0;32mI (204) app_init: ELF file SHA256:  7aebd7b42...[0m
[0;32mI (209) app_init: ESP-IDF:          v5.4[0m
[0;32mI (212) efuse_init: Min chip rev:     v0.0[0m
[0;32mI (216) efuse_init: Max chip rev:     v0.99 [0m
[0;32mI (220) efuse_init: Chip rev:         v0.2[0m
[0;32mI (224) heap_init: Initializing. RAM available for dynamic allocation:[0m
[0;32mI (230) heap_init: At 3FC96660 len 000530B0 (332 KiB): RAM[0m
[0;32mI (235) heap_init: At 3FCE9710 len 00005724 (21 KiB): RAM[0m
[0;32mI (241) heap_init: At 3FCF0000 len 00008000 (32 KiB): DRAM[0m
[0;32mI (246) heap_init: At 600FE11C len 00001ECC (7 KiB): RTCRAM[0m
[0;32mI (252) spi_flash: detected chip: gd[0m
[0;32mI (254) spi_flash: flash io: dio[0m
[0;32mI (257) sleep_gpio: Configure to isolate all GPIO pins in sleep state[0m
[0;32mI (264) sleep_gpio: Enable automatic switching of GPIO sleep configuration[0m
[0;32mI (270) main_task: Started on CPU0[0m
[0;32mI (280) main_task: Calling app_main()[0m
[0;32mI (280) RTC_TIME: Initialising SNTP[0m

assert failed: tcpip_callback /IDF/components/lwip/lwip/src/api/tcpip.c:318 (Invalid mbox)


Backtrace: 0x40375aa5:0x3fc9aee0 0x40379c5d:0x3fc9af00 0x403805dd:0x3fc9af20 0x4200cfd1:0x3fc9b040 0x4200cf7c:0x3fc9b060 0x4200aa48:0x3fc9b080 0x4037a561:0x3fc9b120




ELF file SHA256: 7aebd7b42

Rebooting...
ESP-ROM:esp32s3-20210327
Build:Mar 27 2021
rst:0xc (RTC_SW_CPU_RST),boot:0x8 (SPI_FAST_FLASH_BOOT)
Saved PC:0x403759e4
SPIWP:0xee
mode:DIO, clock div:1
load:0x3fce2810,len:0x15a0
load:0x403c8700,len:0x4
load:0x403c8704,len:0xd20
load:0x403cb700,len:0x2ee4
entry 0x403c8928
[0;32mI (26) boot: ESP-IDF v5.4 2nd stage bootloader[0m
[0;32mI (26) boot: compile time Mar  3 2025 17:12:26[0m
[0;32mI (27) boot: Multicore bootloader[0m
[0;32mI (27) boot: chip revision: v0.2[0m
[0;32mI (29) boot: efuse block revision: v1.3[0m
[0;32mI (33) boot.esp32s3: Boot SPI Speed : 80MHz[0m
[0;32mI (36) boot.esp32s3: SPI Mode       : DIO[0m
[0;32mI (40) boot.esp32s3: SPI Flash Size : 8MB[0m
[0;32mI (44) boot: Enabling RNG early entropy source...[0m
[0;32mI (48) boot: Partition Table:[0m
[0;32mI (51) boot: ## Label            Usage          Type ST Offset   Length[0m
[0;32mI (57) boot:  0 nvs              WiFi data        01 02 00009000 00006000[0m
[0;32mI (64) boot:  1 phy_init         RF data          01 01 0000f000 00001000[0m
[0;32mI (70) boot:  2 factory          factory app      00 00 00010000 00100000[0m
[0;32mI (77) boot: End of partition table[0m
[0;32mI (80) esp_image: segment 0: paddr=00010020 vaddr=3c040020 size=10764h ( 67428) map[0m
[0;32mI (100) esp_image: segment 1: paddr=0002078c vaddr=3fc92600 size=02aa0h ( 10912) load[0m
[0;32mI (102) esp_image: segment 2: paddr=00023234 vaddr=40374000 size=0cde4h ( 52708) load[0m
[0;32mI (115) esp_image: segment 3: paddr=00030020 vaddr=42000020 size=37044h (225348) map[0m
[0;32mI (155) esp_image: segment 4: paddr=0006706c vaddr=40380de4 size=017b4h (  6068) load[0m
[0;32mI (158) esp_image: segment 5: paddr=00068828 vaddr=600fe100 size=0001ch (    28) load[0m
[0;32mI (165) boot: Loaded app from partition at offset 0x10000[0m
[0;32mI (165) boot: Disabling RNG early entropy source...[0m
[0;32mI (181) cpu_start: Multicore app[0m
[0;32mI (190) cpu_start: Pro cpu start user code[0m
[0;32mI (190) cpu_start: cpu freq: 240000000 Hz[0m
[0;32mI (190) app_init: Application information:[0m
[0;32mI (191) app_init: Project name:     Programmerbar_last[0m
[0;32mI (195) app_init: App version:      a4e8186-dirty[0m
[0;32mI (199) app_init: Compile time:     Mar  3 2025 17:10:58[0m
[0;32mI (204) app_init: ELF file SHA256:  7aebd7b42...[0m
[0;32mI (208) app_init: ESP-IDF:          v5.4[0m
[0;32mI (212) efuse_init: Min chip rev:     v0.0[0m
[0;32mI (216) efuse_init: Max chip rev:     v0.99 [0m
[0;32mI (220) efuse_init: Chip rev:         v0.2[0m
[0;32mI (224) heap_init: Initializing. RAM available for dynamic allocation:[0m
[0;32mI (230) heap_init: At 3FC96660 len 000530B0 (332 KiB): RAM[0m
[0;32mI (235) heap_init: At 3FCE9710 len 00005724 (21 KiB): RAM[0m
[0;32mI (240) heap_init: At 3FCF0000 len 00008000 (32 KiB): DRAM[0m
[0;32mI (246) heap_init: At 600FE11C len 00001ECC (7 KiB): RTCRAM[0m
[0;32mI (252) spi_flash: detected chip: gd[0m
[0;32mI (254) spi_flash: flash io: dio[0m
[0;32mI (257) sleep_gpio: Configure to isolate all GPIO pins in sleep state[0m
[0;32mI (263) sleep_gpio: Enable automatic switching of GPIO sleep configuration[0m
[0;32mI (270) main_task: Started on CPU0[0m
[0;32mI (280) main_task: Calling app_main()[0m
[0;32mI (280) RTC_TIME: Initialising SNTP[0m

assert failed: tcpip_callback /IDF/components/lwip/lwip/src/api/tcpip.c:318 (Invalid mbox)


Backtrace: 0x40375aa5:0x3fc9aee0 0x40379c5d:0x3fc9af00 0x403805dd:0x3fc9af20 0x4200cfd1:0x3fc9b040 0x4200cf7c:0x3fc9b060 0x4200aa48:0x3fc9b080 0x4037a561:0x3fc9b120




ELF file SHA256: 7aebd7b42

Rebooting...
ESP-ROM:esp32s3-20210327
Build:Mar 27 2021
rst:0xc (RTC_SW_CPU_RST),boot:0x8 (SPI_FAST_FLASH_BOOT)
Saved PC:0x403759e4
SPIWP:0xee
mode:DIO, clock div:1
load:0x3fce2810,len:0x15a0
load:0x403c8700,len:0x4
load:0x403c8704,len:0xd20
load:0x403cb700,len:0x2ee4
entry 0x403c8928
[0;32mI (26) boot: ESP-IDF v5.4 2nd stage bootloader[0m
[0;32mI (26) boot: compile time Mar  3 2025 17:12:26[0m
[0;32mI (27) boot: Multicore bootloader[0m
[0;32mI (27) boot: chip revision: v0.2[0m
[0;32mI (29) boot: efuse block revision: v1.3[0m
[0;32mI (33) boot.esp32s3: Boot SPI Speed : 80MHz[0m
[0;32mI (37) boot.esp32s3: SPI Mode       : DIO[0m
[0;32mI (40) boot.esp32s3: SPI Flash Size : 8MB[0m
[0;32mI (44) boot: Enabling RNG early entropy source...[0m
[0;32mI (49) boot: Partition Table:[0m
[0;32mI (51) boot: ## Label            Usage          Type ST Offset   Length[0m
[0;32mI (57) boot:  0 nvs              WiFi data        01 02 00009000 00006000[0m
[0;32mI (64) boot:  1 phy_init         RF data          01 01 0000f000 00001000[0m
[0;32mI (70) boot:  2 factory          factory app      00 00 00010000 00100000[0m
[0;32mI (77) boot: End of partition table[0m
[0;32mI (80) esp_image: segment 0: paddr=00010020 vaddr=3c040020 size=10764h ( 67428) map[0m
[0;32mI (100) esp_image: segment 1: paddr=0002078c vaddr=3fc92600 size=02aa0h ( 10912) load[0m
[0;32mI (102) esp_image: segment 2: paddr=00023234 vaddr=40374000 size=0cde4h ( 52708) load[0m
[0;32mI (115) esp_image: segment 3: paddr=00030020 vaddr=42000020 size=37044h (225348) map[0m
[0;32mI (156) esp_image: segment 4: paddr=0006706c vaddr=40380de4 size=017b4h (  6068) load[0m
[0;32mI (158) esp_image: segment 5: paddr=00068828 vaddr=600fe100 size=0001ch (    28) load[0m
[0;32mI (165) boot: Loaded app from partition at offset 0x10000[0m
[0;32mI (165) boot: Disabling RNG early entropy source...[0m
[0;32mI (181) cpu_start: Multicore app[0m
[0;32mI (190) cpu_start: Pro cpu start user code[0m
[0;32mI (190) cpu_start: cpu freq: 240000000 Hz[0m
[0;32mI (190) app_init: Application information:[0m
[0;32mI (191) app_init: Project name:     Programmerbar_last[0m
[0;32mI (195) app_init: App version:      a4e8186-dirty[0m
[0;32mI (199) app_init: Compile time:     Mar  3 2025 17:10:58[0m
[0;32mI (204) app_init: ELF file SHA256:  7aebd7b42...[0m
[0;32mI (209) app_init: ESP-IDF:          v5.4[0m
[0;32mI (212) efuse_init: Min chip rev:     v0.0[0m
[0;32mI (216) efuse_init: Max chip rev:     v0.99 [0m
[0;32mI (220) efuse_init: Chip rev:         v0.2[0m
[0;32mI (224) heap_init: Initializing. RAM available for dynamic allocation:[0m
[0;32mI (230) heap_init: At 3FC96660 len 000530B0 (332 KiB): RAM[0m
[0;32mI (235) heap_init: At 3FCE9710 len 00005724 (21 KiB): RAM[0m
[0;32mI (241) heap_init: At 3FCF0000 len 00008000 (32 KiB): DRAM[0m
[0;32mI (246) heap_init: At 600FE11C len 00001ECC (7 KiB): RTCRAM[0m
[0;32mI (252) spi_flash: detected chip: gd[0m
[0;32mI (254) spi_flash: flash io: dio[0m
[0;32mI (257) sleep_gpio: Configure to isolate all GPIO pins in sleep state[0m
[0;32mI (264) sleep_gpio: Enable automatic switching of GPIO sleep configuration[0m
[0;32mI (270) main_task: Started on CPU0[0m
[0;32mI (280) main_task: Calling app_main()[0m
[0;32mI (280) RTC_TIME: Initialising SNTP[0m

assert failed: tcpip_callback /IDF/components/lwip/lwip/src/api/tcpip.c:318 (Invalid mbox)


Backtrace: 0x40375aa5:0x3fc9aee0 0x40379c5d:0x3fc9af00 0x403805dd:0x3fc9af20 0x4200cfd1:0x3fc9b040 0x4200cf7c:0x3fc9b060 0x4200aa48:0x3fc9b080 0x4037a561:0x3fc9b120




ELF file SHA256: 7aebd7b42

Rebooting...
ESP-ROM:esp32s3-20210327
Build:Mar 27 2021
rst:0xc (RTC_SW_CPU_RST),boot:0x8 (SPI_FAST_FLASH_BOOT)
Saved PC:0x403759e4
SPIWP:0xee
mode:DIO, clock div:1
load:0x3fce2810,len:0x15a0
load:0x403c8700,len:0x4
load:0x403c8704,len:0xd20
load:0x403cb700,len:0x2ee4
entry 0x403c8928
[0;32mI (26) boot: ESP-IDF v5.4 2nd stage bootloader[0m
[0;32mI (26) boot: compile time Mar  3 2025 17:12:26[0m
[0;32mI (27) boot: Multicore bootloader[0m
[0;32mI (27) boot: chip revision: v0.2[0m
[0;32mI (29) boot: efuse block revision: v1.3[0m
[0;32mI (33) boot.esp32s3: Boot SPI Speed : 80MHz[0m
[0;32mI (36) boot.esp32s3: SPI Mode       : DIO[0m
[0;32mI (40) boot.esp32s3: SPI Flash Size : 8MB[0m
[0;32mI (44) boot: Enabling RNG early entropy source...[0m
[0;32mI (48) boot: Partition Table:[0m
[0;32mI (51) boot: ## Label            Usage          Type ST Offset   Length[0m
[0;32mI (57) boot:  0 nvs              WiFi data        01 02 00009000 00006000[0m
[0;32mI (64) boot:  1 phy_init         RF data          01 01 0000f000 00001000[0m
[0;32mI (70) boot:  2 factory          factory app      00 00 00010000 00100000[0m
[0;32mI (77) boot: End of partition table[0m
[0;32mI (80) esp_image: segment 0: paddr=00010020 vaddr=3c040020 size=10764h ( 67428) map[0m
[0;32mI (100) esp_image: segment 1: paddr=0002078c vaddr=3fc92600 size=02aa0h ( 10912) load[0m
[0;32mI (102) esp_image: segment 2: paddr=00023234 vaddr=40374000 size=0cde4h ( 52708) load[0m
[0;32mI (115) esp_image: segment 3: paddr=00030020 vaddr=42000020 size=37044h (225348) map[0m
[0;32mI (155) esp_image: segment 4: paddr=0006706c vaddr=40380de4 size=017b4h (  6068) load[0m
[0;32mI (157) esp_image: segment 5: paddr=00068828 vaddr=600fe100 size=0001ch (    28) load[0m
[0;32mI (165) boot: Loaded app from partition at offset 0x10000[0m
[0;32mI (165) boot: Disabling RNG early entropy source...[0m
[0;32mI (181) cpu_start: Multicore app[0m
[0;32mI (190) cpu_start: Pro cpu start user code[0m
[0;32mI (190) cpu_start: cpu freq: 240000000 Hz[0m
[0;32mI (190) app_init: Application information:[0m
[0;32mI (191) app_init: Project name:     Programmerbar_last[0m
[0;32mI (195) app_init: App version:      a4e8186-dirty[0m
[0;32mI (199) app_init: Compile time:     Mar  3 2025 17:10:58[0m
[0;32mI (204) app_init: ELF file SHA256:  7aebd7b42...[0m
[0;32mI (208) app_init: ESP-IDF:          v5.4[0m
[0;32mI (212) efuse_init: Min chip rev:     v0.0[0m
[0;32mI (216) efuse_init: Max chip rev:     v0.99 [0m
[0;32mI (220) efuse_init: Chip rev:         v0.2[0m
[0;32mI (224) heap_init: Initializing. RAM available for dynamic allocation:[0m
[0;32mI (230) heap_init: At 3FC96660 len 000530B0 (332 KiB): RAM[0m
[0;32mI (235) heap_init: At 3FCE9710 len 00005724 (21 KiB): RAM[0m
[0;32mI (240) heap_init: At 3FCF0000 len 00008000 (32 KiB): DRAM[0m
[0;32mI (246) heap_init: At 600FE11C len 00001ECC (7 KiB): RTCRAM[0m
[0;32mI (252) spi_flash: detected chip: gd[0m
[0;32mI (254) spi_flash: flash io: dio[0m
[0;32mI (257) sleep_gpio: Configure to isolate all GPIO pins in sleep state[0m
[0;32mI (263) sleep_gpio: Enable automatic switching of GPIO sleep configuration[0m
[0;32mI (270) main_task: Started on CPU0[0m
[0;32mI (280) main_task: Calling app_main()[0m
[0;32mI (280) RTC_TIME: Initialising SNTP[0m

assert failed: tcpip_callback /IDF/components/lwip/lwip/src/api/tcpip.c:318 (Invalid mbox)


Backtrace: 0x40375aa5:0x3fc9aee0 0x40379c5d:0x3fc9af00 0x403805dd:0x3fc9af20 0x4200cfd1:0x3fc9b040 0x4200cf7c:0x3fc9b060 0x4200aa48:0x3fc9b080 0x4037a561:0x3fc9b120




ELF file SHA256: 7aebd7b42

Rebooting...
ESP-ROM:esp32s3-20210327
Build:Mar 27 2021
rst:0xc (RTC_SW_CPU_RST),boot:0x8 (SPI_FAST_FLASH_BOOT)
Saved PC:0x403759e4
SPIWP:0xee
mode:DIO, clock div:1
load:0x3fce2810,len:0x15a0
load:0x403c8700,len:0x4
load:0x403c8704,len:0xd20
load:0x403cb700,len:0x2ee4
entry 0x403c8928
[0;32mI (26) boot: ESP-IDF v5.4 2nd stage bootloader[0m
[0;32mI (26) boot: compile time Mar  3 2025 17:12:26[0m
[0;32mI (27) boot: Multicore bootloader[0m
[0;32mI (27) boot: chip revision: v0.2[0m
[0;32mI (29) boot: efuse block revision: v1.3[0m
[0;32mI (33) boot.esp32s3: Boot SPI Speed : 80MHz[0m
[0;32mI (37) boot.esp32s3: SPI Mode       : DIO[0m
[0;32mI (40) boot.esp32s3: SPI Flash Size : 8MB[0m
[0;32mI (44) boot: Enabling RNG early entropy source...[0m
[0;32mI (49) boot: Partition Table:[0m
[0;32mI (51) boot: ## Label            Usage          Type ST Offset   Length[0m
[0;32mI (57) boot:  0 nvs              WiFi data        01 02 00009000 00006000[0m
[0;32mI (64) boot:  1 phy_init         RF data          01 01 0000f000 00001000[0m
[0;32mI (70) boot:  2 factory          factory app      00 00 00010000 00100000[0m
[0;32mI (77) boot: End of partition table[0m
[0;32mI (80) esp_image: segment 0: paddr=00010020 vaddr=3c040020 size=10764h ( 67428) map[0m
[0;32mI (100) esp_image: segment 1: paddr=0002078c vaddr=3fc92600 size=02aa0h ( 10912) load[0m
[0;32mI (102) esp_image: segment 2: paddr=00023234 vaddr=40374000 size=0cde4h ( 52708) load[0m
[0;32mI (115) esp_image: segment 3: paddr=00030020 vaddr=42000020 size=37044h (225348) map[0m
[0;32mI (156) esp_image: segment 4: paddr=0006706c vaddr=40380de4 size=017b4h (  6068) load[0m
[0;32mI (158) esp_image: segment 5: paddr=00068828 vaddr=600fe100 size=0001ch (    28) load[0m
[0;32mI (165) boot: Loaded app from partition at offset 0x10000[0m
[0;32mI (165) boot: Disabling RNG early entropy source...[0m
[0;32mI (181) cpu_start: Multicore app[0m
[0;32mI (190) cpu_start: Pro cpu start user code[0m
[0;32mI (190) cpu_start: cpu freq: 240000000 Hz[0m
[0;32mI (190) app_init: Application information:[0m
[0;32mI (191) app_init: Project name:     Programmerbar_last[0m
[0;32mI (195) app_init: App version:      a4e8186-dirty[0m
[0;32mI (199) app_init: Compile time:     Mar  3 2025 17:10:58[0m
[0;32mI (204) app_init: ELF file SHA256:  7aebd7b42...[0m
[0;32mI (209) app_init: ESP-IDF:          v5.4[0m
[0;32mI (212) efuse_init: Min chip rev:     v0.0[0m
[0;32mI (216) efuse_init: Max chip rev:     v0.99 [0m
[0;32mI (220) efuse_init: Chip rev:         v0.2[0m
[0;32mI (224) heap_init: Initializing. RAM available for dynamic allocation:[0m
[0;32mI (230) heap_init: At 3FC96660 len 000530B0 (332 KiB): RAM[0m
[0;32mI (235) heap_init: At 3FCE9710 len 00005724 (21 KiB): RAM[0m
[0;32mI (241) heap_init: At 3FCF0000 len 00008000 (32 KiB): DRAM[0m
[0;32mI (246) heap_init: At 600FE11C len 00001ECC (7 KiB): RTCRAM[0m
[0;32mI (252) spi_flash: detected chip: gd[0m
[0;32mI (254) spi_flash: flash io: dio[0m
[0;32mI (257) sleep_gpio: Configure to isolate all GPIO pins in sleep state[0m
[0;32mI (264) sleep_gpio: Enable automatic switching of GPIO sleep configuration[0m
[0;32mI (270) main_task: Started on CPU0[0m
[0;32mI (280) main_task: Calling app_main()[0m
[0;32mI (280) RTC_TIME: Initialising SNTP[0m

assert failed: tcpip_callback /IDF/components/lwip/lwip/src/api/tcpip.c:318 (Invalid mbox)


Backtrace: 0x40375aa5:0x3fc9aee0 0x40379c5d:0x3fc9af00 0x403805dd:0x3fc9af20 0x4200cfd1:0x3fc9b040 0x4200cf7c:0x3fc9b060 0x4200aa48:0x3fc9b080 0x4037a561:0x3fc9b120




ELF file SHA256: 7aebd7b42

Rebooting...
ESP-ROM:esp32s3-20210327
Build:Mar 27 2021
rst:0xc (RTC_SW_CPU_RST),boot:0x8 (SPI_FAST_FLASH_BOOT)
Saved PC:0x403759e4
SPIWP:0xee
mode:DIO, clock div:1
load:0x3fce2810,len:0x15a0
load:0x403c8700,len:0x4
load:0x403c8704,len:0xd20
load:0x403cb700,len:0x2ee4
entry 0x403c8928
[0;32mI (26) boot: ESP-IDF v5.4 2nd stage bootloader[0m
[0;32mI (26) boot: compile time Mar  3 2025 17:12:26[0m
[0;32mI (27) boot: Multicore bootloader[0m
[0;32mI (27) boot: chip revision: v0.2[0m
[0;32mI (29) boot: efuse block revision: v1.3[0m
[0;32mI (33) boot.esp32s3: Boot SPI Speed : 80MHz[0m
[0;32mI (36) boot.esp32s3: SPI Mode       : DIO[0m
[0;32mI (40) boot.esp32s3: SPI Flash Size : 8MB[0m
[0;32mI (44) boot: Enabling RNG early entropy source...[0m
[0;32mI (48) boot: Partition Table:[0m
[0;32mI (51) boot: ## Label            Usage          Type ST Offset   Length[0m
[0;32mI (57) boot:  0 nvs              WiFi data        01 02 00009000 00006000[0m
[0;32mI (64) boot:  1 phy_init         RF data          01 01 0000f000 00001000[0m
[0;32mI (70) boot:  2 factory          factory app      00 00 00010000 00100000[0m
[0;32mI (77) boot: End of partition table[0m
[0;32mI (80) esp_image: segment 0: paddr=00010020 vaddr=3c040020 size=10764h ( 67428) map[0m
[0;32mI (100) esp_image: segment 1: paddr=0002078c vaddr=3fc92600 size=02aa0h ( 10912) load[0m
[0;32mI (102) esp_image: segment 2: paddr=00023234 vaddr=40374000 size=0cde4h ( 52708) load[0m
[0;32mI (115) esp_image: segment 3: paddr=00030020 vaddr=42000020 size=37044h (225348) map[0m
[0;32mI (155) esp_image: segment 4: paddr=0006706c vaddr=40380de4 size=017b4h (  6068) load[0m
[0;32mI (157) esp_image: segment 5: paddr=00068828 vaddr=600fe100 size=0001ch (    28) load[0m
[0;32mI (165) boot: Loaded app from partition at offset 0x10000[0m
[0;32mI (165) boot: Disabling RNG early entropy source...[0m
[0;32mI (180) cpu_start: Multicore app[0m
[0;32mI (190) cpu_start: Pro cpu start user code[0m
[0;32mI (190) cpu_start: cpu freq: 240000000 Hz[0m
[0;32mI (190) app_init: Application information:[0m
[0;32mI (191) app_init: Project name:     Programmerbar_last[0m
[0;32mI (195) app_init: App version:      a4e8186-dirty[0m
[0;32mI (199) app_init: Compile time:     Mar  3 2025 17:10:58[0m
[0;32mI (204) app_init: ELF file SHA256:  7aebd7b42...[0m
[0;32mI (208) app_init: ESP-IDF:          v5.4[0m
[0;32mI (212) efuse_init: Min chip rev:     v0.0[0m
[0;32mI (216) efuse_init: Max chip rev:     v0.99 [0m
[0;32mI (220) efuse_init: Chip rev:         v0.2[0m
[0;32mI (224) heap_init: Initializing. RAM available for dynamic allocation:[0m
[0;32mI (230) heap_init: At 3FC96660 len 000530B0 (332 KiB): RAM[0m
[0;32mI (235) heap_init: At 3FCE9710 len 00005724 (21 KiB): RAM[0m
[0;32mI (240) heap_init: At 3FCF0000 len 00008000 (32 KiB): DRAM[0m
[0;32mI (245) heap_init: At 600FE11C len 00001ECC (7 KiB): RTCRAM[0m
[0;32mI (252) spi_flash: detected chip: gd[0m
[0;32mI (254) spi_flash: flash io: dio[0m
[0;32mI (257) sleep_gpio: Configure to isolate all GPIO pins in sleep state[0m
[0;32mI (263) sleep_gpio: Enable automatic switching of GPIO sleep configuration[0m
[0;32mI (270) main_task: Started on CPU0[0m
[0;32mI (280) main_task: Calling app_main()[0m
[0;32mI (280) RTC_TIME: Initialising SNTP[0m

assert failed: tcpip_callback /IDF/components/lwip/lwip/src/api/tcpip.c:318 (Invalid mbox)


Backtrace: 0x40375aa5:0x3fc9aee0 0x40379c5d:0x3fc9af00 0x403805dd:0x3fc9af20 0x4200cfd1:0x3fc9b040 0x4200cf7c:0x3fc9b060 0x4200aa48:0x3fc9b080 0x4037a561:0x3fc9b120




ELF file SHA256: 7aebd7b42

Rebooting...
ESP-ROM:esp32s3-20210327
Build:Mar 27 2021
rst:0xc (RTC_SW_CPU_RST),boot:0x8 (SPI_FAST_FLASH_BOOT)
Saved PC:0x403759e4
SPIWP:0xee
mode:DIO, clock div:1
load:0x3fce2810,len:0x15a0
load:0x403c8700,len:0x4
load:0x403c8704,len:0xd20
load:0x403cb700,len:0x2ee4
entry 0x403c8928
[0;32mI (26) boot: ESP-IDF v5.4 2nd stage bootloader[0m
[0;32mI (26) boot: compile time Mar  3 2025 17:12:26[0m
[0;32mI (27) boot: Multicore bootloader[0m
[0;32mI (27) boot: chip revision: v0.2[0m
[0;32mI (29) boot: efuse block revision: v1.3[0m
[0;32mI (33) boot.esp32s3: Boot SPI Speed : 80MHz[0m
[0;32mI (37) boot.esp32s3: SPI Mode       : DIO[0m
[0;32mI (40) boot.esp32s3: SPI Flash Size : 8MB[0m
[0;32mI (44) boot: Enabling RNG early entropy source...[0m
[0;32mI (49) boot: Partition Table:[0m
[0;32mI (51) boot: ## Label            Usage          Type ST Offset   Length[0m
[0;32mI (58) boot:  0 nvs              WiFi data        01 02 00009000 00006000[0m
[0;32mI (64) boot:  1 phy_init         RF data          01 01 0000f000 00001000[0m
[0;32mI (71) boot:  2 factory          factory app      00 00 00010000 00100000[0m
[0;32mI (77) boot: End of partition table[0m
[0;32mI (80) esp_image: segment 0: paddr=00010020 vaddr=3c040020 size=10764h ( 67428) map[0m
[0;32mI (100) esp_image: segment 1: paddr=0002078c vaddr=3fc92600 size=02aa0h ( 10912) load[0m
[0;32mI (102) esp_image: segment 2: paddr=00023234 vaddr=40374000 size=0cde4h ( 52708) load[0m
[0;32mI (115) esp_image: segment 3: paddr=00030020 vaddr=42000020 size=37044h (225348) map[0m
[0;32mI (156) esp_image: segment 4: paddr=0006706c vaddr=40380de4 size=017b4h (  6068) load[0m
[0;32mI (158) esp_image: segment 5: paddr=00068828 vaddr=600fe100 size=0001ch (    28) load[0m
[0;32mI (165) boot: Loaded app from partition at offset 0x10000[0m
[0;32mI (165) boot: Disabling RNG early entropy source...[0m
[0;32mI (181) cpu_start: Multicore app[0m
[0;32mI (190) cpu_start: Pro cpu start user code[0m
[0;32mI (190) cpu_start: cpu freq: 240000000 Hz[0m
[0;32mI (191) app_init: Application information:[0m
[0;32mI (191) app_init: Project name:     Programmerbar_last[0m
[0;32mI (195) app_init: App version:      a4e8186-dirty[0m
[0;32mI (199) app_init: Compile time:     Mar  3 2025 17:10:58[0m
[0;32mI (204) app_init: ELF file SHA256:  7aebd7b42...[0m
[0;32mI (209) app_init: ESP-IDF:          v5.4[0m
[0;32mI (212) efuse_init: Min chip rev:     v0.0[0m
[0;32mI (216) efuse_init: Max chip rev:     v0.99 [0m
[0;32mI (220) efuse_init: Chip rev:         v0.2[0m
[0;32mI (224) heap_init: Initializing. RAM available for dynamic allocation:[0m
[0;32mI (230) heap_init: At 3FC96660 len 000530B0 (332 KiB): RAM[0m
[0;32mI (235) heap_init: At 3FCE9710 len 00005724 (21 KiB): RAM[0m
[0;32mI (241) heap_init: At 3FCF0000 len 00008000 (32 KiB): DRAM[0m
[0;32mI (246) heap_init: At 600FE11C len 00001ECC (7 KiB): RTCRAM[0m
[0;32mI (252) spi_flash: detected chip: gd[0m
[0;32mI (254) spi_flash: flash io: dio[0m
[0;32mI (258) sleep_gpio: Configure to isolate all GPIO pins in sleep state[0m
[0;32mI (264) sleep_gpio: Enable automatic switching of GPIO sleep configuration[0m
[0;32mI (271) main_task: Started on CPU0[0m
[0;32mI (281) main_task: Calling app_main()[0m
[0;32mI (281) RTC_TIME: Initialising SNTP[0m

assert failed: tcpip_callback /IDF/components/lwip/lwip/src/api/tcpip.c:318 (Invalid mbox)


Backtrace: 0x40375aa5:0x3fc9aee0 0x40379c5d:0x3fc9af00 0x403805dd:0x3fc9af20 0x4200cfd1:0x3fc9b040 0x4200cf7c:0x3fc9b060 0x4200aa48:0x3fc9b080 0x4037a561:0x3fc9b120




ELF file SHA256: 7aebd7b42

Rebooting...
ESP-ROM:esp32s3-20210327
Build:Mar 27 2021
rst:0xc (RTC_SW_CPU_RST),boot:0x8 (SPI_FAST_FLASH_BOOT)
Saved PC:0x403759e4
SPIWP:0xee
mode:DIO, clock div:1
load:0x3fce2810,len:0x15a0
load:0x403c8700,len:0x4
load:0x403c8704,len:0xd20
load:0x403cb700,len:0x2ee4
entry 0x403c8928
[0;32mI (26) boot: ESP-IDF v5.4 2nd stage bootloader[0m
[0;32mI (26) boot: compile time Mar  3 2025 17:12:26[0m
[0;32mI (27) boot: Multicore bootloader[0m
[0;32mI (27) boot: chip revision: v0.2[0m
[0;32mI (29) boot: efuse block revision: v1.3[0m
[0;32mI (33) boot.esp32s3: Boot SPI Speed : 80MHz[0m
[0;32mI (36) boot.esp32s3: SPI Mode       : DIO[0m
[0;32mI (40) boot.esp32s3: SPI Flash Size : 8MB[0m
[0;32mI (44) boot: Enabling RNG early entropy source...[0m
[0;32mI (48) boot: Partition Table:[0m
[0;32mI (51) boot: ## Label            Usage          Type ST Offset   Length[0m
[0;32mI (57) boot:  0 nvs              WiFi data        01 02 00009000 00006000[0m
[0;32mI (64) boot:  1 phy_init         RF data          01 01 0000f000 00001000[0m
[0;32mI (70) boot:  2 factory          factory app      00 00 00010000 00100000[0m
[0;32mI (77) boot: End of partition table[0m
[0;32mI (80) esp_image: segment 0: paddr=00010020 vaddr=3c040020 size=10764h ( 67428) map[0m
[0;32mI (100) esp_image: segment 1: paddr=0002078c vaddr=3fc92600 size=02aa0h ( 10912) load[0m
[0;32mI (102) esp_image: segment 2: paddr=00023234 vaddr=40374000 size=0cde4h ( 52708) load[0m
[0;32mI (115) esp_image: segment 3: paddr=00030020 vaddr=42000020 size=37044h (225348) map[0m
[0;32mI (155) esp_image: segment 4: paddr=0006706c vaddr=40380de4 size=017b4h (  6068) load[0m
[0;32mI (157) esp_image: segment 5: paddr=00068828 vaddr=600fe100 size=0001ch (    28) load[0m
[0;32mI (165) boot: Loaded app from partition at offset 0x10000[0m
[0;32mI (165) boot: Disabling RNG early entropy source...[0m
[0;32mI (180) cpu_start: Multicore app[0m
[0;32mI (190) cpu_start: Pro cpu start user code[0m
[0;32mI (190) cpu_start: cpu freq: 240000000 Hz[0m
[0;32mI (190) app_init: Application information:[0m
[0;32mI (190) app_init: Project name:     Programmerbar_last[0m
[0;32mI (195) app_init: App version:      a4e8186-dirty[0m
[0;32mI (199) app_init: Compile time:     Mar  3 2025 17:10:58[0m
[0;32mI (204) app_init: ELF file SHA256:  7aebd7b42...[0m
[0;32mI (208) app_init: ESP-IDF:          v5.4[0m
[0;32mI (212) efuse_init: Min chip rev:     v0.0[0m
[0;32mI (216) efuse_init: Max chip rev:     v0.99 [0m
[0;32mI (220) efuse_init: Chip rev:         v0.2[0m
[0;32mI (224) heap_init: Initializing. RAM available for dynamic allocation:[0m
[0;32mI (230) heap_init: At 3FC96660 len 000530B0 (332 KiB): RAM[0m
[0;32mI (235) heap_init: At 3FCE9710 len 00005724 (21 KiB): RAM[0m
[0;32mI (240) heap_init: At 3FCF0000 len 00008000 (32 KiB): DRAM[0m
[0;32mI (245) heap_init: At 600FE11C len 00001ECC (7 KiB): RTCRAM[0m
[0;32mI (252) spi_flash: detected chip: gd[0m
[0;32mI (254) spi_flash: flash io: dio[0m
[0;32mI (257) sleep_gpio: Configure to isolate all GPIO pins in sleep state[0m
[0;32mI (263) sleep_gpio: Enable automatic switching of GPIO sleep configuration[0m
[0;32mI (270) main_task: Started on CPU0[0m
[0;32mI (280) main_task: Calling app_main()[0m
[0;32mI (280) RTC_TIME: Initialising SNTP[0m

assert failed: tcpip_callback /IDF/components/lwip/lwip/src/api/tcpip.c:318 (Invalid mbox)


Backtrace: 0x40375aa5:0x3fc9aee0 0x40379c5d:0x3fc9af00 0x403805dd:0x3fc9af20 0x4200cfd1:0x3fc9b040 0x4200cf7c:0x3fc9b060 0x4200aa48:0x3fc9b080 0x4037a561:0x3fc9b120




ELF file SHA256: 7aebd7b42

Rebooting...
ESP-ROM:esp32s3-20210327
Build:Mar 27 2021
rst:0xc (RTC_SW_CPU_RST),boot:0x8 (SPI_FAST_FLASH_BOOT)
Saved PC:0x403759e4
SPIWP:0xee
mode:DIO, clock div:1
load:0x3fce2810,len:0x15a0
load:0x403c8700,len:0x4
load:0x403c8704,len:0xd20
load:0x403cb700,len:0x2ee4
entry 0x403c8928
[0;32mI (26) boot: ESP-IDF v5.4 2nd stage bootloader[0m
[0;32mI (26) boot: compile time Mar  3 2025 17:12:26[0m
[0;32mI (27) boot: Multicore bootloader[0m
[0;32mI (27) boot: chip revision: v0.2[0m
[0;32mI (29) boot: efuse block revision: v1.3[0m
[0;32mI (33) boot.esp32s3: Boot SPI Speed : 80MHz[0m
[0;32mI (37) boot.esp32s3: SPI Mode       : DIO[0m
[0;32mI (40) boot.esp32s3: SPI Flash Size : 8MB[0m
[0;32mI (44) boot: Enabling RNG early entropy source...[0m
[0;32mI (49) boot: Partition Table:[0m
[0;32mI (51) boot: ## Label            Usage          Type ST Offset   Length[0m
[0;32mI (58) boot:  0 nvs              WiFi data        01 02 00009000 00006000[0m
[0;32mI (64) boot:  1 phy_init         RF data          01 01 0000f000 00001000[0m
[0;32mI (71) boot:  2 factory          factory app      00 00 00010000 00100000[0m
[0;32mI (77) boot: End of partition table[0m
[0;32mI (80) esp_image: segment 0: paddr=00010020 vaddr=3c040020 size=10764h ( 67428) map[0m
[0;32mI (100) esp_image: segment 1: paddr=0002078c vaddr=3fc92600 size=02aa0h ( 10912) load[0m
[0;32mI (102) esp_image: segment 2: paddr=00023234 vaddr=40374000 size=0cde4h ( 52708) load[0m
[0;32mI (115) esp_image: segment 3: paddr=00030020 vaddr=42000020 size=37044h (225348) map[0m
[0;32mI (156) esp_image: segment 4: paddr=0006706c vaddr=40380de4 size=017b4h (  6068) load[0m
[0;32mI (158) esp_image: segment 5: paddr=00068828 vaddr=600fe100 size=0001ch (    28) load[0m
[0;32mI (165) boot: Loaded app from partition at offset 0x10000[0m
[0;32mI (165) boot: Disabling RNG early entropy source...[0m
[0;32mI (181) cpu_start: Multicore app[0m
[0;32mI (190) cpu_start: Pro cpu start user code[0m
[0;32mI (190) cpu_start: cpu freq: 240000000 Hz[0m
[0;32mI (191) app_init: Application information:[0m
[0;32mI (191) app_init: Project name:     Programmerbar_last[0m
[0;32mI (195) app_init: App version:      a4e8186-dirty[0m
[0;32mI (199) app_init: Compile time:     Mar  3 2025 17:10:58[0m
[0;32mI (204) app_init: ELF file SHA256:  7aebd7b42...[0m
[0;32mI (209) app_init: ESP-IDF:          v5.4[0m
[0;32mI (212) efuse_init: Min chip rev:     v0.0[0m
[0;32mI (216) efuse_init: Max chip rev:     v0.99 [0m
[0;32mI (220) efuse_init: Chip rev:         v0.2[0m
[0;32mI (224) heap_init: Initializing. RAM available for dynamic allocation:[0m
[0;32mI (230) heap_init: At 3FC96660 len 000530B0 (332 KiB): RAM[0m
[0;32mI (235) heap_init: At 3FCE9710 len 00005724 (21 KiB): RAM[0m
[0;32mI (241) heap_init: At 3FCF0000 len 00008000 (32 KiB): DRAM[0m
[0;32mI (246) heap_init: At 600FE11C len 00001ECC (7 KiB): RTCRAM[0m
[0;32mI (252) spi_flash: detected chip: gd[0m
[0;32mI (254) spi_flash: flash io: dio[0m
[0;32mI (258) sleep_gpio: Configure to isolate all GPIO pins in sleep state[0m
[0;32mI (264) sleep_gpio: Enable automatic switching of GPIO sleep configuration[0m
[0;32mI (271) main_task: Started on CPU0[0m
[0;32mI (281) main_task: Calling app_main()[0m
[0;32mI (281) RTC_TIME: Initialising SNTP[0m

assert failed: tcpip_callback /IDF/components/lwip/lwip/src/api/tcpip.c:318 (Invalid mbox)


Backtrace: 0x40375aa5:0x3fc9aee0 0x40379c5d:0x3fc9af00 0x403805dd:0x3fc9af20 0x4200cfd1:0x3fc9b040 0x4200cf7c:0x3fc9b060 0x4200aa48:0x3fc9b080 0x4037a561:0x3fc9b120




ELF file SHA256: 7aebd7b42

Rebooting...
ESP-ROM:esp32s3-20210327
Build:Mar 27 2021
rst:0xc (RTC_SW_CPU_RST),boot:0x8 (SPI_FAST_FLASH_BOOT)
Saved PC:0x403759e4
SPIWP:0xee
mode:DIO, clock div:1
load:0x3fce2810,len:0x15a0
load:0x403c8700,len:0x4
load:0x403c8704,len:0xd20
load:0x403cb700,len:0x2ee4
entry 0x403c8928
[0;32mI (26) boot: ESP-IDF v5.4 2nd stage bootloader[0m
[0;32mI (26) boot: compile time Mar  3 2025 17:12:26[0m
[0;32mI (27) boot: Multicore bootloader[0m
[0;32mI (27) boot: chip revision: v0.2[0m
[0;32mI (29) boot: efuse block revision: v1.3[0m
[0;32mI (33) boot.esp32s3: Boot SPI Speed : 80MHz[0m
[0;32mI (36) boot.esp32s3: SPI Mode       : DIO[0m
[0;32mI (40) boot.esp32s3: SPI Flash Size : 8MB[0m
[0;32mI (44) boot: Enabling RNG early entropy source...[0m
[0;32mI (48) boot: Partition Table:[0m
[0;32mI (51) boot: ## Label            Usage          Type ST Offset   Length[0m
[0;32mI (57) boot:  0 nvs              WiFi data        01 02 00009000 00006000[0m
[0;32mI (64) boot:  1 phy_init         RF data          01 01 0000f000 00001000[0m
[0;32mI (70) boot:  2 factory          factory app      00 00 00010000 00100000[0m
[0;32mI (77) boot: End of partition table[0m
[0;32mI (80) esp_image: segment 0: paddr=00010020 vaddr=3c040020 size=10764h ( 67428) map[0m
[0;32mI (100) esp_image: segment 1: paddr=0002078c vaddr=3fc92600 size=02aa0h ( 10912) load[0m
[0;32mI (102) esp_image: segment 2: paddr=00023234 vaddr=40374000 size=0cde4h ( 52708) load[0m
[0;32mI (115) esp_image: segment 3: paddr=00030020 vaddr=42000020 size=37044h (225348) map[0m
[0;32mI (155) esp_image: segment 4: paddr=0006706c vaddr=40380de4 size=017b4h (  6068) load[0m
[0;32mI (157) esp_image: segment 5: paddr=00068828 vaddr=600fe100 size=0001ch (    28) load[0m
[0;32mI (165) boot: Loaded app from partition at offset 0x10000[0m
[0;32mI (165) boot: Disabling RNG early entropy source...[0m
[0;32mI (180) cpu_start: Multicore app[0m
[0;32mI (190) cpu_start: Pro cpu start user code[0m
[0;32mI (190) cpu_start: cpu freq: 240000000 Hz[0m
[0;32mI (190) app_init: Application information:[0m
[0;32mI (190) app_init: Project name:     Programmerbar_last[0m
[0;32mI (195) app_init: App version:      a4e8186-dirty[0m
[0;32mI (199) app_init: Compile time:     Mar  3 2025 17:10:58[0m
[0;32mI (204) app_init: ELF file SHA256:  7aebd7b42...[0m
[0;32mI (208) app_init: ESP-IDF:          v5.4[0m
[0;32mI (212) efuse_init: Min chip rev:     v0.0[0m
[0;32mI (216) efuse_init: Max chip rev:     v0.99 [0m
[0;32mI (220) efuse_init: Chip rev:         v0.2[0m
[0;32mI (224) heap_init: Initializing. RAM available for dynamic allocation:[0m
[0;32mI (230) heap_init: At 3FC96660 len 000530B0 (332 KiB): RAM[0m
[0;32mI (235) heap_init: At 3FCE9710 len 00005724 (21 KiB): RAM[0m
[0;32mI (240) heap_init: At 3FCF0000 len 00008000 (32 KiB): DRAM[0m
[0;32mI (245) heap_init: At 600FE11C len 00001ECC (7 KiB): RTCRAM[0m
[0;32mI (252) spi_flash: detected chip: gd[0m
[0;32mI (254) spi_flash: flash io: dio[0m
[0;32mI (257) sleep_gpio: Configure to isolate all GPIO pins in sleep state[0m
[0;32mI (263) sleep_gpio: Enable automatic switching of GPIO sleep configuration[0m
[0;32mI (270) main_task: Started on CPU0[0m
[0;32mI (280) main_task: Calling app_main()[0m
[0;32mI (280) RTC_TIME: Initialising SNTP[0m

assert failed: tcpip_callback /IDF/components/lwip/lwip/src/api/tcpip.c:318 (Invalid mbox)


Backtrace: 0x40375aa5:0x3fc9aee0 0x40379c5d:0x3fc9af00 0x403805dd:0x3fc9af20 0x4200cfd1:0x3fc9b040 0x4200cf7c:0x3fc9b060 0x4200aa48:0x3fc9b080 0x4037a561:0x3fc9b120




ELF file SHA256: 7aebd7b42

Rebooting...
ESP-ROM:esp32s3-20210327
Build:Mar 27 2021
rst:0xc (RTC_SW_CPU_RST),boot:0x8 (SPI_FAST_FLASH_BOOT)
Saved PC:0x403759e4
SPIWP:0xee
mode:DIO, clock div:1
load:0x3fce2810,len:0x15a0
load:0x403c8700,len:0x4
load:0x403c8704,len:0xd20
load:0x403cb700,len:0x2ee4
entry 0x403c8928
[0;32mI (26) boot: ESP-IDF v5.4 2nd stage bootloader[0m
[0;32mI (26) boot: compile time Mar  3 2025 17:12:26[0m
[0;32mI (27) boot: Multicore bootloader[0m
[0;32mI (27) boot: chip revision: v0.2[0m
[0;32mI (29) boot: efuse block revision: v1.3[0m
[0;32mI (33) boot.esp32s3: Boot SPI Speed : 80MHz[0m
[0;32mI (37) boot.esp32s3: SPI Mode       : DIO[0m
[0;32mI (40) boot.esp32s3: SPI Flash Size : 8MB[0m
[0;32mI (44) boot: Enabling RNG early entropy source...[0m
[0;32mI (49) boot: Partition Table:[0m
[0;32mI (51) boot: ## Label            Usage          Type ST Offset   Length[0m
[0;32mI (58) boot:  0 nvs              WiFi data        01 02 00009000 00006000[0m
[0;32mI (64) boot:  1 phy_init         RF data          01 01 0000f000 00001000[0m
[0;32mI (71) boot:  2 factory          factory app      00 00 00010000 00100000[0m
[0;32mI (77) boot: End of partition table[0m
[0;32mI (80) esp_image: segment 0: paddr=00010020 vaddr=3c040020 size=10764h ( 67428) map[0m
[0;32mI (100) esp_image: segment 1: paddr=0002078c vaddr=3fc92600 size=02aa0h ( 10912) load[0m
[0;32mI (102) esp_image: segment 2: paddr=00023234 vaddr=40374000 size=0cde4h ( 52708) load[0m
[0;32mI (115) esp_image: segment 3: paddr=00030020 vaddr=42000020 size=37044h (225348) map[0m
[0;32mI (156) esp_image: segment 4: paddr=0006706c vaddr=40380de4 size=017b4h (  6068) load[0m
[0;32mI (158) esp_image: segment 5: paddr=00068828 vaddr=600fe100 size=0001ch (    28) load[0m
[0;32mI (165) boot: Loaded app from partition at offset 0x10000[0m
[0;32mI (165) boot: Disabling RNG early entropy source...[0m
[0;32mI (181) cpu_start: Multicore app[0m
[0;32mI (190) cpu_start: Pro cpu start user code[0m
[0;32mI (190) cpu_start: cpu freq: 240000000 Hz[0m
[0;32mI (190) app_init: Application information:[0m
[0;32mI (191) app_init: Project name:     Programmerbar_last[0m
[0;32mI (195) app_init: App version:      a4e8186-dirty[0m
[0;32mI (199) app_init: Compile time:     Mar  3 2025 17:10:58[0m
[0;32mI (204) app_init: ELF file SHA256:  7aebd7b42...[0m
[0;32mI (209) app_init: ESP-IDF:          v5.4[0m
[0;32mI (212) efuse_init: Min chip rev:     v0.0[0m
[0;32mI (216) efuse_init: Max chip rev:     v0.99 [0m
[0;32mI (220) efuse_init: Chip rev:         v0.2[0m
[0;32mI (224) heap_init: Initializing. RAM available for dynamic allocation:[0m
[0;32mI (230) heap_init: At 3FC96660 len 000530B0 (332 KiB): RAM[0m
[0;32mI (235) heap_init: At 3FCE9710 len 00005724 (21 KiB): RAM[0m
[0;32mI (241) heap_init: At 3FCF0000 len 00008000 (32 KiB): DRAM[0m
[0;32mI (246) heap_init: At 600FE11C len 00001ECC (7 KiB): RTCRAM[0m
[0;32mI (252) spi_flash: detected chip: gd[0m
[0;32mI (254) spi_flash: flash io: dio[0m
[0;32mI (258) sleep_gpio: Configure to isolate all GPIO pins in sleep state[0m
[0;32mI (264) sleep_gpio: Enable automatic switching of GPIO sleep configuration[0m
[0;32mI (271) main_task: Started on CPU0[0m
[0;32mI (281) main_task: Calling app_main()[0m
[0;32mI (281) RTC_TIME: Initialising SNTP[0m

assert failed: tcpip_callback /IDF/components/lwip/lwip/src/api/tcpip.c:318 (Invalid mbox)


Backtrace: 0x40375aa5:0x3fc9aee0 0x40379c5d:0x3fc9af00 0x403805dd:0x3fc9af20 0x4200cfd1:0x3fc9b040 0x4200cf7c:0x3fc9b060 0x4200aa48:0x3fc9b080 0x4037a561:0x3fc9b120




ELF file SHA256: 7aebd7b42

Rebooting...
ESP-ROM:esp32s3-20210327
Build:Mar 27 2021
rst:0xc (RTC_SW_CPU_RST),boot:0x8 (SPI_FAST_FLASH_BOOT)
Saved PC:0x403759e4
SPIWP:0xee
mode:DIO, clock div:1
load:0x3fce2810,len:0x15a0
load:0x403c8700,len:0x4
load:0x403c8704,len:0xd20
load:0x403cb700,len:0x2ee4
entry 0x403c8928
[0;32mI (26) boot: ESP-IDF v5.4 2nd stage bootloader[0m
[0;32mI (26) boot: compile time Mar  3 2025 17:12:26[0m
[0;32mI (27) boot: Multicore bootloader[0m
[0;32mI (27) boot: chip revision: v0.2[0m
[0;32mI (29) boot: efuse block revision: v1.3[0m
[0;32mI (33) boot.esp32s3: Boot SPI Speed : 80MHz[0m
[0;32mI (36) boot.esp32s3: SPI Mode       : DIO[0m
[0;32mI (40) boot.esp32s3: SPI Flash Size : 8MB[0m
[0;32mI (44) boot: Enabling RNG early entropy source...[0m
[0;32mI (48) boot: Partition Table:[0m
[0;32mI (51) boot: ## Label            Usage          Type ST Offset   Length[0m
[0;32mI (57) boot:  0 nvs              WiFi data        01 02 00009000 00006000[0m
[0;32mI (64) boot:  1 phy_init         RF data          01 01 0000f000 00001000[0m
[0;32mI (70) boot:  2 factory          factory app      00 00 00010000 00100000[0m
[0;32mI (77) boot: End of partition table[0m
[0;32mI (80) esp_image: segment 0: paddr=00010020 vaddr=3c040020 size=10764h ( 67428) map[0m
[0;32mI (100) esp_image: segment 1: paddr=0002078c vaddr=3fc92600 size=02aa0h ( 10912) load[0m
[0;32mI (102) esp_image: segment 2: paddr=00023234 vaddr=40374000 size=0cde4h ( 52708) load[0m
[0;32mI (115) esp_image: segment 3: paddr=00030020 vaddr=42000020 size=37044h (225348) map[0m
[0;32mI (155) esp_image: segment 4: paddr=0006706c vaddr=40380de4 size=017b4h (  6068) load[0m
[0;32mI (157) esp_image: segment 5: paddr=00068828 vaddr=600fe100 size=0001ch (    28) load[0m
[0;32mI (165) boot: Loaded app from partition at offset 0x10000[0m
[0;32mI (165) boot: Disabling RNG early entropy source...[0m
[0;32mI (180) cpu_start: Multicore app[0m
[0;32mI (190) cpu_start: Pro cpu start user code[0m
[0;32mI (190) cpu_start: cpu freq: 240000000 Hz[0m
[0;32mI (190) app_init: Application information:[0m
[0;32mI (190) app_init: Project name:     Programmerbar_last[0m
[0;32mI (195) app_init: App version:      a4e8186-dirty[0m
[0;32mI (199) app_init: Compile time:     Mar  3 2025 17:10:58[0m
[0;32mI (204) app_init: ELF file SHA256:  7aebd7b42...[0m
[0;32mI (208) app_init: ESP-IDF:          v5.4[0m
[0;32mI (212) efuse_init: Min chip rev:     v0.0[0m
[0;32mI (216) efuse_init: Max chip rev:     v0.99 [0m
[0;32mI (220) efuse_init: Chip rev:         v0.2[0m
[0;32mI (224) heap_init: Initializing. RAM available for dynamic allocation:[0m
[0;32mI (230) heap_init: At 3FC96660 len 000530B0 (332 KiB): RAM[0m
[0;32mI (235) heap_init: At 3FCE9710 len 00005724 (21 KiB): RAM[0m
[0;32mI (240) heap_init: At 3FCF0000 len 00008000 (32 KiB): DRAM[0m
[0;32mI (245) heap_init: At 600FE11C len 00001ECC (7 KiB): RTCRAM[0m
[0;32mI (252) spi_flash: detected chip: gd[0m
[0;32mI (254) spi_flash: flash io: dio[0m
[0;32mI (257) sleep_gpio: Configure to isolate all GPIO pins in sleep state[0m
[0;32mI (263) sleep_gpio: Enable automatic switching of GPIO sleep configuration[0m
[0;32mI (270) main_task: Started on CPU0[0m
[0;32mI (280) main_task: Calling app_main()[0m
[0;32mI (280) RTC_TIME: Initialising SNTP[0m

assert failed: tcpip_callback /IDF/components/lwip/lwip/src/api/tcpip.c:318 (Invalid mbox)


Backtrace: 0x40375aa5:0x3fc9aee0 0x40379c5d:0x3fc9af00 0x403805dd:0x3fc9af20 0x4200cfd1:0x3fc9b040 0x4200cf7c:0x3fc9b060 0x4200aa48:0x3fc9b080 0x4037a561:0x3fc9b120




ELF file SHA256: 7aebd7b42

Rebooting...
ESP-ROM:esp32s3-20210327
Build:Mar 27 2021
rst:0xc (RTC_SW_CPU_RST),boot:0x8 (SPI_FAST_FLASH_BOOT)
Saved PC:0x403759e4
SPIWP:0xee
mode:DIO, clock div:1
load:0x3fce2810,len:0x15a0
load:0x403c8700,len:0x4
load:0x403c8704,len:0xd20
load:0x403cb700,len:0x2ee4
entry 0x403c8928
[0;32mI (26) boot: ESP-IDF v5.4 2nd stage bootloader[0m
[0;32mI (26) boot: compile time Mar  3 2025 17:12:26[0m
[0;32mI (27) boot: Multicore bootloader[0m
[0;32mI (27) boot: chip revision: v0.2[0m
[0;32mI (29) boot: efuse block revision: v1.3[0m
[0;32mI (33) boot.esp32s3: Boot SPI Speed : 80MHz[0m
[0;32mI (37) boot.esp32s3: SPI Mode       : DIO[0m
[0;32mI (40) boot.esp32s3: SPI Flash Size : 8MB[0m
[0;32mI (44) boot: Enabling RNG early entropy source...[0m
[0;32mI (49) boot: Partition Table:[0m
[0;32mI (51) boot: ## Label            Usage          Type ST Offset   Length[0m
[0;32mI (58) boot:  0 nvs              WiFi data        01 02 00009000 00006000[0m
[0;32mI (64) boot:  1 phy_init         RF data          01 01 0000f000 00001000[0m
[0;32mI (71) boot:  2 factory          factory app      00 00 00010000 00100000[0m
[0;32mI (77) boot: End of partition table[0m
[0;32mI (80) esp_image: segment 0: paddr=00010020 vaddr=3c040020 size=10764h ( 67428) map[0m
[0;32mI (100) esp_image: segment 1: paddr=0002078c vaddr=3fc92600 size=02aa0h ( 10912) load[0m
[0;32mI (102) esp_image: segment 2: paddr=00023234 vaddr=40374000 size=0cde4h ( 52708) load[0m
[0;32mI (115) esp_image: segment 3: paddr=00030020 vaddr=42000020 size=37044h (225348) map[0m
[0;32mI (156) esp_image: segment 4: paddr=0006706c vaddr=40380de4 size=017b4h (  6068) load[0m
[0;32mI (158) esp_image: segment 5: paddr=00068828 vaddr=600fe100 size=0001ch (    28) load[0m
[0;32mI (165) boot: Loaded app from partition at offset 0x10000[0m
[0;32mI (165) boot: Disabling RNG early entropy source...[0m
[0;32mI (181) cpu_start: Multicore app[0m
[0;32mI (190) cpu_start: Pro cpu start user code[0m
[0;32mI (190) cpu_start: cpu freq: 240000000 Hz[0m
[0;32mI (190) app_init: Application information:[0m
[0;32mI (190) app_init: Project name:     Programmerbar_last[0m
[0;32mI (195) app_init: App version:      a4e8186-dirty[0m
[0;32mI (199) app_init: Compile time:     Mar  3 2025 17:10:58[0m
[0;32mI (204) app_init: ELF file SHA256:  7aebd7b42...[0m
[0;32mI (209) app_init: ESP-IDF:          v5.4[0m
[0;32mI (212) efuse_init: Min chip rev:     v0.0[0m
[0;32mI (216) efuse_init: Max chip rev:     v0.99 [0m
[0;32mI (220) efuse_init: Chip rev:         v0.2[0m
[0;32mI (224) heap_init: Initializing. RAM available for dynamic allocation:[0m
[0;32mI (230) heap_init: At 3FC96660 len 000530B0 (332 KiB): RAM[0m
[0;32mI (235) heap_init: At 3FCE9710 len 00005724 (21 KiB): RAM[0m
[0;32mI (241) heap_init: At 3FCF0000 len 00008000 (32 KiB): DRAM[0m
[0;32mI (246) heap_init: At 600FE11C len 00001ECC (7 KiB): RTCRAM[0m
[0;32mI (252) spi_flash: detected chip: gd[0m
[0;32mI (254) spi_flash: flash io: dio[0m
[0;32mI (257) sleep_gpio: Configure to isolate all GPIO pins in sleep state[0m
[0;32mI (264) sleep_gpio: Enable automatic switching of GPIO sleep configuration[0m
[0;32mI (270) main_task: Started on CPU0[0m
[0;32mI (280) main_task: Calling app_main()[0m
[0;32mI (280) RTC_TIME: Initialising SNTP[0m

assert failed: tcpip_callback /IDF/components/lwip/lwip/src/api/tcpip.c:318 (Invalid mbox)


Backtrace: 0x40375aa5:0x3fc9aee0 0x40379c5d:0x3fc9af00 0x403805dd:0x3fc9af20 0x4200cfd1:0x3fc9b040 0x4200cf7c:0x3fc9b060 0x4200aa48:0x3fc9b080 0x4037a561:0x3fc9b120




ELF file SHA256: 7aebd7b42

Rebooting...
ESP-ROM:esp32s3-20210327
Build:Mar 27 2021
rst:0xc (RTC_SW_CPU_RST),boot:0x8 (SPI_FAST_FLASH_BOOT)
Saved PC:0x403759e4
SPIWP:0xee
mode:DIO, clock div:1
load:0x3fce2810,len:0x15a0
load:0x403c8700,len:0x4
load:0x403c8704,len:0xd20
load:0x403cb700,len:0x2ee4
entry 0x403c8928
[0;32mI (26) boot: ESP-IDF v5.4 2nd stage bootloader[0m
[0;32mI (26) boot: compile time Mar  3 2025 17:12:26[0m
[0;32mI (27) boot: Multicore bootloader[0m
[0;32mI (27) boot: chip revision: v0.2[0m
[0;32mI (29) boot: efuse block revision: v1.3[0m
[0;32mI (33) boot.esp32s3: Boot SPI Speed : 80MHz[0m
[0;32mI (36) boot.esp32s3: SPI Mode       : DIO[0m
[0;32mI (40) boot.esp32s3: SPI Flash Size : 8MB[0m
[0;32mI (44) boot: Enabling RNG early entropy source...[0m
[0;32mI (48) boot: Partition Table:[0m
[0;32mI (51) boot: ## Label            Usage          Type ST Offset   Length[0m
[0;32mI (57) boot:  0 nvs              WiFi data        01 02 00009000 00006000[0m
[0;32mI (64) boot:  1 phy_init         RF data          01 01 0000f000 00001000[0m
[0;32mI (70) boot:  2 factory          factory app      00 00 00010000 00100000[0m
[0;32mI (77) boot: End of partition table[0m
[0;32mI (80) esp_image: segment 0: paddr=00010020 vaddr=3c040020 size=10764h ( 67428) map[0m
[0;32mI (100) esp_image: segment 1: paddr=0002078c vaddr=3fc92600 size=02aa0h ( 10912) load[0m
[0;32mI (102) esp_image: segment 2: paddr=00023234 vaddr=40374000 size=0cde4h ( 52708) load[0m
[0;32mI (115) esp_image: segment 3: paddr=00030020 vaddr=42000020 size=37044h (225348) map[0m
[0;32mI (155) esp_image: segment 4: paddr=0006706c vaddr=40380de4 size=017b4h (  6068) load[0m
[0;32mI (158) esp_image: segment 5: paddr=00068828 vaddr=600fe100 size=0001ch (    28) load[0m
[0;32mI (165) boot: Loaded app from partition at offset 0x10000[0m
[0;32mI (165) boot: Disabling RNG early entropy source...[0m
[0;32mI (181) cpu_start: Multicore app[0m
[0;32mI (190) cpu_start: Pro cpu start user code[0m
[0;32mI (190) cpu_start: cpu freq: 240000000 Hz[0m
[0;32mI (190) app_init: Application information:[0m
[0;32mI (190) app_init: Project name:     Programmerbar_last[0m
[0;32mI (195) app_init: App version:      a4e8186-dirty[0m
[0;32mI (199) app_init: Compile time:     Mar  3 2025 17:10:58[0m
[0;32mI (204) app_init: ELF file SHA256:  7aebd7b42...[0m
[0;32mI (208) app_init: ESP-IDF:          v5.4[0m
[0;32mI (212) efuse_init: Min chip rev:     v0.0[0m
[0;32mI (216) efuse_init: Max chip rev:     v0.99 [0m
[0;32mI (220) efuse_init: Chip rev:         v0.2[0m
[0;32mI (224) heap_init: Initializing. RAM available for dynamic allocation:[0m
[0;32mI (230) heap_init: At 3FC96660 len 000530B0 (332 KiB): RAM[0m
[0;32mI (235) heap_init: At 3FCE9710 len 00005724 (21 KiB): RAM[0m
[0;32mI (240) heap_init: At 3FCF0000 len 00008000 (32 KiB): DRAM[0m
[0;32mI (246) heap_init: At 600FE11C len 00001ECC (7 KiB): RTCRAM[0m
[0;32mI (252) spi_flash: detected chip: gd[0m
[0;32mI (254) spi_flash: flash io: dio[0m
[0;32mI (257) sleep_gpio: Configure to isolate all GPIO pins in sleep state[0m
[0;32mI (263) sleep_gpio: Enable automatic switching of GPIO sleep configuration[0m
[0;32mI (270) main_task: Started on CPU0[0m
[0;32mI (280) main_task: Calling app_main()[0m
[0;32mI (280) RTC_TIME: Initialising SNTP[0m

assert failed: tcpip_callback /IDF/components/lwip/lwip/src/api/tcpip.c:318 (Invalid mbox)


Backtrace: 0x40375aa5:0x3fc9aee0 0x40379c5d:0x3fc9af00 0x403805dd:0x3fc9af20 0x4200cfd1:0x3fc9b040 0x4200cf7c:0x3fc9b060 0x4200aa48:0x3fc9b080 0x4037a561:0x3fc9b120




ELF file SHA256: 7aebd7b42

Rebooting...
ESP-ROM:esp32s3-20210327
Build:Mar 27 2021
rst:0xc (RTC_SW_CPU_RST),boot:0x8 (SPI_FAST_FLASH_BOOT)
Saved PC:0x403759e4
SPIWP:0xee
mode:DIO, clock div:1
load:0x3fce2810,len:0x15a0
load:0x403c8700,len:0x4
load:0x403c8704,len:0xd20
load:0x403cb700,len:0x2ee4
entry 0x403c8928
[0;32mI (26) boot: ESP-IDF v5.4 2nd stage bootloader[0m
[0;32mI (26) boot: compile time Mar  3 2025 17:12:26[0m
[0;32mI (27) boot: Multicore bootloader[0m
[0;32mI (27) boot: chip revision: v0.2[0m
[0;32mI (29) boot: efuse block revision: v1.3[0m
[0;32mI (33) boot.esp32s3: Boot SPI Speed : 80MHz[0m
[0;32mI (37) boot.esp32s3: SPI Mode       : DIO[0m
[0;32mI (40) boot.esp32s3: SPI Flash Size : 8MB[0m
[0;32mI (44) boot: Enabling RNG early entropy source...[0m
[0;32mI (49) boot: Partition Table:[0m
[0;32mI (51) boot: ## Label            Usage          Type ST Offset   Length[0m
[0;32mI (57) boot:  0 nvs              WiFi data        01 02 00009000 00006000[0m
[0;32mI (64) boot:  1 phy_init         RF data          01 01 0000f000 00001000[0m
[0;32mI (70) boot:  2 factory          factory app      00 00 00010000 00100000[0m
[0;32mI (77) boot: End of partition table[0m
[0;32mI (80) esp_image: segment 0: paddr=00010020 vaddr=3c040020 size=10764h ( 67428) map[0m
[0;32mI (100) esp_image: segment 1: paddr=0002078c vaddr=3fc92600 size=02aa0h ( 10912) load[0m
[0;32mI (102) esp_image: segment 2: paddr=00023234 vaddr=40374000 size=0cde4h ( 52708) load[0m
[0;32mI (115) esp_image: segment 3: paddr=00030020 vaddr=42000020 size=37044h (225348) map[0m
[0;32mI (156) esp_image: segment 4: paddr=0006706c vaddr=40380de4 size=017b4h (  6068) load[0m
[0;32mI (158) esp_image: segment 5: paddr=00068828 vaddr=600fe100 size=0001ch (    28) load[0m
[0;32mI (165) boot: Loaded app from partition at offset 0x10000[0m
[0;32mI (165) boot: Disabling RNG early entropy source...[0m
[0;32mI (181) cpu_start: Multicore app[0m
[0;32mI (190) cpu_start: Pro cpu start user code[0m
[0;32mI (190) cpu_start: cpu freq: 240000000 Hz[0m
[0;32mI (190) app_init: Application information:[0m
[0;32mI (191) app_init: Project name:     Programmerbar_last[0m
[0;32mI (195) app_init: App version:      a4e8186-dirty[0m
[0;32mI (199) app_init: Compile time:     Mar  3 2025 17:10:58[0m
[0;32mI (204) app_init: ELF file SHA256:  7aebd7b42...[0m
[0;32mI (209) app_init: ESP-IDF:          v5.4[0m
[0;32mI (212) efuse_init: Min chip rev:     v0.0[0m
[0;32mI (216) efuse_init: Max chip rev:     v0.99 [0m
[0;32mI (220) efuse_init: Chip rev:         v0.2[0m
[0;32mI (224) heap_init: Initializing. RAM available for dynamic allocation:[0m
[0;32mI (230) heap_init: At 3FC96660 len 000530B0 (332 KiB): RAM[0m
[0;32mI (235) heap_init: At 3FCE9710 len 00005724 (21 KiB): RAM[0m
[0;32mI (241) heap_init: At 3FCF0000 len 00008000 (32 KiB): DRAM[0m
[0;32mI (246) heap_init: At 600FE11C len 00001ECC (7 KiB): RTCRAM[0m
[0;32mI (252) spi_flash: detected chip: gd[0m
[0;32mI (254) spi_flash: flash io: dio[0m
[0;32mI (257) sleep_gpio: Configure to isolate all GPIO pins in sleep state[0m
[0;32mI (264) sleep_gpio: Enable automatic switching of GPIO sleep configuration[0m
[0;32mI (270) main_task: Started on CPU0[0m
[0;32mI (280) main_task: Calling app_main()[0m
[0;32mI (280) RTC_TIME: Initialising SNTP[0m

assert failed: tcpip_callback /IDF/components/lwip/lwip/src/api/tcpip.c:318 (Invalid mbox)


Backtrace: 0x40375aa5:0x3fc9aee0 0x40379c5d:0x3fc9af00 0x403805dd:0x3fc9af20 0x4200cfd1:0x3fc9b040 0x4200cf7c:0x3fc9b060 0x4200aa48:0x3fc9b080 0x4037a561:0x3fc9b120




ELF file SHA256: 7aebd7b42

Rebooting...
ESP-ROM:esp32s3-20210327
Build:Mar 27 2021
rst:0xc (RTC_SW_CPU_RST),boot:0x8 (SPI_FAST_FLASH_BOOT)
Saved PC:0x403759e4
SPIWP:0xee
mode:DIO, clock div:1
load:0x3fce2810,len:0x15a0
load:0x403c8700,len:0x4
load:0x403c8704,len:0xd20
load:0x403cb700,len:0x2ee4
entry 0x403c8928
[0;32mI (26) boot: ESP-IDF v5.4 2nd stage bootloader[0m
[0;32mI (26) boot: compile time Mar  3 2025 17:12:26[0m
[0;32mI (27) boot: Multicore bootloader[0m
[0;32mI (27) boot: chip revision: v0.2[0m
[0;32mI (29) boot: efuse block revision: v1.3[0m
[0;32mI (33) boot.esp32s3: Boot SPI Speed : 80MHz[0m
[0;32mI (36) boot.esp32s3: SPI Mode       : DIO[0m
[0;32mI (40) boot.esp32s3: SPI Flash Size : 8MB[0m
[0;32mI (44) boot: Enabling RNG early entropy source...[0m
[0;32mI (48) boot: Partition Table:[0m
[0;32mI (51) boot: ## Label            Usage          Type ST Offset   Length[0m
[0;32mI (57) boot:  0 nvs              WiFi data        01 02 00009000 00006000[0m
[0;32mI (64) boot:  1 phy_init         RF data          01 01 0000f000 00001000[0m
[0;32mI (70) boot:  2 factory          factory app      00 00 00010000 00100000[0m
[0;32mI (77) boot: End of partition table[0m
[0;32mI (80) esp_image: segment 0: paddr=00010020 vaddr=3c040020 size=10764h ( 67428) map[0m
[0;32mI (100) esp_image: segment 1: paddr=0002078c vaddr=3fc92600 size=02aa0h ( 10912) load[0m
[0;32mI (102) esp_image: segment 2: paddr=00023234 vaddr=40374000 size=0cde4h ( 52708) load[0m
[0;32mI (115) esp_image: segment 3: paddr=00030020 vaddr=42000020 size=37044h (225348) map[0m
[0;32mI (155) esp_image: segment 4: paddr=0006706c vaddr=40380de4 size=017b4h (  6068) load[0m
[0;32mI (158) esp_image: segment 5: paddr=00068828 vaddr=600fe100 size=0001ch (    28) load[0m
[0;32mI (165) boot: Loaded app from partition at offset 0x10000[0m
[0;32mI (165) boot: Disabling RNG early entropy source...[0m
[0;32mI (181) cpu_start: Multicore app[0m
[0;32mI (190) cpu_start: Pro cpu start user code[0m
[0;32mI (190) cpu_start: cpu freq: 240000000 Hz[0m
[0;32mI (190) app_init: Application information:[0m
[0;32mI (191) app_init: Project name:     Programmerbar_last[0m
[0;32mI (195) app_init: App version:      a4e8186-dirty[0m
[0;32mI (199) app_init: Compile time:     Mar  3 2025 17:10:58[0m
[0;32mI (204) app_init: ELF file SHA256:  7aebd7b42...[0m
[0;32mI (208) app_init: ESP-IDF:          v5.4[0m
[0;32mI (212) efuse_init: Min chip rev:     v0.0[0m
[0;32mI (216) efuse_init: Max chip rev:     v0.99 [0m
[0;32mI (220) efuse_init: Chip rev:         v0.2[0m
[0;32mI (224) heap_init: Initializing. RAM available for dynamic allocation:[0m
[0;32mI (230) heap_init: At 3FC96660 len 000530B0 (332 KiB): RAM[0m
[0;32mI (235) heap_init: At 3FCE9710 len 00005724 (21 KiB): RAM[0m
[0;32mI (240) heap_init: At 3FCF0000 len 00008000 (32 KiB): DRAM[0m
[0;32mI (246) heap_init: At 600FE11C len 00001ECC (7 KiB): RTCRAM[0m
[0;32mI (252) spi_flash: detected chip: gd[0m
[0;32mI (254) spi_flash: flash io: dio[0m
[0;32mI (257) sleep_gpio: Configure to isolate all GPIO pins in sleep state[0m
[0;32mI (263) sleep_gpio: Enable automatic switching of GPIO sleep configuration[0m
[0;32mI (270) main_task: Started on CPU0[0m
[0;32mI (280) main_task: Calling app_main()[0m
[0;32mI (280) RTC_TIME: Initialising SNTP[0m

assert failed: tcpip_callback /IDF/components/lwip/lwip/src/api/tcpip.c:318 (Invalid mbox)


Backtrace: 0x40375aa5:0x3fc9aee0 0x40379c5d:0x3fc9af00 0x403805dd:0x3fc9af20 0x4200cfd1:0x3fc9b040 0x4200cf7c:0x3fc9b060 0x4200aa48:0x3fc9b080 0x4037a561:0x3fc9b120




ELF file SHA256: 7aebd7b42

Rebooting...
ESP-ROM:esp32s3-20210327
Build:Mar 27 2021
rst:0xc (RTC_SW_CPU_RST),boot:0x8 (SPI_FAST_FLASH_BOOT)
Saved PC:0x403759e4
SPIWP:0xee
mode:DIO, clock div:1
load:0x3fce2810,len:0x15a0
load:0x403c8700,len:0x4
load:0x403c8704,len:0xd20
load:0x403cb700,len:0x2ee4
entry 0x403c8928
[0;32mI (26) boot: ESP-IDF v5.4 2nd stage bootloader[0m
[0;32mI (26) boot: compile time Mar  3 2025 17:12:26[0m
[0;32mI (27) boot: Multicore bootloader[0m
[0;32mI (27) boot: chip revision: v0.2[0m
[0;32mI (29) boot: efuse block revision: v1.3[0m
[0;32mI (33) boot.esp32s3: Boot SPI Speed : 80MHz[0m
[0;32mI (37) boot.esp32s3: SPI Mode       : DIO[0m
[0;32mI (40) boot.esp32s3: SPI Flash Size : 8MB[0m
[0;32mI (44) boot: Enabling RNG early entropy source...[0m
[0;32mI (49) boot: Partition Table:[0m
[0;32mI (51) boot: ## Label            Usage          Type ST Offset   Length[0m
[0;32mI (57) boot:  0 nvs              WiFi data        01 02 00009000 00006000[0m
[0;32mI (64) boot:  1 phy_init         RF data          01 01 0000f000 00001000[0m
[0;32mI (70) boot:  2 factory          factory app      00 00 00010000 00100000[0m
[0;32mI (77) boot: End of partition table[0m
[0;32mI (80) esp_image: segment 0: paddr=00010020 vaddr=3c040020 size=10764h ( 67428) map[0m
[0;32mI (100) esp_image: segment 1: paddr=0002078c vaddr=3fc92600 size=02aa0h ( 10912) load[0m
[0;32mI (102) esp_image: segment 2: paddr=00023234 vaddr=40374000 size=0cde4h ( 52708) load[0m
[0;32mI (115) esp_image: segment 3: paddr=00030020 vaddr=42000020 size=37044h (225348) map[0m
[0;32mI (156) esp_image: segment 4: paddr=0006706c vaddr=40380de4 size=017b4h (  6068) load[0m
[0;32mI (158) esp_image: segment 5: paddr=00068828 vaddr=600fe100 size=0001ch (    28) load[0m
[0;32mI (165) boot: Loaded app from partition at offset 0x10000[0m
[0;32mI (165) boot: Disabling RNG early entropy source...[0m
[0;32mI (181) cpu_start: Multicore app[0m
[0;32mI (190) cpu_start: Pro cpu start user code[0m
[0;32mI (190) cpu_start: cpu freq: 240000000 Hz[0m
[0;32mI (190) app_init: Application information:[0m
[0;32mI (191) app_init: Project name:     Programmerbar_last[0m
[0;32mI (195) app_init: App version:      a4e8186-dirty[0m
[0;32mI (199) app_init: Compile time:     Mar  3 2025 17:10:58[0m
[0;32mI (204) app_init: ELF file SHA256:  7aebd7b42...[0m
[0;32mI (209) app_init: ESP-IDF:          v5.4[0m
[0;32mI (212) efuse_init: Min chip rev:     v0.0[0m
[0;32mI (216) efuse_init: Max chip rev:     v0.99 [0m
[0;32mI (220) efuse_init: Chip rev:         v0.2[0m
[0;32mI (224) heap_init: Initializing. RAM available for dynamic allocation:[0m
[0;32mI (230) heap_init: At 3FC96660 len 000530B0 (332 KiB): RAM[0m
[0;32mI (235) heap_init: At 3FCE9710 len 00005724 (21 KiB): RAM[0m
[0;32mI (241) heap_init: At 3FCF0000 len 00008000 (32 KiB): DRAM[0m
[0;32mI (246) heap_init: At 600FE11C len 00001ECC (7 KiB): RTCRAM[0m
[0;32mI (252) spi_flash: detected chip: gd[0m
[0;32mI (254) spi_flash: flash io: dio[0m
[0;32mI (257) sleep_gpio: Configure to isolate all GPIO pins in sleep state[0m
[0;32mI (264) sleep_gpio: Enable automatic switching of GPIO sleep configuration[0m
[0;32mI (270) main_task: Started on CPU0[0m
[0;32mI (280) main_task: Calling app_main()[0m
[0;32mI (280) RTC_TIME: Initialising SNTP[0m

assert failed: tcpip_callback /IDF/components/lwip/lwip/src/api/tcpip.c:318 (Invalid mbox)


Backtrace: 0x40375aa5:0x3fc9aee0 0x40379c5d:0x3fc9af00 0x403805dd:0x3fc9af20 0x4200cfd1:0x3fc9b040 0x4200cf7c:0x3fc9b060 0x4200aa48:0x3fc9b080 0x4037a561:0x3fc9b120




ELF file SHA256: 7aebd7b42

Rebooting...
ESP-ROM:esp32s3-20210327
Build:Mar 27 2021
rst:0xc (RTC_SW_CPU_RST),boot:0x8 (SPI_FAST_FLASH_BOOT)
Saved PC:0x403759e4
SPIWP:0xee
mode:DIO, clock div:1
load:0x3fce2810,len:0x15a0
load:0x403c8700,len:0x4
load:0x403c8704,len:0xd20
load:0x403cb700,len:0x2ee4
entry 0x403c8928
[0;32mI (26) boot: ESP-IDF v5.4 2nd stage bootloader[0m
[0;32mI (26) boot: compile time Mar  3 2025 17:12:26[0m
[0;32mI (27) boot: Multicore bootloader[0m
[0;32mI (27) boot: chip revision: v0.2[0m
[0;32mI (29) boot: efuse block revision: v1.3[0m
[0;32mI (33) boot.esp32s3: Boot SPI Speed : 80MHz[0m
[0;32mI (36) boot.esp32s3: SPI Mode       : DIO[0m
[0;32mI (40) boot.esp32s3: SPI Flash Size : 8MB[0m
[0;32mI (44) boot: Enabling RNG early entropy source...[0m
[0;32mI (48) boot: Partition Table:[0m
[0;32mI (51) boot: ## Label            Usage          Type ST Offset   Length[0m
[0;32mI (57) boot:  0 nvs              WiFi data        01 02 00009000 00006000[0m
[0;32mI (64) boot:  1 phy_init         RF data          01 01 0000f000 00001000[0m
[0;32mI (70) boot:  2 factory          factory app      00 00 00010000 00100000[0m
[0;32mI (77) boot: End of partition table[0m
[0;32mI (80) esp_image: segment 0: paddr=00010020 vaddr=3c040020 size=10764h ( 67428) map[0m
[0;32mI (100) esp_image: segment 1: paddr=0002078c vaddr=3fc92600 size=02aa0h ( 10912) load[0m
[0;32mI (102) esp_image: segment 2: paddr=00023234 vaddr=40374000 size=0cde4h ( 52708) load[0m
[0;32mI (115) esp_image: segment 3: paddr=00030020 vaddr=42000020 size=37044h (225348) map[0m
[0;32mI (155) esp_image: segment 4: paddr=0006706c vaddr=40380de4 size=017b4h (  6068) load[0m
[0;32mI (157) esp_image: segment 5: paddr=00068828 vaddr=600fe100 size=0001ch (    28) load[0m
[0;32mI (165) boot: Loaded app from partition at offset 0x10000[0m
[0;32mI (165) boot: Disabling RNG early entropy source...[0m
[0;32mI (181) cpu_start: Multicore app[0m
