ESP-ROM:esp32s3-20210327
Build:Mar 27 2021
rst:0x15 (USB_UART_CHIP_RESET),boot:0x8 (SPI_FAST_FLASH_BOOT)
Saved PC:0x400490e9
SPIWP:0xee
mode:DIO, clock div:1
load:0x3fce2810,len:0x15a0
load:0x403c8700,len:0x4
load:0x403c8704,len:0xd20
load:0x403cb700,len:0x2ee4
entry 0x403c8928
[0;32mI (26) boot: ESP-IDF v5.4-dirty 2nd stage bootloader[0m
[0;32mI (27) boot: compile time Feb 14 2025 11:21:12[0m
[0;32mI (27) boot: Multicore bootloader[0m
[0;32mI (27) boot: chip revision: v0.2[0m
[0;32mI (30) boot: efuse block revision: v1.3[0m
[0;32mI (34) boot.esp32s3: Boot SPI Speed : 80MHz[0m
[0;32mI (37) boot.esp32s3: SPI Mode       : DIO[0m
[0;32mI (41) boot.esp32s3: SPI Flash Size : 8MB[0m
[0;32mI (45) boot: Enabling RNG early entropy source...[0m
[0;32mI (49) boot: Partition Table:[0m
[0;32mI (52) boot: ## Label            Usage          Type ST Offset   Length[0m
[0;32mI (58) boot:  0 nvs              WiFi data        01 02 00009000 00006000[0m
[0;32mI (65) boot:  1 phy_init         RF data          01 01 0000f000 00001000[0m
[0;32mI (71) boot:  2 factory          factory app      00 00 00010000 00100000[0m
[0;32mI (78) boot: End of partition table[0m
[0;32mI (81) esp_image: segment 0: paddr=00010020 vaddr=3c020020 size=0c194h ( 49556) map[0m
[0;32mI (97) esp_image: segment 1: paddr=0001c1bc vaddr=3fc92800 size=02ad0h ( 10960) load[0m
[0;32mI (100) esp_image: segment 2: paddr=0001ec94 vaddr=40374000 size=01384h (  4996) load[0m
[0;32mI (105) esp_image: segment 3: paddr=00020020 vaddr=42000020 size=1d078h (118904) map[0m
[0;32mI (132) esp_image: segment 4: paddr=0003d0a0 vaddr=40375384 size=0d3ach ( 54188) load[0m
[0;32mI (144) esp_image: segment 5: paddr=0004a454 vaddr=600fe100 size=0001ch (    28) load[0m
[0;32mI (150) boot: Loaded app from partition at offset 0x10000[0m
[0;32mI (150) boot: Disabling RNG early entropy source...[0m
[0;32mI (162) cpu_start: Multicore app[0m
[0;32mI (171) cpu_start: Pro cpu start user code[0m
[0;32mI (171) cpu_start: cpu freq: 240000000 Hz[0m
[0;32mI (171) app_init: Application information:[0m
[0;32mI (171) app_init: Project name:     Programmerbar_last[0m
[0;32mI (176) app_init: App version:      eacbb8f-dirty[0m
[0;32mI (180) app_init: Compile time:     Feb 17 2025 09:25:16[0m
[0;32mI (185) app_init: ELF file SHA256:  95d1be146...[0m
[0;32mI (190) app_init: ESP-IDF:          v5.4-dirty[0m
[0;32mI (194) efuse_init: Min chip rev:     v0.0[0m
[0;32mI (198) efuse_init: Max chip rev:     v0.99 [0m
[0;32mI (202) efuse_init: Chip rev:         v0.2[0m
[0;32mI (206) heap_init: Initializing. RAM available for dynamic allocation:[0m
[0;32mI (212) heap_init: At 3FC95C08 len 00053B08 (334 KiB): RAM[0m
[0;32mI (217) heap_init: At 3FCE9710 len 00005724 (21 KiB): RAM[0m
[0;32mI (222) heap_init: At 3FCF0000 len 00008000 (32 KiB): DRAM[0m
[0;32mI (227) heap_init: At 600FE11C len 00001ECC (7 KiB): RTCRAM[0m
[0;32mI (234) spi_flash: detected chip: gd[0m
[0;32mI (236) spi_flash: flash io: dio[0m
[0;32mI (239) sleep_gpio: Configure to isolate all GPIO pins in sleep state[0m
[0;32mI (245) sleep_gpio: Enable automatic switching of GPIO sleep configuration[0m
[0;32mI (252) main_task: Started on CPU0[0m
[0;32mI (262) main_task: Calling app_main()[0m
[0;32mI (262) main_task: Returned from app_main()[0m
[0;32mI (262) ADC_INIT: ADC unit initialised successfully[0m
[0;32mI (262) ADC_INIT: ADC channel initialised successfully[0m
[1;31mE (272) i2c.master: I2C transaction timeout detected[0m
[1;31mE (272) i2c.master: probe device timeout. Please check if xfer_timeout_ms and pull-ups are correctly set up[0m
[0;32mI (282) I2C: No I2C device found on 64[0m
[1;31mE (312) i2c.master: I2C transaction timeout detected[0m
[1;31mE (312) i2c.master: s_i2c_synchronous_transaction(918): I2C transaction failed[0m
[1;31mE (312) i2c.master: i2c_master_multi_buffer_transmit(1180): I2C transaction failed[0m
ESP_ERROR_CHECK failed: esp_err_t 0x103 (ESP_ERR_INVALID_STATE) at 0x42009e2b
file: "./main/src/I2C.c" line 103
func: i2c_write
expression: i2c_master_transmit(dev_handle_name, write_buffer, sizeof(write_buffer), -1)

abort() was called at PC 0x40379f7f on core 1


Backtrace: 0x40375a89:0x3fc9a540 0x40379f89:0x3fc9a560 0x40380671:0x3fc9a580 0x40379f7f:0x3fc9a5f0 0x42009e2b:0x3fc9a620 0x42009b2c:0x3fc9a650 0x42009be0:0x3fc9a670 0x4037a9c1:0x3fc9a6c0




ELF file SHA256: 95d1be146

Rebooting...
ESP-ROM:esp32s3-20210327
Build:Mar 27 2021
rst:0xc (RTC_SW_CPU_RST),boot:0x8 (SPI_FAST_FLASH_BOOT)
Saved PC:0x40378676
SPIWP:0xee
mode:DIO, clock div:1
load:0x3fce2810,len:0x15a0
load:0x403c8700,len:0x4
load:0x403c8704,len:0xd20
load:0x403cb700,len:0x2ee4
entry 0x403c8928
[0;32mI (26) boot: ESP-IDF v5.4-dirty 2nd stage bootloader[0m
[0;32mI (26) boot: compile time Feb 14 2025 11:21:12[0m
[0;32mI (26) boot: Multicore bootloader[0m
[0;32mI (27) boot: chip revision: v0.2[0m
[0;32mI (29) boot: efuse block revision: v1.3[0m
[0;32mI (33) boot.esp32s3: Boot SPI Speed : 80MHz[0m
[0;32mI (37) boot.esp32s3: SPI Mode       : DIO[0m
[0;32mI (41) boot.esp32s3: SPI Flash Size : 8MB[0m
[0;32mI (44) boot: Enabling RNG early entropy source...[0m
[0;32mI (49) boot: Partition Table:[0m
[0;32mI (52) boot: ## Label            Usage          Type ST Offset   Length[0m
[0;32mI (58) boot:  0 nvs              WiFi data        01 02 00009000 00006000[0m
[0;32mI (64) boot:  1 phy_init         RF data          01 01 0000f000 00001000[0m
[0;32mI (71) boot:  2 factory          factory app      00 00 00010000 00100000[0m
[0;32mI (77) boot: End of partition table[0m
[0;32mI (81) esp_image: segment 0: paddr=00010020 vaddr=3c020020 size=0c194h ( 49556) map[0m
[0;32mI (97) esp_image: segment 1: paddr=0001c1bc vaddr=3fc92800 size=02ad0h ( 10960) load[0m
[0;32mI (100) esp_image: segment 2: paddr=0001ec94 vaddr=40374000 size=01384h (  4996) load[0m
[0;32mI (104) esp_image: segment 3: paddr=00020020 vaddr=42000020 size=1d078h (118904) map[0m
[0;32mI (132) esp_image: segment 4: paddr=0003d0a0 vaddr=40375384 size=0d3ach ( 54188) load[0m
[0;32mI (144) esp_image: segment 5: paddr=0004a454 vaddr=600fe100 size=0001ch (    28) load[0m
[0;32mI (150) boot: Loaded app from partition at offset 0x10000[0m
[0;32mI (150) boot: Disabling RNG early entropy source...[0m
[0;32mI (162) cpu_start: Multicore app[0m
[0;32mI (171) cpu_start: Pro cpu start user code[0m
[0;32mI (171) cpu_start: cpu freq: 240000000 Hz[0m
[0;32mI (171) app_init: Application information:[0m
[0;32mI (171) app_init: Project name:     Programmerbar_last[0m
[0;32mI (176) app_init: App version:      eacbb8f-dirty[0m
[0;32mI (180) app_init: Compile time:     Feb 17 2025 09:25:16[0m
[0;32mI (185) app_init: ELF file SHA256:  95d1be146...[0m
[0;32mI (189) app_init: ESP-IDF:          v5.4-dirty[0m
[0;32mI (194) efuse_init: Min chip rev:     v0.0[0m
[0;32mI (197) efuse_init: Max chip rev:     v0.99 [0m
[0;32mI (201) efuse_init: Chip rev:         v0.2[0m
[0;32mI (205) heap_init: Initializing. RAM available for dynamic allocation:[0m
[0;32mI (212) heap_init: At 3FC95C08 len 00053B08 (334 KiB): RAM[0m
[0;32mI (217) heap_init: At 3FCE9710 len 00005724 (21 KiB): RAM[0m
[0;32mI (222) heap_init: At 3FCF0000 len 00008000 (32 KiB): DRAM[0m
[0;32mI (227) heap_init: At 600FE11C len 00001ECC (7 KiB): RTCRAM[0m
[0;32mI (233) spi_flash: detected chip: gd[0m
[0;32mI (236) spi_flash: flash io: dio[0m
[0;32mI (239) sleep_gpio: Configure to isolate all GPIO pins in sleep state[0m
[0;32mI (245) sleep_gpio: Enable automatic switching of GPIO sleep configuration[0m
[0;32mI (252) main_task: Started on CPU0[0m
[0;32mI (262) main_task: Calling app_main()[0m
[0;32mI (262) main_task: Returned from app_main()[0m
[0;32mI (262) ADC_INIT: ADC unit initialised successfully[0m
[0;32mI (262) ADC_INIT: ADC channel initialised successfully[0m
[0;32mI (48362) I2C: I2C Address found at 64[0m
[1;31mE (48412) i2c.master: I2C transaction timeout detected[0m
[1;31mE (48412) i2c.master: s_i2c_synchronous_transaction(918): I2C transaction failed[0m
[1;31mE (48412) i2c.master: i2c_master_multi_buffer_transmit(1180): I2C transaction failed[0m
ESP_ERROR_CHECK failed: esp_err_t 0x103 (ESP_ERR_INVALID_STATE) at 0x42009e2b
file: "./main/src/I2C.c" line 103
func: i2c_write
expression: i2c_master_transmit(dev_handle_name, write_buffer, sizeof(write_buffer), -1)

abort() was called at PC 0x40379f7f on core 1


Backtrace: 0x40375a89:0x3fc9a540 0x40379f89:0x3fc9a560 0x40380671:0x3fc9a580 0x40379f7f:0x3fc9a5f0 0x42009e2b:0x3fc9a620 0x42009b2c:0x3fc9a650 0x42009be0:0x3fc9a670 0x4037a9c1:0x3fc9a6c0




ELF file SHA256: 95d1be146

Rebooting...
ESP-ROM:esp32s3-20210327
Build:Mar 27 2021
rst:0xc (RTC_SW_CPU_RST),boot:0x8 (SPI_FAST_FLASH_BOOT)
Saved PC:0x40378676
SPIWP:0xee
mode:DIO, clock div:1
load:0x3fce2810,len:0x15a0
load:0x403c8700,len:0x4
load:0x403c8704,len:0xd20
load:0x403cb700,len:0x2ee4
entry 0x403c8928
[0;32mI (26) boot: ESP-IDF v5.4-dirty 2nd stage bootloader[0m
[0;32mI (26) boot: compile time Feb 14 2025 11:21:12[0m
[0;32mI (26) boot: Multicore bootloader[0m
[0;32mI (27) boot: chip revision: v0.2[0m
[0;32mI (29) boot: efuse block revision: v1.3[0m
[0;32mI (33) boot.esp32s3: Boot SPI Speed : 80MHz[0m
[0;32mI (37) boot.esp32s3: SPI Mode       : DIO[0m
[0;32mI (41) boot.esp32s3: SPI Flash Size : 8MB[0m
[0;32mI (44) boot: Enabling RNG early entropy source...[0m
[0;32mI (49) boot: Partition Table:[0m
[0;32mI (52) boot: ## Label            Usage          Type ST Offset   Length[0m
[0;32mI (58) boot:  0 nvs              WiFi data        01 02 00009000 00006000[0m
[0;32mI (64) boot:  1 phy_init         RF data          01 01 0000f000 00001000[0m
[0;32mI (71) boot:  2 factory          factory app      00 00 00010000 00100000[0m
[0;32mI (77) boot: End of partition table[0m
[0;32mI (81) esp_image: segment 0: paddr=00010020 vaddr=3c020020 size=0c194h ( 49556) map[0m
[0;32mI (97) esp_image: segment 1: paddr=0001c1bc vaddr=3fc92800 size=02ad0h ( 10960) load[0m
[0;32mI (100) esp_image: segment 2: paddr=0001ec94 vaddr=40374000 size=01384h (  4996) load[0m
[0;32mI (104) esp_image: segment 3: paddr=00020020 vaddr=42000020 size=1d078h (118904) map[0m
[0;32mI (132) esp_image: segment 4: paddr=0003d0a0 vaddr=40375384 size=0d3ach ( 54188) load[0m
[0;32mI (144) esp_image: segment 5: paddr=0004a454 vaddr=600fe100 size=0001ch (    28) load[0m
[0;32mI (150) boot: Loaded app from partition at offset 0x10000[0m
[0;32mI (150) boot: Disabling RNG early entropy source...[0m
[0;32mI (162) cpu_start: Multicore app[0m
[0;32mI (171) cpu_start: Pro cpu start user code[0m
[0;32mI (171) cpu_start: cpu freq: 240000000 Hz[0m
[0;32mI (171) app_init: Application information:[0m
[0;32mI (171) app_init: Project name:     Programmerbar_last[0m
[0;32mI (176) app_init: App version:      eacbb8f-dirty[0m
[0;32mI (180) app_init: Compile time:     Feb 17 2025 09:25:16[0m
[0;32mI (185) app_init: ELF file SHA256:  95d1be146...[0m
[0;32mI (189) app_init: ESP-IDF:          v5.4-dirty[0m
[0;32mI (194) efuse_init: Min chip rev:     v0.0[0m
[0;32mI (197) efuse_init: Max chip rev:     v0.99 [0m
[0;32mI (201) efuse_init: Chip rev:         v0.2[0m
[0;32mI (205) heap_init: Initializing. RAM available for dynamic allocation:[0m
[0;32mI (212) heap_init: At 3FC95C08 len 00053B08 (334 KiB): RAM[0m
[0;32mI (217) heap_init: At 3FCE9710 len 00005724 (21 KiB): RAM[0m
[0;32mI (222) heap_init: At 3FCF0000 len 00008000 (32 KiB): DRAM[0m
[0;32mI (227) heap_init: At 600FE11C len 00001ECC (7 KiB): RTCRAM[0m
[0;32mI (233) spi_flash: detected chip: gd[0m
[0;32mI (236) spi_flash: flash io: dio[0m
[0;32mI (239) sleep_gpio: Configure to isolate all GPIO pins in sleep state[0m
[0;32mI (245) sleep_gpio: Enable automatic switching of GPIO sleep configuration[0m
[0;32mI (252) main_task: Started on CPU0[0m
[0;32mI (262) main_task: Calling app_main()[0m
[0;32mI (262) main_task: Returned from app_main()[0m
[0;32mI (262) ADC_INIT: ADC unit initialised successfully[0m
[0;32mI (262) ADC_INIT: ADC channel initialised successfully[0m
[0;32mI (672) I2C: I2C Address found at 64[0m
[1;31mE (702) i2c.master: I2C transaction timeout detected[0m
[1;31mE (702) i2c.master: s_i2c_synchronous_transaction(918): I2C transaction failed[0m
[1;31mE (702) i2c.master: i2c_master_multi_buffer_transmit(1180): I2C transaction failed[0m
ESP_ERROR_CHECK failed: esp_err_t 0x103 (ESP_ERR_INVALID_STATE) at 0x42009e2b
file: "./main/src/I2C.c" line 103
func: i2c_write
expression: i2c_master_transmit(dev_handle_name, write_buffer, sizeof(write_buffer), -1)

abort() was called at PC 0x40379f7f on core 1


Backtrace: 0x40375a89:0x3fc9a540 0x40379f89:0x3fc9a560 0x40380671:0x3fc9a580 0x40379f7f:0x3fc9a5f0 0x42009e2b:0x3fc9a620 0x42009b2c:0x3fc9a650 0x42009be0:0x3fc9a670 0x4037a9c1:0x3fc9a6c0




ELF file SHA256: 95d1be146

Rebooting...
ESP-ROM:esp32s3-20210327
Build:Mar 27 2021
rst:0xc (RTC_SW_CPU_RST),boot:0x8 (SPI_FAST_FLASH_BOOT)
Saved PC:0x40378676
SPIWP:0xee
mode:DIO, clock div:1
load:0x3fce2810,len:0x15a0
load:0x403c8700,len:0x4
load:0x403c8704,len:0xd20
load:0x403cb700,len:0x2ee4
entry 0x403c8928
[0;32mI (26) boot: ESP-IDF v5.4-dirty 2nd stage bootloader[0m
[0;32mI (26) boot: compile time Feb 14 2025 11:21:12[0m
[0;32mI (26) boot: Multicore bootloader[0m
[0;32mI (27) boot: chip revision: v0.2[0m
[0;32mI (29) boot: efuse block revision: v1.3[0m
[0;32mI (33) boot.esp32s3: Boot SPI Speed : 80MHz[0m
[0;32mI (37) boot.esp32s3: SPI Mode       : DIO[0m
[0;32mI (41) boot.esp32s3: SPI Flash Size : 8MB[0m
[0;32mI (44) boot: Enabling RNG early entropy source...[0m
[0;32mI (49) boot: Partition Table:[0m
[0;32mI (52) boot: ## Label            Usage          Type ST Offset   Length[0m
[0;32mI (58) boot:  0 nvs              WiFi data        01 02 00009000 00006000[0m
[0;32mI (64) boot:  1 phy_init         RF data          01 01 0000f000 00001000[0m
[0;32mI (71) boot:  2 factory          factory app      00 00 00010000 00100000[0m
[0;32mI (77) boot: End of partition table[0m
[0;32mI (81) esp_image: segment 0: paddr=00010020 vaddr=3c020020 size=0c194h ( 49556) map[0m
[0;32mI (97) esp_image: segment 1: paddr=0001c1bc vaddr=3fc92800 size=02ad0h ( 10960) load[0m
[0;32mI (100) esp_image: segment 2: paddr=0001ec94 vaddr=40374000 size=01384h (  4996) load[0m
[0;32mI (104) esp_image: segment 3: paddr=00020020 vaddr=42000020 size=1d078h (118904) map[0m
[0;32mI (132) esp_image: segment 4: paddr=0003d0a0 vaddr=40375384 size=0d3ach ( 54188) load[0m
[0;32mI (144) esp_image: segment 5: paddr=0004a454 vaddr=600fe100 size=0001ch (    28) load[0m
[0;32mI (150) boot: Loaded app from partition at offset 0x10000[0m
[0;32mI (150) boot: Disabling RNG early entropy source...[0m
[0;32mI (162) cpu_start: Multicore app[0m
[0;32mI (171) cpu_start: Pro cpu start user code[0m
[0;32mI (171) cpu_start: cpu freq: 240000000 Hz[0m
[0;32mI (171) app_init: Application information:[0m
[0;32mI (171) app_init: Project name:     Programmerbar_last[0m
[0;32mI (176) app_init: App version:      eacbb8f-dirty[0m
[0;32mI (180) app_init: Compile time:     Feb 17 2025 09:25:16[0m
[0;32mI (185) app_init: ELF file SHA256:  95d1be146...[0m
[0;32mI (189) app_init: ESP-IDF:          v5.4-dirty[0m
[0;32mI (194) efuse_init: Min chip rev:     v0.0[0m
[0;32mI (197) efuse_init: Max chip rev:     v0.99 [0m
[0;32mI (201) efuse_init: Chip rev:         v0.2[0m
[0;32mI (205) heap_init: Initializing. RAM available for dynamic allocation:[0m
[0;32mI (212) heap_init: At 3FC95C08 len 00053B08 (334 KiB): RAM[0m
[0;32mI (217) heap_init: At 3FCE9710 len 00005724 (21 KiB): RAM[0m
[0;32mI (222) heap_init: At 3FCF0000 len 00008000 (32 KiB): DRAM[0m
[0;32mI (227) heap_init: At 600FE11C len 00001ECC (7 KiB): RTCRAM[0m
[0;32mI (233) spi_flash: detected chip: gd[0m
[0;32mI (236) spi_flash: flash io: dio[0m
[0;32mI (239) sleep_gpio: Configure to isolate all GPIO pins in sleep state[0m
[0;32mI (245) sleep_gpio: Enable automatic switching of GPIO sleep configuration[0m
[0;32mI (252) main_task: Started on CPU0[0m
[0;32mI (262) main_task: Calling app_main()[0m
[0;32mI (262) main_task: Returned from app_main()[0m
[0;32mI (262) ADC_INIT: ADC unit initialised successfully[0m
[0;32mI (262) ADC_INIT: ADC channel initialised successfully[0m
[0;32mI (5112) I2C: I2C Address found at 64[0m
[1;31mE (5142) i2c.master: I2C transaction timeout detected[0m
[1;31mE (5142) i2c.master: s_i2c_synchronous_transaction(918): I2C transaction failed[0m
[1;31mE (5152) i2c.master: i2c_master_multi_buffer_transmit(1180): I2C transaction failed[0m
ESP_ERROR_CHECK failed: esp_err_t 0x103 (ESP_ERR_INVALID_STATE) at 0x42009e2b
file: "./main/src/I2C.c" line 103
func: i2c_write
expression: i2c_master_transmit(dev_handle_name, write_buffer, sizeof(write_buffer), -1)

abort() was called at PC 0x40379f7f on core 1


Backtrace: 0x40375a89:0x3fc9a540 0x40379f89:0x3fc9a560 0x40380671:0x3fc9a580 0x40379f7f:0x3fc9a5f0 0x42009e2b:0x3fc9a620 0x42009b2c:0x3fc9a650 0x42009be0:0x3fc9a670 0x4037a9c1:0x3fc9a6c0




ELF file SHA256: 95d1be146

Rebooting...
ESP-ROM:esp32s3-20210327
Build:Mar 27 2021
rst:0xc (RTC_SW_CPU_RST),boot:0x8 (SPI_FAST_FLASH_BOOT)
Saved PC:0x40378676
SPIWP:0xee
mode:DIO, clock div:1
load:0x3fce2810,len:0x15a0
load:0x403c8700,len:0x4
load:0x403c8704,len:0xd20
load:0x403cb700,len:0x2ee4
entry 0x403c8928
[0;32mI (26) boot: ESP-IDF v5.4-dirty 2nd stage bootloader[0m
[0;32mI (26) boot: compile time Feb 14 2025 11:21:12[0m
[0;32mI (26) boot: Multicore bootloader[0m
[0;32mI (27) boot: chip revision: v0.2[0m
[0;32mI (29) boot: efuse block revision: v1.3[0m
[0;32mI (33) boot.esp32s3: Boot SPI Speed : 80MHz[0m
[0;32mI (37) boot.esp32s3: SPI Mode       : DIO[0m
[0;32mI (41) boot.esp32s3: SPI Flash Size : 8MB[0m
[0;32mI (44) boot: Enabling RNG early entropy source...[0m
[0;32mI (49) boot: Partition Table:[0m
[0;32mI (52) boot: ## Label            Usage          Type ST Offset   Length[0m
[0;32mI (58) boot:  0 nvs              WiFi data        01 02 00009000 00006000[0m
[0;32mI (64) boot:  1 phy_init         RF data          01 01 0000f000 00001000[0m
[0;32mI (71) boot:  2 factory          factory app      00 00 00010000 00100000[0m
[0;32mI (77) boot: End of partition table[0m
[0;32mI (81) esp_image: segment 0: paddr=00010020 vaddr=3c020020 size=0c194h ( 49556) map[0m
[0;32mI (97) esp_image: segment 1: paddr=0001c1bc vaddr=3fc92800 size=02ad0h ( 10960) load[0m
[0;32mI (100) esp_image: segment 2: paddr=0001ec94 vaddr=40374000 size=01384h (  4996) load[0m
[0;32mI (104) esp_image: segment 3: paddr=00020020 vaddr=42000020 size=1d078h (118904) map[0m
[0;32mI (132) esp_image: segment 4: paddr=0003d0a0 vaddr=40375384 size=0d3ach ( 54188) load[0m
[0;32mI (144) esp_image: segment 5: paddr=0004a454 vaddr=600fe100 size=0001ch (    28) load[0m
[0;32mI (150) boot: Loaded app from partition at offset 0x10000[0m
[0;32mI (150) boot: Disabling RNG early entropy source...[0m
[0;32mI (162) cpu_start: Multicore app[0m
[0;32mI (171) cpu_start: Pro cpu start user code[0m
[0;32mI (171) cpu_start: cpu freq: 240000000 Hz[0m
[0;32mI (171) app_init: Application information:[0m
[0;32mI (171) app_init: Project name:     Programmerbar_last[0m
[0;32mI (176) app_init: App version:      eacbb8f-dirty[0m
[0;32mI (180) app_init: Compile time:     Feb 17 2025 09:25:16[0m
[0;32mI (185) app_init: ELF file SHA256:  95d1be146...[0m
[0;32mI (189) app_init: ESP-IDF:          v5.4-dirty[0m
[0;32mI (194) efuse_init: Min chip rev:     v0.0[0m
[0;32mI (197) efuse_init: Max chip rev:     v0.99 [0m
[0;32mI (201) efuse_init: Chip rev:         v0.2[0m
[0;32mI (205) heap_init: Initializing. RAM available for dynamic allocation:[0m
[0;32mI (212) heap_init: At 3FC95C08 len 00053B08 (334 KiB): RAM[0m
[0;32mI (217) heap_init: At 3FCE9710 len 00005724 (21 KiB): RAM[0m
[0;32mI (222) heap_init: At 3FCF0000 len 00008000 (32 KiB): DRAM[0m
[0;32mI (227) heap_init: At 600FE11C len 00001ECC (7 KiB): RTCRAM[0m
[0;32mI (233) spi_flash: detected chip: gd[0m
[0;32mI (236) spi_flash: flash io: dio[0m
[0;32mI (239) sleep_gpio: Configure to isolate all GPIO pins in sleep state[0m
[0;32mI (245) sleep_gpio: Enable automatic switching of GPIO sleep configuration[0m
[0;32mI (252) main_task: Started on CPU0[0m
[0;32mI (262) main_task: Calling app_main()[0m
[0;32mI (262) main_task: Returned from app_main()[0m
[0;32mI (262) ADC_INIT: ADC unit initialised successfully[0m
[0;32mI (262) ADC_INIT: ADC channel initialised successfully[0m
[0;32mI (5002) I2C: I2C Address found at 64[0m
[1;31mE (5032) i2c.master: I2C transaction timeout detected[0m
[1;31mE (5032) i2c.master: s_i2c_synchronous_transaction(918): I2C transaction failed[0m
[1;31mE (5032) i2c.master: i2c_master_multi_buffer_transmit(1180): I2C transaction failed[0m
ESP_ERROR_CHECK failed: esp_err_t 0x103 (ESP_ERR_INVALID_STATE) at 0x42009e2b
file: "./main/src/I2C.c" line 103
func: i2c_write
expression: i2c_master_transmit(dev_handle_name, write_buffer, sizeof(write_buffer), -1)

abort() was called at PC 0x40379f7f on core 1


Backtrace: 0x40375a89:0x3fc9a540 0x40379f89:0x3fc9a560 0x40380671:0x3fc9a580 0x40379f7f:0x3fc9a5f0 0x42009e2b:0x3fc9a620 0x42009b2c:0x3fc9a650 0x42009be0:0x3fc9a670 0x4037a9c1:0x3fc9a6c0




ELF file SHA256: 95d1be146

Rebooting...
ESP-ROM:esp32s3-20210327
Build:Mar 27 2021
rst:0xc (RTC_SW_CPU_RST),boot:0x8 (SPI_FAST_FLASH_BOOT)
Saved PC:0x40378676
SPIWP:0xee
mode:DIO, clock div:1
load:0x3fce2810,len:0x15a0
load:0x403c8700,len:0x4
load:0x403c8704,len:0xd20
load:0x403cb700,len:0x2ee4
entry 0x403c8928
[0;32mI (26) boot: ESP-IDF v5.4-dirty 2nd stage bootloader[0m
[0;32mI (26) boot: compile time Feb 14 2025 11:21:12[0m
[0;32mI (26) boot: Multicore bootloader[0m
[0;32mI (27) boot: chip revision: v0.2[0m
[0;32mI (29) boot: efuse block revision: v1.3[0m
[0;32mI (33) boot.esp32s3: Boot SPI Speed : 80MHz[0m
[0;32mI (37) boot.esp32s3: SPI Mode       : DIO[0m
[0;32mI (41) boot.esp32s3: SPI Flash Size : 8MB[0m
[0;32mI (44) boot: Enabling RNG early entropy source...[0m
[0;32mI (49) boot: Partition Table:[0m
[0;32mI (52) boot: ## Label            Usage          Type ST Offset   Length[0m
[0;32mI (58) boot:  0 nvs              WiFi data        01 02 00009000 00006000[0m
[0;32mI (64) boot:  1 phy_init         RF data          01 01 0000f000 00001000[0m
[0;32mI (71) boot:  2 factory          factory app      00 00 00010000 00100000[0m
[0;32mI (77) boot: End of partition table[0m
[0;32mI (81) esp_image: segment 0: paddr=00010020 vaddr=3c020020 size=0c194h ( 49556) map[0m
[0;32mI (97) esp_image: segment 1: paddr=0001c1bc vaddr=3fc92800 size=02ad0h ( 10960) load[0m
[0;32mI (100) esp_image: segment 2: paddr=0001ec94 vaddr=40374000 size=01384h (  4996) load[0m
[0;32mI (104) esp_image: segment 3: paddr=00020020 vaddr=42000020 size=1d078h (118904) map[0m
[0;32mI (132) esp_image: segment 4: paddr=0003d0a0 vaddr=40375384 size=0d3ach ( 54188) load[0m
[0;32mI (144) esp_image: segment 5: paddr=0004a454 vaddr=600fe100 size=0001ch (    28) load[0m
[0;32mI (150) boot: Loaded app from partition at offset 0x10000[0m
[0;32mI (150) boot: Disabling RNG early entropy source...[0m
[0;32mI (162) cpu_start: Multicore app[0m
[0;32mI (171) cpu_start: Pro cpu start user code[0m
[0;32mI (171) cpu_start: cpu freq: 240000000 Hz[0m
[0;32mI (171) app_init: Application information:[0m
[0;32mI (171) app_init: Project name:     Programmerbar_last[0m
[0;32mI (176) app_init: App version:      eacbb8f-dirty[0m
[0;32mI (180) app_init: Compile time:     Feb 17 2025 09:25:16[0m
[0;32mI (185) app_init: ELF file SHA256:  95d1be146...[0m
[0;32mI (189) app_init: ESP-IDF:          v5.4-dirty[0m
[0;32mI (194) efuse_init: Min chip rev:     v0.0[0m
[0;32mI (197) efuse_init: Max chip rev:     v0.99 [0m
[0;32mI (201) efuse_init: Chip rev:         v0.2[0m
[0;32mI (205) heap_init: Initializing. RAM available for dynamic allocation:[0m
[0;32mI (212) heap_init: At 3FC95C08 len 00053B08 (334 KiB): RAM[0m
[0;32mI (217) heap_init: At 3FCE9710 len 00005724 (21 KiB): RAM[0m
[0;32mI (222) heap_init: At 3FCF0000 len 00008000 (32 KiB): DRAM[0m
[0;32mI (227) heap_init: At 600FE11C len 00001ECC (7 KiB): RTCRAM[0m
[0;32mI (233) spi_flash: detected chip: gd[0m
[0;32mI (236) spi_flash: flash io: dio[0m
[0;32mI (239) sleep_gpio: Configure to isolate all GPIO pins in sleep state[0m
[0;32mI (245) sleep_gpio: Enable automatic switching of GPIO sleep configuration[0m
[0;32mI (252) main_task: Started on CPU0[0m
[0;32mI (262) main_task: Calling app_main()[0m
[0;32mI (262) main_task: Returned from app_main()[0m
[0;32mI (262) ADC_INIT: ADC unit initialised successfully[0m
[0;32mI (262) ADC_INIT: ADC channel initialised successfully[0m
[0;32mI (2062) I2C: I2C Address found at 64[0m
[1;31mE (2092) i2c.master: I2C transaction timeout detected[0m
[1;31mE (2092) i2c.master: s_i2c_synchronous_transaction(918): I2C transaction failed[0m
[1;31mE (2092) i2c.master: i2c_master_multi_buffer_transmit(1180): I2C transaction failed[0m
ESP_ERROR_CHECK failed: esp_err_t 0x103 (ESP_ERR_INVALID_STATE) at 0x42009e2b
file: "./main/src/I2C.c" line 103
func: i2c_write
expression: i2c_master_transmit(dev_handle_name, write_buffer, sizeof(write_buffer), -1)

abort() was called at PC 0x40379f7f on core 1


Backtrace: 0x40375a89:0x3fc9a540 0x40379f89:0x3fc9a560 0x40380671:0x3fc9a580 0x40379f7f:0x3fc9a5f0 0x42009e2b:0x3fc9a620 0x42009b2c:0x3fc9a650 0x42009be0:0x3fc9a670 0x4037a9c1:0x3fc9a6c0




ELF file SHA256: 95d1be146

Rebooting...
ESP-ROM:esp32s3-20210327
Build:Mar 27 2021
rst:0xc (RTC_SW_CPU_RST),boot:0x8 (SPI_FAST_FLASH_BOOT)
Saved PC:0x40378676
SPIWP:0xee
mode:DIO, clock div:1
load:0x3fce2810,len:0x15a0
load:0x403c8700,len:0x4
load:0x403c8704,len:0xd20
load:0x403cb700,len:0x2ee4
entry 0x403c8928
[0;32mI (26) boot: ESP-IDF v5.4-dirty 2nd stage bootloader[0m
[0;32mI (26) boot: compile time Feb 14 2025 11:21:12[0m
[0;32mI (26) boot: Multicore bootloader[0m
[0;32mI (27) boot: chip revision: v0.2[0m
[0;32mI (29) boot: efuse block revision: v1.3[0m
[0;32mI (33) boot.esp32s3: Boot SPI Speed : 80MHz[0m
[0;32mI (37) boot.esp32s3: SPI Mode       : DIO[0m
[0;32mI (41) boot.esp32s3: SPI Flash Size : 8MB[0m
[0;32mI (44) boot: Enabling RNG early entropy source...[0m
[0;32mI (49) boot: Partition Table:[0m
[0;32mI (52) boot: ## Label            Usage          Type ST Offset   Length[0m
[0;32mI (58) boot:  0 nvs              WiFi data        01 02 00009000 00006000[0m
[0;32mI (64) boot:  1 phy_init         RF data          01 01 0000f000 00001000[0m
[0;32mI (71) boot:  2 factory          factory app      00 00 00010000 00100000[0m
[0;32mI (77) boot: End of partition table[0m
[0;32mI (81) esp_image: segment 0: paddr=00010020 vaddr=3c020020 size=0c194h ( 49556) map[0m
[0;32mI (97) esp_image: segment 1: paddr=0001c1bc vaddr=3fc92800 size=02ad0h ( 10960) load[0m
[0;32mI (100) esp_image: segment 2: paddr=0001ec94 vaddr=40374000 size=01384h (  4996) load[0m
[0;32mI (104) esp_image: segment 3: paddr=00020020 vaddr=42000020 size=1d078h (118904) map[0m
[0;32mI (132) esp_image: segment 4: paddr=0003d0a0 vaddr=40375384 size=0d3ach ( 54188) load[0m
[0;32mI (144) esp_image: segment 5: paddr=0004a454 vaddr=600fe100 size=0001ch (    28) load[0m
[0;32mI (150) boot: Loaded app from partition at offset 0x10000[0m
[0;32mI (150) boot: Disabling RNG early entropy source...[0m
[0;32mI (162) cpu_start: Multicore app[0m
[0;32mI (171) cpu_start: Pro cpu start user code[0m
[0;32mI (171) cpu_start: cpu freq: 240000000 Hz[0m
[0;32mI (171) app_init: Application information:[0m
[0;32mI (171) app_init: Project name:     Programmerbar_last[0m
[0;32mI (176) app_init: App version:      eacbb8f-dirty[0m
[0;32mI (180) app_init: Compile time:     Feb 17 2025 09:25:16[0m
[0;32mI (185) app_init: ELF file SHA256:  95d1be146...[0m
[0;32mI (189) app_init: ESP-IDF:          v5.4-dirty[0m
[0;32mI (194) efuse_init: Min chip rev:     v0.0[0m
[0;32mI (197) efuse_init: Max chip rev:     v0.99 [0m
[0;32mI (201) efuse_init: Chip rev:         v0.2[0m
[0;32mI (205) heap_init: Initializing. RAM available for dynamic allocation:[0m
[0;32mI (212) heap_init: At 3FC95C08 len 00053B08 (334 KiB): RAM[0m
[0;32mI (217) heap_init: At 3FCE9710 len 00005724 (21 KiB): RAM[0m
[0;32mI (222) heap_init: At 3FCF0000 len 00008000 (32 KiB): DRAM[0m
[0;32mI (227) heap_init: At 600FE11C len 00001ECC (7 KiB): RTCRAM[0m
[0;32mI (233) spi_flash: detected chip: gd[0m
[0;32mI (236) spi_flash: flash io: dio[0m
[0;32mI (239) sleep_gpio: Configure to isolate all GPIO pins in sleep state[0m
[0;32mI (245) sleep_gpio: Enable automatic switching of GPIO sleep configuration[0m
[0;32mI (252) main_task: Started on CPU0[0m
[0;32mI (262) main_task: Calling app_main()[0m
[0;32mI (262) main_task: Returned from app_main()[0m
[0;32mI (262) ADC_INIT: ADC unit initialised successfully[0m
[0;32mI (262) ADC_INIT: ADC channel initialised successfully[0m
[0;32mI (7582) I2C: I2C Address found at 64[0m
[1;31mE (7602) i2c.master: I2C transaction timeout detected[0m
[1;31mE (7602) i2c.master: s_i2c_synchronous_transaction(918): I2C transaction failed[0m
[1;31mE (7612) i2c.master: i2c_master_multi_buffer_transmit(1180): I2C transaction failed[0m
ESP_ERROR_CHECK failed: esp_err_t 0x103 (ESP_ERR_INVALID_STATE) at 0x42009e2b
file: "./main/src/I2C.c" line 103
func: i2c_write
expression: i2c_master_transmit(dev_handle_name, write_buffer, sizeof(write_buffer), -1)

abort() was called at PC 0x40379f7f on core 1


Backtrace: 0x40375a89:0x3fc9a540 0x40379f89:0x3fc9a560 0x40380671:0x3fc9a580 0x40379f7f:0x3fc9a5f0 0x42009e2b:0x3fc9a620 0x42009b2c:0x3fc9a650 0x42009be0:0x3fc9a670 0x4037a9c1:0x3fc9a6c0




ELF file SHA256: 95d1be146

Rebooting...
ESP-ROM:esp32s3-20210327
Build:Mar 27 2021
rst:0xc (RTC_SW_CPU_RST),boot:0x8 (SPI_FAST_FLASH_BOOT)
Saved PC:0x40378676
SPIWP:0xee
mode:DIO, clock div:1
load:0x3fce2810,len:0x15a0
load:0x403c8700,len:0x4
load:0x403c8704,len:0xd20
load:0x403cb700,len:0x2ee4
entry 0x403c8928
[0;32mI (26) boot: ESP-IDF v5.4-dirty 2nd stage bootloader[0m
[0;32mI (26) boot: compile time Feb 14 2025 11:21:12[0m
[0;32mI (26) boot: Multicore bootloader[0m
[0;32mI (27) boot: chip revision: v0.2[0m
[0;32mI (29) boot: efuse block revision: v1.3[0m
[0;32mI (33) boot.esp32s3: Boot SPI Speed : 80MHz[0m
[0;32mI (37) boot.esp32s3: SPI Mode       : DIO[0m
[0;32mI (41) boot.esp32s3: SPI Flash Size : 8MB[0m
[0;32mI (44) boot: Enabling RNG early entropy source...[0m
[0;32mI (49) boot: Partition Table:[0m
[0;32mI (52) boot: ## Label            Usage          Type ST Offset   Length[0m
[0;32mI (58) boot:  0 nvs              WiFi data        01 02 00009000 00006000[0m
[0;32mI (64) boot:  1 phy_init         RF data          01 01 0000f000 00001000[0m
[0;32mI (71) boot:  2 factory          factory app      00 00 00010000 00100000[0m
[0;32mI (77) boot: End of partition table[0m
[0;32mI (81) esp_image: segment 0: paddr=00010020 vaddr=3c020020 size=0c194h ( 49556) map[0m
[0;32mI (97) esp_image: segment 1: paddr=0001c1bc vaddr=3fc92800 size=02ad0h ( 10960) load[0m
[0;32mI (100) esp_image: segment 2: paddr=0001ec94 vaddr=40374000 size=01384h (  4996) load[0m
[0;32mI (104) esp_image: segment 3: paddr=00020020 vaddr=42000020 size=1d078h (118904) map[0m
[0;32mI (132) esp_image: segment 4: paddr=0003d0a0 vaddr=40375384 size=0d3ach ( 54188) load[0m
[0;32mI (144) esp_image: segment 5: paddr=0004a454 vaddr=600fe100 size=0001ch (    28) load[0m
[0;32mI (150) boot: Loaded app from partition at offset 0x10000[0m
[0;32mI (150) boot: Disabling RNG early entropy source...[0m
[0;32mI (162) cpu_start: Multicore app[0m
[0;32mI (171) cpu_start: Pro cpu start user code[0m
[0;32mI (171) cpu_start: cpu freq: 240000000 Hz[0m
[0;32mI (171) app_init: Application information:[0m
[0;32mI (171) app_init: Project name:     Programmerbar_last[0m
[0;32mI (176) app_init: App version:      eacbb8f-dirty[0m
[0;32mI (180) app_init: Compile time:     Feb 17 2025 09:25:16[0m
[0;32mI (185) app_init: ELF file SHA256:  95d1be146...[0m
[0;32mI (190) app_init: ESP-IDF:          v5.4-dirty[0m
[0;32mI (194) efuse_init: Min chip rev:     v0.0[0m
[0;32mI (198) efuse_init: Max chip rev:     v0.99 [0m
[0;32mI (202) efuse_init: Chip rev:         v0.2[0m
[0;32mI (205) heap_init: Initializing. RAM available for dynamic allocation:[0m
[0;32mI (212) heap_init: At 3FC95C08 len 00053B08 (334 KiB): RAM[0m
[0;32mI (217) heap_init: At 3FCE9710 len 00005724 (21 KiB): RAM[0m
[0;32mI (222) heap_init: At 3FCF0000 len 00008000 (32 KiB): DRAM[0m
[0;32mI (227) heap_init: At 600FE11C len 00001ECC (7 KiB): RTCRAM[0m
[0;32mI (233) spi_flash: detected chip: gd[0m
[0;32mI (236) spi_flash: flash io: dio[0m
[0;32mI (239) sleep_gpio: Configure to isolate all GPIO pins in sleep state[0m
[0;32mI (245) sleep_gpio: Enable automatic switching of GPIO sleep configuration[0m
[0;32mI (252) main_task: Started on CPU0[0m
[0;32mI (262) main_task: Calling app_main()[0m
[0;32mI (262) main_task: Returned from app_main()[0m
[0;32mI (262) ADC_INIT: ADC unit initialised successfully[0m
[0;32mI (262) ADC_INIT: ADC channel initialised successfully[0m
[0;32mI (9832) I2C: I2C Address found at 64[0m
[1;31mE (9862) i2c.master: I2C transaction timeout detected[0m
[1;31mE (9862) i2c.master: s_i2c_synchronous_transaction(918): I2C transaction failed[0m
[1;31mE (9862) i2c.master: i2c_master_multi_buffer_transmit(1180): I2C transaction failed[0m
ESP_ERROR_CHECK failed: esp_err_t 0x103 (ESP_ERR_INVALID_STATE) at 0x42009e2b
file: "./main/src/I2C.c" line 103
func: i2c_write
expression: i2c_master_transmit(dev_handle_name, write_buffer, sizeof(write_buffer), -1)

abort() was called at PC 0x40379f7f on core 1


Backtrace: 0x40375a89:0x3fc9a540 0x40379f89:0x3fc9a560 0x40380671:0x3fc9a580 0x40379f7f:0x3fc9a5f0 0x42009e2b:0x3fc9a620 0x42009b2c:0x3fc9a650 0x42009be0:0x3fc9a670 0x4037a9c1:0x3fc9a6c0




ELF file SHA256: 95d1be146

Rebooting...
ESP-ROM:esp32s3-20210327
Build:Mar 27 2021
rst:0xc (RTC_SW_CPU_RST),boot:0x8 (SPI_FAST_FLASH_BOOT)
Saved PC:0x40378676
SPIWP:0xee
mode:DIO, clock div:1
load:0x3fce2810,len:0x15a0
load:0x403c8700,len:0x4
load:0x403c8704,len:0xd20
load:0x403cb700,len:0x2ee4
entry 0x403c8928
[0;32mI (26) boot: ESP-IDF v5.4-dirty 2nd stage bootloader[0m
[0;32mI (26) boot: compile time Feb 14 2025 11:21:12[0m
[0;32mI (26) boot: Multicore bootloader[0m
[0;32mI (27) boot: chip revision: v0.2[0m
[0;32mI (29) boot: efuse block revision: v1.3[0m
[0;32mI (33) boot.esp32s3: Boot SPI Speed : 80MHz[0m
[0;32mI (37) boot.esp32s3: SPI Mode       : DIO[0m
[0;32mI (41) boot.esp32s3: SPI Flash Size : 8MB[0m
[0;32mI (44) boot: Enabling RNG early entropy source...[0m
[0;32mI (49) boot: Partition Table:[0m
[0;32mI (52) boot: ## Label            Usage          Type ST Offset   Length[0m
[0;32mI (58) boot:  0 nvs              WiFi data        01 02 00009000 00006000[0m
[0;32mI (64) boot:  1 phy_init         RF data          01 01 0000f000 00001000[0m
[0;32mI (71) boot:  2 factory          factory app      00 00 00010000 00100000[0m
[0;32mI (77) boot: End of partition table[0m
[0;32mI (81) esp_image: segment 0: paddr=00010020 vaddr=3c020020 size=0c194h ( 49556) map[0m
[0;32mI (97) esp_image: segment 1: paddr=0001c1bc vaddr=3fc92800 size=02ad0h ( 10960) load[0m
[0;32mI (100) esp_image: segment 2: paddr=0001ec94 vaddr=40374000 size=01384h (  4996) load[0m
[0;32mI (104) esp_image: segment 3: paddr=00020020 vaddr=42000020 size=1d078h (118904) map[0m
[0;32mI (132) esp_image: segment 4: paddr=0003d0a0 vaddr=40375384 size=0d3ach ( 54188) load[0m
[0;32mI (144) esp_image: segment 5: paddr=0004a454 vaddr=600fe100 size=0001ch (    28) load[0m
[0;32mI (150) boot: Loaded app from partition at offset 0x10000[0m
[0;32mI (150) boot: Disabling RNG early entropy source...[0m
[0;32mI (162) cpu_start: Multicore app[0m
[0;32mI (171) cpu_start: Pro cpu start user code[0m
[0;32mI (171) cpu_start: cpu freq: 240000000 Hz[0m
[0;32mI (171) app_init: Application information:[0m
[0;32mI (171) app_init: Project name:     Programmerbar_last[0m
[0;32mI (176) app_init: App version:      eacbb8f-dirty[0m
[0;32mI (180) app_init: Compile time:     Feb 17 2025 09:25:16[0m
[0;32mI (185) app_init: ELF file SHA256:  95d1be146...[0m
[0;32mI (189) app_init: ESP-IDF:          v5.4-dirty[0m
[0;32mI (194) efuse_init: Min chip rev:     v0.0[0m
[0;32mI (197) efuse_init: Max chip rev:     v0.99 [0m
[0;32mI (201) efuse_init: Chip rev:         v0.2[0m
[0;32mI (205) heap_init: Initializing. RAM available for dynamic allocation:[0m
[0;32mI (212) heap_init: At 3FC95C08 len 00053B08 (334 KiB): RAM[0m
[0;32mI (217) heap_init: At 3FCE9710 len 00005724 (21 KiB): RAM[0m
[0;32mI (222) heap_init: At 3FCF0000 len 00008000 (32 KiB): DRAM[0m
[0;32mI (227) heap_init: At 600FE11C len 00001ECC (7 KiB): RTCRAM[0m
[0;32mI (233) spi_flash: detected chip: gd[0m
[0;32mI (236) spi_flash: flash io: dio[0m
[0;32mI (239) sleep_gpio: Configure to isolate all GPIO pins in sleep state[0m
[0;32mI (245) sleep_gpio: Enable automatic switching of GPIO sleep configuration[0m
[0;32mI (252) main_task: Started on CPU0[0m
[0;32mI (262) main_task: Calling app_main()[0m
[0;32mI (262) main_task: Returned from app_main()[0m
[0;32mI (262) ADC_INIT: ADC unit initialised successfully[0m
[0;32mI (262) ADC_INIT: ADC channel initialised successfully[0m
[0;32mI (9392) I2C: I2C Address found at 64[0m
[1;31mE (9422) i2c.master: I2C transaction timeout detected[0m
[1;31mE (9422) i2c.master: s_i2c_synchronous_transaction(918): I2C transaction failed[0m
[1;31mE (9422) i2c.master: i2c_master_multi_buffer_transmit(1180): I2C transaction failed[0m
ESP_ERROR_CHECK failed: esp_err_t 0x103 (ESP_ERR_INVALID_STATE) at 0x42009e2b
file: "./main/src/I2C.c" line 103
func: i2c_write
expression: i2c_master_transmit(dev_handle_name, write_buffer, sizeof(write_buffer), -1)

abort() was called at PC 0x40379f7f on core 1


Backtrace: 0x40375a89:0x3fc9a540 0x40379f89:0x3fc9a560 0x40380671:0x3fc9a580 0x40379f7f:0x3fc9a5f0 0x42009e2b:0x3fc9a620 0x42009b2c:0x3fc9a650 0x42009be0:0x3fc9a670 0x4037a9c1:0x3fc9a6c0




ELF file SHA256: 95d1be146

Rebooting...
ESP-ROM:esp32s3-20210327
Build:Mar 27 2021
rst:0xc (RTC_SW_CPU_RST),boot:0x8 (SPI_FAST_FLASH_BOOT)
Saved PC:0x40378676
SPIWP:0xee
mode:DIO, clock div:1
load:0x3fce2810,len:0x15a0
load:0x403c8700,len:0x4
load:0x403c8704,len:0xd20
load:0x403cb700,len:0x2ee4
entry 0x403c8928
[0;32mI (26) boot: ESP-IDF v5.4-dirty 2nd stage bootloader[0m
[0;32mI (26) boot: compile time Feb 14 2025 11:21:12[0m
[0;32mI (26) boot: Multicore bootloader[0m
[0;32mI (27) boot: chip revision: v0.2[0m
[0;32mI (29) boot: efuse block revision: v1.3[0m
[0;32mI (33) boot.esp32s3: Boot SPI Speed : 80MHz[0m
[0;32mI (37) boot.esp32s3: SPI Mode       : DIO[0m
[0;32mI (41) boot.esp32s3: SPI Flash Size : 8MB[0m
[0;32mI (44) boot: Enabling RNG early entropy source...[0m
[0;32mI (49) boot: Partition Table:[0m
[0;32mI (52) boot: ## Label            Usage          Type ST Offset   Length[0m
[0;32mI (58) boot:  0 nvs              WiFi data        01 02 00009000 00006000[0m
[0;32mI (64) boot:  1 phy_init         RF data          01 01 0000f000 00001000[0m
[0;32mI (71) boot:  2 factory          factory app      00 00 00010000 00100000[0m
[0;32mI (77) boot: End of partition table[0m
[0;32mI (81) esp_image: segment 0: paddr=00010020 vaddr=3c020020 size=0c194h ( 49556) map[0m
[0;32mI (97) esp_image: segment 1: paddr=0001c1bc vaddr=3fc92800 size=02ad0h ( 10960) load[0m
[0;32mI (100) esp_image: segment 2: paddr=0001ec94 vaddr=40374000 size=01384h (  4996) load[0m
[0;32mI (104) esp_image: segment 3: paddr=00020020 vaddr=42000020 size=1d078h (118904) map[0m
[0;32mI (132) esp_image: segment 4: paddr=0003d0a0 vaddr=40375384 size=0d3ach ( 54188) load[0m
[0;32mI (144) esp_image: segment 5: paddr=0004a454 vaddr=600fe100 size=0001ch (    28) load[0m
[0;32mI (150) boot: Loaded app from partition at offset 0x10000[0m
[0;32mI (150) boot: Disabling RNG early entropy source...[0m
[0;32mI (162) cpu_start: Multicore app[0m
[0;32mI (171) cpu_start: Pro cpu start user code[0m
[0;32mI (171) cpu_start: cpu freq: 240000000 Hz[0m
[0;32mI (171) app_init: Application information:[0m
[0;32mI (171) app_init: Project name:     Programmerbar_last[0m
[0;32mI (176) app_init: App version:      eacbb8f-dirty[0m
[0;32mI (180) app_init: Compile time:     Feb 17 2025 09:25:16[0m
[0;32mI (185) app_init: ELF file SHA256:  95d1be146...[0m
[0;32mI (189) app_init: ESP-IDF:          v5.4-dirty[0m
[0;32mI (194) efuse_init: Min chip rev:     v0.0[0m
[0;32mI (197) efuse_init: Max chip rev:     v0.99 [0m
[0;32mI (201) efuse_init: Chip rev:         v0.2[0m
[0;32mI (205) heap_init: Initializing. RAM available for dynamic allocation:[0m
[0;32mI (212) heap_init: At 3FC95C08 len 00053B08 (334 KiB): RAM[0m
[0;32mI (217) heap_init: At 3FCE9710 len 00005724 (21 KiB): RAM[0m
[0;32mI (222) heap_init: At 3FCF0000 len 00008000 (32 KiB): DRAM[0m
[0;32mI (227) heap_init: At 600FE11C len 00001ECC (7 KiB): RTCRAM[0m
[0;32mI (233) spi_flash: detected chip: gd[0m
[0;32mI (236) spi_flash: flash io: dio[0m
[0;32mI (239) sleep_gpio: Configure to isolate all GPIO pins in sleep state[0m
[0;32mI (245) sleep_gpio: Enable automatic switching of GPIO sleep configuration[0m
[0;32mI (252) main_task: Started on CPU0[0m
[0;32mI (262) main_task: Calling app_main()[0m
[0;32mI (262) main_task: Returned from app_main()[0m
[0;32mI (262) ADC_INIT: ADC unit initialised successfully[0m
[0;32mI (262) ADC_INIT: ADC channel initialised successfully[0m
[0;32mI (1052) I2C: I2C Address found at 64[0m
[1;31mE (1082) i2c.master: I2C transaction timeout detected[0m
[1;31mE (1082) i2c.master: s_i2c_synchronous_transaction(918): I2C transaction failed[0m
[1;31mE (1082) i2c.master: i2c_master_multi_buffer_transmit(1180): I2C transaction failed[0m
ESP_ERROR_CHECK failed: esp_err_t 0x103 (ESP_ERR_INVALID_STATE) at 0x42009e2b
file: "./main/src/I2C.c" line 103
func: i2c_write
expression: i2c_master_transmit(dev_handle_name, write_buffer, sizeof(write_buffer), -1)

abort() was called at PC 0x40379f7f on core 1


Backtrace: 0x40375a89:0x3fc9a540 0x40379f89:0x3fc9a560 0x40380671:0x3fc9a580 0x40379f7f:0x3fc9a5f0 0x42009e2b:0x3fc9a620 0x42009b2c:0x3fc9a650 0x42009be0:0x3fc9a670 0x4037a9c1:0x3fc9a6c0




ELF file SHA256: 95d1be146

Rebooting...
ESP-ROM:esp32s3-20210327
Build:Mar 27 2021
rst:0xc (RTC_SW_CPU_RST),boot:0x8 (SPI_FAST_FLASH_BOOT)
Saved PC:0x40378676
SPIWP:0xee
mode:DIO, clock div:1
load:0x3fce2810,len:0x15a0
load:0x403c8700,len:0x4
load:0x403c8704,len:0xd20
load:0x403cb700,len:0x2ee4
entry 0x403c8928
[0;32mI (26) boot: ESP-IDF v5.4-dirty 2nd stage bootloader[0m
[0;32mI (26) boot: compile time Feb 14 2025 11:21:12[0m
[0;32mI (26) boot: Multicore bootloader[0m
[0;32mI (27) boot: chip revision: v0.2[0m
[0;32mI (29) boot: efuse block revision: v1.3[0m
[0;32mI (33) boot.esp32s3: Boot SPI Speed : 80MHz[0m
[0;32mI (37) boot.esp32s3: SPI Mode       : DIO[0m
[0;32mI (41) boot.esp32s3: SPI Flash Size : 8MB[0m
[0;32mI (44) boot: Enabling RNG early entropy source...[0m
[0;32mI (49) boot: Partition Table:[0m
[0;32mI (52) boot: ## Label            Usage          Type ST Offset   Length[0m
[0;32mI (58) boot:  0 nvs              WiFi data        01 02 00009000 00006000[0m
[0;32mI (64) boot:  1 phy_init         RF data          01 01 0000f000 00001000[0m
[0;32mI (71) boot:  2 factory          factory app      00 00 00010000 00100000[0m
[0;32mI (77) boot: End of partition table[0m
[0;32mI (81) esp_image: segment 0: paddr=00010020 vaddr=3c020020 size=0c194h ( 49556) map[0m
[0;32mI (97) esp_image: segment 1: paddr=0001c1bc vaddr=3fc92800 size=02ad0h ( 10960) load[0m
[0;32mI (100) esp_image: segment 2: paddr=0001ec94 vaddr=40374000 size=01384h (  4996) load[0m
[0;32mI (104) esp_image: segment 3: paddr=00020020 vaddr=42000020 size=1d078h (118904) map[0m
[0;32mI (132) esp_image: segment 4: paddr=0003d0a0 vaddr=40375384 size=0d3ach ( 54188) load[0m
[0;32mI (144) esp_image: segment 5: paddr=0004a454 vaddr=600fe100 size=0001ch (    28) load[0m
[0;32mI (150) boot: Loaded app from partition at offset 0x10000[0m
[0;32mI (150) boot: Disabling RNG early entropy source...[0m
[0;32mI (162) cpu_start: Multicore app[0m
[0;32mI (171) cpu_start: Pro cpu start user code[0m
[0;32mI (171) cpu_start: cpu freq: 240000000 Hz[0m
[0;32mI (171) app_init: Application information:[0m
[0;32mI (171) app_init: Project name:     Programmerbar_last[0m
[0;32mI (176) app_init: App version:      eacbb8f-dirty[0m
[0;32mI (180) app_init: Compile time:     Feb 17 2025 09:25:16[0m
[0;32mI (185) app_init: ELF file SHA256:  95d1be146...[0m
[0;32mI (189) app_init: ESP-IDF:          v5.4-dirty[0m
[0;32mI (194) efuse_init: Min chip rev:     v0.0[0m
[0;32mI (197) efuse_init: Max chip rev:     v0.99 [0m
[0;32mI (201) efuse_init: Chip rev:         v0.2[0m
[0;32mI (205) heap_init: Initializing. RAM available for dynamic allocation:[0m
[0;32mI (212) heap_init: At 3FC95C08 len 00053B08 (334 KiB): RAM[0m
[0;32mI (217) heap_init: At 3FCE9710 len 00005724 (21 KiB): RAM[0m
[0;32mI (222) heap_init: At 3FCF0000 len 00008000 (32 KiB): DRAM[0m
[0;32mI (227) heap_init: At 600FE11C len 00001ECC (7 KiB): RTCRAM[0m
[0;32mI (233) spi_flash: detected chip: gd[0m
[0;32mI (236) spi_flash: flash io: dio[0m
[0;32mI (239) sleep_gpio: Configure to isolate all GPIO pins in sleep state[0m
[0;32mI (245) sleep_gpio: Enable automatic switching of GPIO sleep configuration[0m
[0;32mI (252) main_task: Started on CPU0[0m
[0;32mI (262) main_task: Calling app_main()[0m
[0;32mI (262) main_task: Returned from app_main()[0m
[0;32mI (262) ADC_INIT: ADC unit initialised successfully[0m
[0;32mI (262) ADC_INIT: ADC channel initialised successfully[0m
[0;32mI (432) I2C: I2C Address found at 64[0m
[1;31mE (462) i2c.master: I2C transaction timeout detected[0m
[1;31mE (462) i2c.master: s_i2c_synchronous_transaction(918): I2C transaction failed[0m
[1;31mE (462) i2c.master: i2c_master_multi_buffer_transmit(1180): I2C transaction failed[0m
ESP_ERROR_CHECK failed: esp_err_t 0x103 (ESP_ERR_INVALID_STATE) at 0x42009e2b
file: "./main/src/I2C.c" line 103
func: i2c_write
expression: i2c_master_transmit(dev_handle_name, write_buffer, sizeof(write_buffer), -1)

abort() was called at PC 0x40379f7f on core 1


Backtrace: 0x40375a89:0x3fc9a540 0x40379f89:0x3fc9a560 0x40380671:0x3fc9a580 0x40379f7f:0x3fc9a5f0 0x42009e2b:0x3fc9a620 0x42009b2c:0x3fc9a650 0x42009be0:0x3fc9a670 0x4037a9c1:0x3fc9a6c0




ELF file SHA256: 95d1be146

Rebooting...
ESP-ROM:esp32s3-20210327
Build:Mar 27 2021
rst:0xc (RTC_SW_CPU_RST),boot:0x8 (SPI_FAST_FLASH_BOOT)
Saved PC:0x40378676
SPIWP:0xee
mode:DIO, clock div:1
load:0x3fce2810,len:0x15a0
load:0x403c8700,len:0x4
load:0x403c8704,len:0xd20
load:0x403cb700,len:0x2ee4
entry 0x403c8928
[0;32mI (26) boot: ESP-IDF v5.4-dirty 2nd stage bootloader[0m
[0;32mI (26) boot: compile time Feb 14 2025 11:21:12[0m
[0;32mI (26) boot: Multicore bootloader[0m
[0;32mI (27) boot: chip revision: v0.2[0m
[0;32mI (29) boot: efuse block revision: v1.3[0m
[0;32mI (33) boot.esp32s3: Boot SPI Speed : 80MHz[0m
[0;32mI (37) boot.esp32s3: SPI Mode       : DIO[0m
[0;32mI (41) boot.esp32s3: SPI Flash Size : 8MB[0m
[0;32mI (44) boot: Enabling RNG early entropy source...[0m
[0;32mI (49) boot: Partition Table:[0m
[0;32mI (52) boot: ## Label            Usage          Type ST Offset   Length[0m
[0;32mI (58) boot:  0 nvs              WiFi data        01 02 00009000 00006000[0m
[0;32mI (64) boot:  1 phy_init         RF data          01 01 0000f000 00001000[0m
[0;32mI (71) boot:  2 factory          factory app      00 00 00010000 00100000[0m
[0;32mI (77) boot: End of partition table[0m
[0;32mI (81) esp_image: segment 0: paddr=00010020 vaddr=3c020020 size=0c194h ( 49556) map[0m
[0;32mI (97) esp_image: segment 1: paddr=0001c1bc vaddr=3fc92800 size=02ad0h ( 10960) load[0m
[0;32mI (100) esp_image: segment 2: paddr=0001ec94 vaddr=40374000 size=01384h (  4996) load[0m
[0;32mI (104) esp_image: segment 3: paddr=00020020 vaddr=42000020 size=1d078h (118904) map[0m
[0;32mI (132) esp_image: segment 4: paddr=0003d0a0 vaddr=40375384 size=0d3ach ( 54188) load[0m
[0;32mI (144) esp_image: segment 5: paddr=0004a454 vaddr=600fe100 size=0001ch (    28) load[0m
[0;32mI (150) boot: Loaded app from partition at offset 0x10000[0m
[0;32mI (150) boot: Disabling RNG early entropy source...[0m
[0;32mI (162) cpu_start: Multicore app[0m
[0;32mI (171) cpu_start: Pro cpu start user code[0m
[0;32mI (171) cpu_start: cpu freq: 240000000 Hz[0m
[0;32mI (171) app_init: Application information:[0m
[0;32mI (171) app_init: Project name:     Programmerbar_last[0m
[0;32mI (176) app_init: App version:      eacbb8f-dirty[0m
[0;32mI (180) app_init: Compile time:     Feb 17 2025 09:25:16[0m
[0;32mI (185) app_init: ELF file SHA256:  95d1be146...[0m
[0;32mI (189) app_init: ESP-IDF:          v5.4-dirty[0m
[0;32mI (194) efuse_init: Min chip rev:     v0.0[0m
[0;32mI (197) efuse_init: Max chip rev:     v0.99 [0m
[0;32mI (201) efuse_init: Chip rev:         v0.2[0m
[0;32mI (205) heap_init: Initializing. RAM available for dynamic allocation:[0m
[0;32mI (212) heap_init: At 3FC95C08 len 00053B08 (334 KiB): RAM[0m
[0;32mI (217) heap_init: At 3FCE9710 len 00005724 (21 KiB): RAM[0m
[0;32mI (222) heap_init: At 3FCF0000 len 00008000 (32 KiB): DRAM[0m
[0;32mI (227) heap_init: At 600FE11C len 00001ECC (7 KiB): RTCRAM[0m
[0;32mI (233) spi_flash: detected chip: gd[0m
[0;32mI (236) spi_flash: flash io: dio[0m
[0;32mI (239) sleep_gpio: Configure to isolate all GPIO pins in sleep state[0m
[0;32mI (245) sleep_gpio: Enable automatic switching of GPIO sleep configuration[0m
[0;32mI (252) main_task: Started on CPU0[0m
[0;32mI (262) main_task: Calling app_main()[0m
[0;32mI (262) main_task: Returned from app_main()[0m
[0;32mI (262) ADC_INIT: ADC unit initialised successfully[0m
[0;32mI (262) ADC_INIT: ADC channel initialised successfully[0m
[0;32mI (352) I2C: I2C Address found at 64[0m
[1;31mE (412) i2c.master: I2C transaction timeout detected[0m
[1;31mE (412) i2c.master: s_i2c_synchronous_transaction(918): I2C transaction failed[0m
[1;31mE (412) i2c.master: i2c_master_multi_buffer_transmit(1180): I2C transaction failed[0m
ESP_ERROR_CHECK failed: esp_err_t 0x103 (ESP_ERR_INVALID_STATE) at 0x42009e2b
file: "./main/src/I2C.c" line 103
func: i2c_write
expression: i2c_master_transmit(dev_handle_name, write_buffer, sizeof(write_buffer), -1)

abort() was called at PC 0x40379f7f on core 1


Backtrace: 0x40375a89:0x3fc9a540 0x40379f89:0x3fc9a560 0x40380671:0x3fc9a580 0x40379f7f:0x3fc9a5f0 0x42009e2b:0x3fc9a620 0x42009b2c:0x3fc9a650 0x42009be0:0x3fc9a670 0x4037a9c1:0x3fc9a6c0




ELF file SHA256: 95d1be146

Rebooting...
ESP-ROM:esp32s3-20210327
Build:Mar 27 2021
rst:0xc (RTC_SW_CPU_RST),boot:0x8 (SPI_FAST_FLASH_BOOT)
Saved PC:0x40378676
SPIWP:0xee
mode:DIO, clock div:1
load:0x3fce2810,len:0x15a0
load:0x403c8700,len:0x4
load:0x403c8704,len:0xd20
load:0x403cb700,len:0x2ee4
entry 0x403c8928
[0;32mI (26) boot: ESP-IDF v5.4-dirty 2nd stage bootloader[0m
[0;32mI (26) boot: compile time Feb 14 2025 11:21:12[0m
[0;32mI (26) boot: Multicore bootloader[0m
[0;32mI (27) boot: chip revision: v0.2[0m
[0;32mI (29) boot: efuse block revision: v1.3[0m
[0;32mI (33) boot.esp32s3: Boot SPI Speed : 80MHz[0m
[0;32mI (37) boot.esp32s3: SPI Mode       : DIO[0m
[0;32mI (41) boot.esp32s3: SPI Flash Size : 8MB[0m
[0;32mI (44) boot: Enabling RNG early entropy source...[0m
[0;32mI (49) boot: Partition Table:[0m
[0;32mI (52) boot: ## Label            Usage          Type ST Offset   Length[0m
[0;32mI (58) boot:  0 nvs              WiFi data        01 02 00009000 00006000[0m
[0;32mI (64) boot:  1 phy_init         RF data          01 01 0000f000 00001000[0m
[0;32mI (71) boot:  2 factory          factory app      00 00 00010000 00100000[0m
[0;32mI (77) boot: End of partition table[0m
[0;32mI (81) esp_image: segment 0: paddr=00010020 vaddr=3c020020 size=0c194h ( 49556) map[0m
[0;32mI (97) esp_image: segment 1: paddr=0001c1bc vaddr=3fc92800 size=02ad0h ( 10960) load[0m
[0;32mI (100) esp_image: segment 2: paddr=0001ec94 vaddr=40374000 size=01384h (  4996) load[0m
[0;32mI (104) esp_image: segment 3: paddr=00020020 vaddr=42000020 size=1d078h (118904) map[0m
[0;32mI (132) esp_image: segment 4: paddr=0003d0a0 vaddr=40375384 size=0d3ach ( 54188) load[0m
[0;32mI (144) esp_image: segment 5: paddr=0004a454 vaddr=600fe100 size=0001ch (    28) load[0m
[0;32mI (150) boot: Loaded app from partition at offset 0x10000[0m
[0;32mI (150) boot: Disabling RNG early entropy source...[0m
[0;32mI (162) cpu_start: Multicore app[0m
[0;32mI (171) cpu_start: Pro cpu start user code[0m
[0;32mI (171) cpu_start: cpu freq: 240000000 Hz[0m
[0;32mI (171) app_init: Application information:[0m
[0;32mI (171) app_init: Project name:     Programmerbar_last[0m
[0;32mI (176) app_init: App version:      eacbb8f-dirty[0m
[0;32mI (180) app_init: Compile time:     Feb 17 2025 09:25:16[0m
[0;32mI (185) app_init: ELF file SHA256:  95d1be146...[0m
[0;32mI (189) app_init: ESP-IDF:          v5.4-dirty[0m
[0;32mI (194) efuse_init: Min chip rev:     v0.0[0m
[0;32mI (197) efuse_init: Max chip rev:     v0.99 [0m
[0;32mI (201) efuse_init: Chip rev:         v0.2[0m
[0;32mI (205) heap_init: Initializing. RAM available for dynamic allocation:[0m
[0;32mI (212) heap_init: At 3FC95C08 len 00053B08 (334 KiB): RAM[0m
[0;32mI (217) heap_init: At 3FCE9710 len 00005724 (21 KiB): RAM[0m
[0;32mI (222) heap_init: At 3FCF0000 len 00008000 (32 KiB): DRAM[0m
[0;32mI (227) heap_init: At 600FE11C len 00001ECC (7 KiB): RTCRAM[0m
[0;32mI (233) spi_flash: detected chip: gd[0m
[0;32mI (236) spi_flash: flash io: dio[0m
[0;32mI (239) sleep_gpio: Configure to isolate all GPIO pins in sleep state[0m
[0;32mI (245) sleep_gpio: Enable automatic switching of GPIO sleep configuration[0m
[0;32mI (252) main_task: Started on CPU0[0m
[0;32mI (262) main_task: Calling app_main()[0m
[0;32mI (262) main_task: Returned from app_main()[0m
[0;32mI (262) ADC_INIT: ADC unit initialised successfully[0m
[0;32mI (262) ADC_INIT: ADC channel initialised successfully[0m
[0;32mI (472) I2C: I2C Address found at 64[0m
[1;31mE (512) i2c.master: I2C transaction timeout detected[0m
[1;31mE (512) i2c.master: s_i2c_synchronous_transaction(918): I2C transaction failed[0m
[1;31mE (512) i2c.master: i2c_master_multi_buffer_transmit(1180): I2C transaction failed[0m
ESP_ERROR_CHECK failed: esp_err_t 0x103 (ESP_ERR_INVALID_STATE) at 0x42009e2b
file: "./main/src/I2C.c" line 103
func: i2c_write
expression: i2c_master_transmit(dev_handle_name, write_buffer, sizeof(write_buffer), -1)

abort() was called at PC 0x40379f7f on core 1


Backtrace: 0x40375a89:0x3fc9a540 0x40379f89:0x3fc9a560 0x40380671:0x3fc9a580 0x40379f7f:0x3fc9a5f0 0x42009e2b:0x3fc9a620 0x42009b2c:0x3fc9a650 0x42009be0:0x3fc9a670 0x4037a9c1:0x3fc9a6c0




ELF file SHA256: 95d1be146

Rebooting...
ESP-ROM:esp32s3-20210327
Build:Mar 27 2021
rst:0xc (RTC_SW_CPU_RST),boot:0x8 (SPI_FAST_FLASH_BOOT)
Saved PC:0x40378676
SPIWP:0xee
mode:DIO, clock div:1
load:0x3fce2810,len:0x15a0
load:0x403c8700,len:0x4
load:0x403c8704,len:0xd20
load:0x403cb700,len:0x2ee4
entry 0x403c8928
[0;32mI (26) boot: ESP-IDF v5.4-dirty 2nd stage bootloader[0m
[0;32mI (26) boot: compile time Feb 14 2025 11:21:12[0m
[0;32mI (26) boot: Multicore bootloader[0m
[0;32mI (27) boot: chip revision: v0.2[0m
[0;32mI (29) boot: efuse block revision: v1.3[0m
[0;32mI (33) boot.esp32s3: Boot SPI Speed : 80MHz[0m
[0;32mI (37) boot.esp32s3: SPI Mode       : DIO[0m
[0;32mI (41) boot.esp32s3: SPI Flash Size : 8MB[0m
[0;32mI (44) boot: Enabling RNG early entropy source...[0m
[0;32mI (49) boot: Partition Table:[0m
[0;32mI (52) boot: ## Label            Usage          Type ST Offset   Length[0m
[0;32mI (58) boot:  0 nvs              WiFi data        01 02 00009000 00006000[0m
[0;32mI (64) boot:  1 phy_init         RF data          01 01 0000f000 00001000[0m
[0;32mI (71) boot:  2 factory          factory app      00 00 00010000 00100000[0m
[0;32mI (77) boot: End of partition table[0m
[0;32mI (81) esp_image: segment 0: paddr=00010020 vaddr=3c020020 size=0c194h ( 49556) map[0m
[0;32mI (97) esp_image: segment 1: paddr=0001c1bc vaddr=3fc92800 size=02ad0h ( 10960) load[0m
[0;32mI (100) esp_image: segment 2: paddr=0001ec94 vaddr=40374000 size=01384h (  4996) load[0m
[0;32mI (104) esp_image: segment 3: paddr=00020020 vaddr=42000020 size=1d078h (118904) map[0m
[0;32mI (132) esp_image: segment 4: paddr=0003d0a0 vaddr=40375384 size=0d3ach ( 54188) load[0m
[0;32mI (144) esp_image: segment 5: paddr=0004a454 vaddr=600fe100 size=0001ch (    28) load[0m
[0;32mI (150) boot: Loaded app from partition at offset 0x10000[0m
[0;32mI (150) boot: Disabling RNG early entropy source...[0m
[0;32mI (162) cpu_start: Multicore app[0m
[0;32mI (171) cpu_start: Pro cpu start user code[0m
[0;32mI (171) cpu_start: cpu freq: 240000000 Hz[0m
[0;32mI (171) app_init: Application information:[0m
[0;32mI (171) app_init: Project name:     Programmerbar_last[0m
[0;32mI (176) app_init: App version:      eacbb8f-dirty[0m
[0;32mI (180) app_init: Compile time:     Feb 17 2025 09:25:16[0m
[0;32mI (185) app_init: ELF file SHA256:  95d1be146...[0m
[0;32mI (189) app_init: ESP-IDF:          v5.4-dirty[0m
[0;32mI (194) efuse_init: Min chip rev:     v0.0[0m
[0;32mI (197) efuse_init: Max chip rev:     v0.99 [0m
[0;32mI (201) efuse_init: Chip rev:         v0.2[0m
[0;32mI (205) heap_init: Initializing. RAM available for dynamic allocation:[0m
[0;32mI (212) heap_init: At 3FC95C08 len 00053B08 (334 KiB): RAM[0m
[0;32mI (217) heap_init: At 3FCE9710 len 00005724 (21 KiB): RAM[0m
[0;32mI (222) heap_init: At 3FCF0000 len 00008000 (32 KiB): DRAM[0m
[0;32mI (227) heap_init: At 600FE11C len 00001ECC (7 KiB): RTCRAM[0m
[0;32mI (233) spi_flash: detected chip: gd[0m
[0;32mI (236) spi_flash: flash io: dio[0m
[0;32mI (239) sleep_gpio: Configure to isolate all GPIO pins in sleep state[0m
[0;32mI (245) sleep_gpio: Enable automatic switching of GPIO sleep configuration[0m
[0;32mI (252) main_task: Started on CPU0[0m
[0;32mI (262) main_task: Calling app_main()[0m
[0;32mI (262) main_task: Returned from app_main()[0m
[0;32mI (262) ADC_INIT: ADC unit initialised successfully[0m
[0;32mI (262) ADC_INIT: ADC channel initialised successfully[0m
[0;32mI (2082) I2C: I2C Address found at 64[0m
[1;31mE (2112) i2c.master: I2C transaction timeout detected[0m
[1;31mE (2112) i2c.master: s_i2c_synchronous_transaction(918): I2C transaction failed[0m
[1;31mE (2112) i2c.master: i2c_master_multi_buffer_transmit(1180): I2C transaction failed[0m
ESP_ERROR_CHECK failed: esp_err_t 0x103 (ESP_ERR_INVALID_STATE) at 0x42009e2b
file: "./main/src/I2C.c" line 103
func: i2c_write
expression: i2c_master_transmit(dev_handle_name, write_buffer, sizeof(write_buffer), -1)

abort() was called at PC 0x40379f7f on core 1


Backtrace: 0x40375a89:0x3fc9a540 0x40379f89:0x3fc9a560 0x40380671:0x3fc9a580 0x40379f7f:0x3fc9a5f0 0x42009e2b:0x3fc9a620 0x42009b2c:0x3fc9a650 0x42009be0:0x3fc9a670 0x4037a9c1:0x3fc9a6c0




ELF file SHA256: 95d1be146

Rebooting...
ESP-ROM:esp32s3-20210327
Build:Mar 27 2021
rst:0xc (RTC_SW_CPU_RST),boot:0x8 (SPI_FAST_FLASH_BOOT)
Saved PC:0x40378676
SPIWP:0xee
mode:DIO, clock div:1
load:0x3fce2810,len:0x15a0
load:0x403c8700,len:0x4
load:0x403c8704,len:0xd20
load:0x403cb700,len:0x2ee4
entry 0x403c8928
[0;32mI (26) boot: ESP-IDF v5.4-dirty 2nd stage bootloader[0m
[0;32mI (26) boot: compile time Feb 14 2025 11:21:12[0m
[0;32mI (26) boot: Multicore bootloader[0m
[0;32mI (27) boot: chip revision: v0.2[0m
[0;32mI (29) boot: efuse block revision: v1.3[0m
[0;32mI (33) boot.esp32s3: Boot SPI Speed : 80MHz[0m
[0;32mI (37) boot.esp32s3: SPI Mode       : DIO[0m
[0;32mI (41) boot.esp32s3: SPI Flash Size : 8MB[0m
[0;32mI (44) boot: Enabling RNG early entropy source...[0m
[0;32mI (49) boot: Partition Table:[0m
[0;32mI (52) boot: ## Label            Usage          Type ST Offset   Length[0m
[0;32mI (58) boot:  0 nvs              WiFi data        01 02 00009000 00006000[0m
[0;32mI (64) boot:  1 phy_init         RF data          01 01 0000f000 00001000[0m
[0;32mI (71) boot:  2 factory          factory app      00 00 00010000 00100000[0m
[0;32mI (77) boot: End of partition table[0m
[0;32mI (81) esp_image: segment 0: paddr=00010020 vaddr=3c020020 size=0c194h ( 49556) map[0m
[0;32mI (97) esp_image: segment 1: paddr=0001c1bc vaddr=3fc92800 size=02ad0h ( 10960) load[0m
[0;32mI (100) esp_image: segment 2: paddr=0001ec94 vaddr=40374000 size=01384h (  4996) load[0m
[0;32mI (104) esp_image: segment 3: paddr=00020020 vaddr=42000020 size=1d078h (118904) map[0m
[0;32mI (132) esp_image: segment 4: paddr=0003d0a0 vaddr=40375384 size=0d3ach ( 54188) load[0m
[0;32mI (144) esp_image: segment 5: paddr=0004a454 vaddr=600fe100 size=0001ch (    28) load[0m
[0;32mI (150) boot: Loaded app from partition at offset 0x10000[0m
[0;32mI (150) boot: Disabling RNG early entropy source...[0m
[0;32mI (162) cpu_start: Multicore app[0m
[0;32mI (171) cpu_start: Pro cpu start user code[0m
[0;32mI (171) cpu_start: cpu freq: 240000000 Hz[0m
[0;32mI (171) app_init: Application information:[0m
[0;32mI (171) app_init: Project name:     Programmerbar_last[0m
[0;32mI (176) app_init: App version:      eacbb8f-dirty[0m
[0;32mI (180) app_init: Compile time:     Feb 17 2025 09:25:16[0m
[0;32mI (185) app_init: ELF file SHA256:  95d1be146...[0m
[0;32mI (189) app_init: ESP-IDF:          v5.4-dirty[0m
[0;32mI (194) efuse_init: Min chip rev:     v0.0[0m
[0;32mI (197) efuse_init: Max chip rev:     v0.99 [0m
[0;32mI (201) efuse_init: Chip rev:         v0.2[0m
[0;32mI (205) heap_init: Initializing. RAM available for dynamic allocation:[0m
[0;32mI (212) heap_init: At 3FC95C08 len 00053B08 (334 KiB): RAM[0m
[0;32mI (217) heap_init: At 3FCE9710 len 00005724 (21 KiB): RAM[0m
[0;32mI (222) heap_init: At 3FCF0000 len 00008000 (32 KiB): DRAM[0m
[0;32mI (227) heap_init: At 600FE11C len 00001ECC (7 KiB): RTCRAM[0m
[0;32mI (233) spi_flash: detected chip: gd[0m
[0;32mI (236) spi_flash: flash io: dio[0m
[0;32mI (239) sleep_gpio: Configure to isolate all GPIO pins in sleep state[0m
[0;32mI (245) sleep_gpio: Enable automatic switching of GPIO sleep configuration[0m
[0;32mI (252) main_task: Started on CPU0[0m
[0;32mI (262) main_task: Calling app_main()[0m
[0;32mI (262) main_task: Returned from app_main()[0m
[0;32mI (262) ADC_INIT: ADC unit initialised successfully[0m
[0;32mI (262) ADC_INIT: ADC channel initialised successfully[0m
[0;32mI (602) I2C: I2C Address found at 64[0m
[1;31mE (632) i2c.master: I2C transaction timeout detected[0m
[1;31mE (632) i2c.master: s_i2c_synchronous_transaction(918): I2C transaction failed[0m
[1;31mE (632) i2c.master: i2c_master_multi_buffer_transmit(1180): I2C transaction failed[0m
ESP_ERROR_CHECK failed: esp_err_t 0x103 (ESP_ERR_INVALID_STATE) at 0x42009e2b
file: "./main/src/I2C.c" line 103
func: i2c_write
expression: i2c_master_transmit(dev_handle_name, write_buffer, sizeof(write_buffer), -1)

abort() was called at PC 0x40379f7f on core 1


Backtrace: 0x40375a89:0x3fc9a540 0x40379f89:0x3fc9a560 0x40380671:0x3fc9a580 0x40379f7f:0x3fc9a5f0 0x42009e2b:0x3fc9a620 0x42009b2c:0x3fc9a650 0x42009be0:0x3fc9a670 0x4037a9c1:0x3fc9a6c0




ELF file SHA256: 95d1be146

Rebooting...
ESP-ROM:esp32s3-20210327
Build:Mar 27 2021
rst:0xc (RTC_SW_CPU_RST),boot:0x8 (SPI_FAST_FLASH_BOOT)
Saved PC:0x40378676
SPIWP:0xee
mode:DIO, clock div:1
load:0x3fce2810,len:0x15a0
load:0x403c8700,len:0x4
load:0x403c8704,len:0xd20
load:0x403cb700,len:0x2ee4
entry 0x403c8928
[0;32mI (26) boot: ESP-IDF v5.4-dirty 2nd stage bootloader[0m
[0;32mI (26) boot: compile time Feb 14 2025 11:21:12[0m
[0;32mI (26) boot: Multicore bootloader[0m
[0;32mI (27) boot: chip revision: v0.2[0m
[0;32mI (29) boot: efuse block revision: v1.3[0m
[0;32mI (33) boot.esp32s3: Boot SPI Speed : 80MHz[0m
[0;32mI (37) boot.esp32s3: SPI Mode       : DIO[0m
[0;32mI (41) boot.esp32s3: SPI Flash Size : 8MB[0m
[0;32mI (44) boot: Enabling RNG early entropy source...[0m
[0;32mI (49) boot: Partition Table:[0m
[0;32mI (52) boot: ## Label            Usage          Type ST Offset   Length[0m
[0;32mI (58) boot:  0 nvs              WiFi data        01 02 00009000 00006000[0m
[0;32mI (64) boot:  1 phy_init         RF data          01 01 0000f000 00001000[0m
[0;32mI (71) boot:  2 factory          factory app      00 00 00010000 00100000[0m
[0;32mI (77) boot: End of partition table[0m
[0;32mI (81) esp_image: segment 0: paddr=00010020 vaddr=3c020020 size=0c194h ( 49556) map[0m
[0;32mI (97) esp_image: segment 1: paddr=0001c1bc vaddr=3fc92800 size=02ad0h ( 10960) load[0m
[0;32mI (100) esp_image: segment 2: paddr=0001ec94 vaddr=40374000 size=01384h (  4996) load[0m
[0;32mI (104) esp_image: segment 3: paddr=00020020 vaddr=42000020 size=1d078h (118904) map[0m
[0;32mI (132) esp_image: segment 4: paddr=0003d0a0 vaddr=40375384 size=0d3ach ( 54188) load[0m
[0;32mI (144) esp_image: segment 5: paddr=0004a454 vaddr=600fe100 size=0001ch (    28) load[0m
[0;32mI (150) boot: Loaded app from partition at offset 0x10000[0m
[0;32mI (150) boot: Disabling RNG early entropy source...[0m
[0;32mI (162) cpu_start: Multicore app[0m
[0;32mI (171) cpu_start: Pro cpu start user code[0m
[0;32mI (171) cpu_start: cpu freq: 240000000 Hz[0m
[0;32mI (171) app_init: Application information:[0m
[0;32mI (171) app_init: Project name:     Programmerbar_last[0m
[0;32mI (176) app_init: App version:      eacbb8f-dirty[0m
[0;32mI (180) app_init: Compile time:     Feb 17 2025 09:25:16[0m
[0;32mI (185) app_init: ELF file SHA256:  95d1be146...[0m
[0;32mI (189) app_init: ESP-IDF:          v5.4-dirty[0m
[0;32mI (194) efuse_init: Min chip rev:     v0.0[0m
[0;32mI (197) efuse_init: Max chip rev:     v0.99 [0m
[0;32mI (201) efuse_init: Chip rev:         v0.2[0m
[0;32mI (205) heap_init: Initializing. RAM available for dynamic allocation:[0m
[0;32mI (212) heap_init: At 3FC95C08 len 00053B08 (334 KiB): RAM[0m
[0;32mI (217) heap_init: At 3FCE9710 len 00005724 (21 KiB): RAM[0m
[0;32mI (222) heap_init: At 3FCF0000 len 00008000 (32 KiB): DRAM[0m
[0;32mI (227) heap_init: At 600FE11C len 00001ECC (7 KiB): RTCRAM[0m
[0;32mI (233) spi_flash: detected chip: gd[0m
[0;32mI (236) spi_flash: flash io: dio[0m
[0;32mI (239) sleep_gpio: Configure to isolate all GPIO pins in sleep state[0m
[0;32mI (245) sleep_gpio: Enable automatic switching of GPIO sleep configuration[0m
[0;32mI (252) main_task: Started on CPU0[0m
[0;32mI (262) main_task: Calling app_main()[0m
[0;32mI (262) main_task: Returned from app_main()[0m
[0;32mI (262) ADC_INIT: ADC unit initialised successfully[0m
[0;32mI (262) ADC_INIT: ADC channel initialised successfully[0m
[1;31mE (382) i2c.master: I2C transaction timeout detected[0m
[1;31mE (382) i2c.master: probe device timeout. Please check if xfer_timeout_ms and pull-ups are correctly set up[0m
[0;32mI (382) I2C: No I2C device found on 64[0m
[1;31mE (422) i2c.master: I2C transaction timeout detected[0m
[1;31mE (422) i2c.master: s_i2c_synchronous_transaction(918): I2C transaction failed[0m
[1;31mE (432) i2c.master: i2c_master_multi_buffer_transmit(1180): I2C transaction failed[0m
ESP_ERROR_CHECK failed: esp_err_t 0x103 (ESP_ERR_INVALID_STATE) at 0x42009e2b
file: "./main/src/I2C.c" line 103
func: i2c_write
expression: i2c_master_transmit(dev_handle_name, write_buffer, sizeof(write_buffer), -1)

abort() was called at PC 0x40379f7f on core 1


Backtrace: 0x40375a89:0x3fc9a540 0x40379f89:0x3fc9a560 0x40380671:0x3fc9a580 0x40379f7f:0x3fc9a5f0 0x42009e2b:0x3fc9a620 0x42009b2c:0x3fc9a650 0x42009be0:0x3fc9a670 0x4037a9c1:0x3fc9a6c0




ELF file SHA256: 95d1be146

Rebooting...
ESP-ROM:esp32s3-20210327
Build:Mar 27 2021
rst:0xc (RTC_SW_CPU_RST),boot:0x8 (SPI_FAST_FLASH_BOOT)
Saved PC:0x40378676
SPIWP:0xee
mode:DIO, clock div:1
load:0x3fce2810,len:0x15a0
load:0x403c8700,len:0x4
load:0x403c8704,len:0xd20
load:0x403cb700,len:0x2ee4
entry 0x403c8928
[0;32mI (26) boot: ESP-IDF v5.4-dirty 2nd stage bootloader[0m
[0;32mI (26) boot: compile time Feb 14 2025 11:21:12[0m
[0;32mI (26) boot: Multicore bootloader[0m
[0;32mI (27) boot: chip revision: v0.2[0m
[0;32mI (29) boot: efuse block revision: v1.3[0m
[0;32mI (33) boot.esp32s3: Boot SPI Speed : 80MHz[0m
[0;32mI (37) boot.esp32s3: SPI Mode       : DIO[0m
[0;32mI (41) boot.esp32s3: SPI Flash Size : 8MB[0m
[0;32mI (44) boot: Enabling RNG early entropy source...[0m
[0;32mI (49) boot: Partition Table:[0m
[0;32mI (52) boot: ## Label            Usage          Type ST Offset   Length[0m
[0;32mI (58) boot:  0 nvs              WiFi data        01 02 00009000 00006000[0m
[0;32mI (64) boot:  1 phy_init         RF data          01 01 0000f000 00001000[0m
[0;32mI (71) boot:  2 factory          factory app      00 00 00010000 00100000[0m
[0;32mI (77) boot: End of partition table[0m
[0;32mI (81) esp_image: segment 0: paddr=00010020 vaddr=3c020020 size=0c194h ( 49556) map[0m
[0;32mI (97) esp_image: segment 1: paddr=0001c1bc vaddr=3fc92800 size=02ad0h ( 10960) load[0m
[0;32mI (100) esp_image: segment 2: paddr=0001ec94 vaddr=40374000 size=01384h (  4996) load[0m
[0;32mI (104) esp_image: segment 3: paddr=00020020 vaddr=42000020 size=1d078h (118904) map[0m
[0;32mI (132) esp_image: segment 4: paddr=0003d0a0 vaddr=40375384 size=0d3ach ( 54188) load[0m
[0;32mI (144) esp_image: segment 5: paddr=0004a454 vaddr=600fe100 size=0001ch (    28) load[0m
[0;32mI (150) boot: Loaded app from partition at offset 0x10000[0m
[0;32mI (150) boot: Disabling RNG early entropy source...[0m
[0;32mI (162) cpu_start: Multicore app[0m
[0;32mI (171) cpu_start: Pro cpu start user code[0m
[0;32mI (171) cpu_start: cpu freq: 240000000 Hz[0m
[0;32mI (171) app_init: Application information:[0m
[0;32mI (171) app_init: Project name:     Programmerbar_last[0m
[0;32mI (176) app_init: App version:      eacbb8f-dirty[0m
[0;32mI (180) app_init: Compile time:     Feb 17 2025 09:25:16[0m
[0;32mI (185) app_init: ELF file SHA256:  95d1be146...[0m
[0;32mI (189) app_init: ESP-IDF:          v5.4-dirty[0m
[0;32mI (194) efuse_init: Min chip rev:     v0.0[0m
[0;32mI (197) efuse_init: Max chip rev:     v0.99 [0m
[0;32mI (201) efuse_init: Chip rev:         v0.2[0m
[0;32mI (205) heap_init: Initializing. RAM available for dynamic allocation:[0m
[0;32mI (212) heap_init: At 3FC95C08 len 00053B08 (334 KiB): RAM[0m
[0;32mI (217) heap_init: At 3FCE9710 len 00005724 (21 KiB): RAM[0m
[0;32mI (222) heap_init: At 3FCF0000 len 00008000 (32 KiB): DRAM[0m
[0;32mI (227) heap_init: At 600FE11C len 00001ECC (7 KiB): RTCRAM[0m
[0;32mI (233) spi_flash: detected chip: gd[0m
[0;32mI (236) spi_flash: flash io: dio[0m
[0;32mI (239) sleep_gpio: Configure to isolate all GPIO pins in sleep state[0m
[0;32mI (245) sleep_gpio: Enable automatic switching of GPIO sleep configuration[0m
[0;32mI (252) main_task: Started on CPU0[0m
[0;32mI (262) main_task: Calling app_main()[0m
[0;32mI (262) main_task: Returned from app_main()[0m
[0;32mI (262) ADC_INIT: ADC unit initialised successfully[0m
[0;32mI (262) ADC_INIT: ADC channel initialised successfully[0m
[1;31mE (482) i2c.master: I2C transaction timeout detected[0m
[1;31mE (482) i2c.master: probe device timeout. Please check if xfer_timeout_ms and pull-ups are correctly set up[0m
[0;32mI (492) I2C: No I2C device found on 64[0m
[1;31mE (522) i2c.master: I2C transaction timeout detected[0m
[1;31mE (522) i2c.master: s_i2c_synchronous_transaction(918): I2C transaction failed[0m
[1;31mE (522) i2c.master: i2c_master_multi_buffer_transmit(1180): I2C transaction failed[0m
ESP_ERROR_CHECK failed: esp_err_t 0x103 (ESP_ERR_INVALID_STATE) at 0x42009e2b
file: "./main/src/I2C.c" line 103
func: i2c_write
expression: i2c_master_transmit(dev_handle_name, write_buffer, sizeof(write_buffer), -1)

abort() was called at PC 0x40379f7f on core 1


Backtrace: 0x40375a89:0x3fc9a540 0x40379f89:0x3fc9a560 0x40380671:0x3fc9a580 0x40379f7f:0x3fc9a5f0 0x42009e2b:0x3fc9a620 0x42009b2c:0x3fc9a650 0x42009be0:0x3fc9a670 0x4037a9c1:0x3fc9a6c0




ELF file SHA256: 95d1be146

Rebooting...
ESP-ROM:esp32s3-20210327
Build:Mar 27 2021
rst:0xc (RTC_SW_CPU_RST),boot:0x8 (SPI_FAST_FLASH_BOOT)
Saved PC:0x40378676
SPIWP:0xee
mode:DIO, clock div:1
load:0x3fce2810,len:0x15a0
load:0x403c8700,len:0x4
load:0x403c8704,len:0xd20
load:0x403cb700,len:0x2ee4
entry 0x403c8928
[0;32mI (26) boot: ESP-IDF v5.4-dirty 2nd stage bootloader[0m
[0;32mI (26) boot: compile time Feb 14 2025 11:21:12[0m
[0;32mI (26) boot: Multicore bootloader[0m
[0;32mI (27) boot: chip revision: v0.2[0m
[0;32mI (29) boot: efuse block revision: v1.3[0m
[0;32mI (33) boot.esp32s3: Boot SPI Speed : 80MHz[0m
[0;32mI (37) boot.esp32s3: SPI Mode       : DIO[0m
[0;32mI (41) boot.esp32s3: SPI Flash Size : 8MB[0m
[0;32mI (44) boot: Enabling RNG early entropy source...[0m
[0;32mI (49) boot: Partition Table:[0m
[0;32mI (52) boot: ## Label            Usage          Type ST Offset   Length[0m
[0;32mI (58) boot:  0 nvs              WiFi data        01 02 00009000 00006000[0m
[0;32mI (64) boot:  1 phy_init         RF data          01 01 0000f000 00001000[0m
[0;32mI (71) boot:  2 factory          factory app      00 00 00010000 00100000[0m
[0;32mI (77) boot: End of partition table[0m
[0;32mI (81) esp_image: segment 0: paddr=00010020 vaddr=3c020020 size=0c194h ( 49556) map[0m
[0;32mI (97) esp_image: segment 1: paddr=0001c1bc vaddr=3fc92800 size=02ad0h ( 10960) load[0m
[0;32mI (100) esp_image: segment 2: paddr=0001ec94 vaddr=40374000 size=01384h (  4996) load[0m
[0;32mI (104) esp_image: segment 3: paddr=00020020 vaddr=42000020 size=1d078h (118904) map[0m
[0;32mI (132) esp_image: segment 4: paddr=0003d0a0 vaddr=40375384 size=0d3ach ( 54188) load[0m
[0;32mI (144) esp_image: segment 5: paddr=0004a454 vaddr=600fe100 size=0001ch (    28) load[0m
[0;32mI (150) boot: Loaded app from partition at offset 0x10000[0m
[0;32mI (150) boot: Disabling RNG early entropy source...[0m
[0;32mI (162) cpu_start: Multicore app[0m
[0;32mI (171) cpu_start: Pro cpu start user code[0m
[0;32mI (171) cpu_start: cpu freq: 240000000 Hz[0m
[0;32mI (171) app_init: Application information:[0m
[0;32mI (171) app_init: Project name:     Programmerbar_last[0m
[0;32mI (176) app_init: App version:      eacbb8f-dirty[0m
[0;32mI (180) app_init: Compile time:     Feb 17 2025 09:25:16[0m
[0;32mI (185) app_init: ELF file SHA256:  95d1be146...[0m
[0;32mI (189) app_init: ESP-IDF:          v5.4-dirty[0m
[0;32mI (194) efuse_init: Min chip rev:     v0.0[0m
[0;32mI (197) efuse_init: Max chip rev:     v0.99 [0m
[0;32mI (201) efuse_init: Chip rev:         v0.2[0m
[0;32mI (205) heap_init: Initializing. RAM available for dynamic allocation:[0m
[0;32mI (212) heap_init: At 3FC95C08 len 00053B08 (334 KiB): RAM[0m
[0;32mI (217) heap_init: At 3FCE9710 len 00005724 (21 KiB): RAM[0m
[0;32mI (222) heap_init: At 3FCF0000 len 00008000 (32 KiB): DRAM[0m
[0;32mI (227) heap_init: At 600FE11C len 00001ECC (7 KiB): RTCRAM[0m
[0;32mI (233) spi_flash: detected chip: gd[0m
[0;32mI (236) spi_flash: flash io: dio[0m
[0;32mI (239) sleep_gpio: Configure to isolate all GPIO pins in sleep state[0m
[0;32mI (245) sleep_gpio: Enable automatic switching of GPIO sleep configuration[0m
[0;32mI (252) main_task: Started on CPU0[0m
[0;32mI (262) main_task: Calling app_main()[0m
[0;32mI (262) main_task: Returned from app_main()[0m
[0;32mI (262) ADC_INIT: ADC unit initialised successfully[0m
[0;32mI (262) ADC_INIT: ADC channel initialised successfully[0m
[1;31mE (562) i2c.master: I2C transaction timeout detected[0m
[1;31mE (562) i2c.master: probe device timeout. Please check if xfer_timeout_ms and pull-ups are correctly set up[0m
[0;32mI (572) I2C: No I2C device found on 64[0m
[1;31mE (612) i2c.master: I2C transaction timeout detected[0m
[1;31mE (612) i2c.master: s_i2c_synchronous_transaction(918): I2C transaction failed[0m
[1;31mE (612) i2c.master: i2c_master_multi_buffer_transmit(1180): I2C transaction failed[0m
ESP_ERROR_CHECK failed: esp_err_t 0x103 (ESP_ERR_INVALID_STATE) at 0x42009e2b
file: "./main/src/I2C.c" line 103
func: i2c_write
expression: i2c_master_transmit(dev_handle_name, write_buffer, sizeof(write_buffer), -1)

abort() was called at PC 0x40379f7f on core 1


Backtrace: 0x40375a89:0x3fc9a540 0x40379f89:0x3fc9a560 0x40380671:0x3fc9a580 0x40379f7f:0x3fc9a5f0 0x42009e2b:0x3fc9a620 0x42009b2c:0x3fc9a650 0x42009be0:0x3fc9a670 0x4037a9c1:0x3fc9a6c0




ELF file SHA256: 95d1be146

Rebooting...
ESP-ROM:esp32s3-20210327
Build:Mar 27 2021
rst:0xc (RTC_SW_CPU_RST),boot:0x8 (SPI_FAST_FLASH_BOOT)
Saved PC:0x40378676
SPIWP:0xee
mode:DIO, clock div:1
load:0x3fce2810,len:0x15a0
load:0x403c8700,len:0x4
load:0x403c8704,len:0xd20
load:0x403cb700,len:0x2ee4
entry 0x403c8928
[0;32mI (26) boot: ESP-IDF v5.4-dirty 2nd stage bootloader[0m
[0;32mI (26) boot: compile time Feb 14 2025 11:21:12[0m
[0;32mI (26) boot: Multicore bootloader[0m
[0;32mI (27) boot: chip revision: v0.2[0m
[0;32mI (29) boot: efuse block revision: v1.3[0m
[0;32mI (33) boot.esp32s3: Boot SPI Speed : 80MHz[0m
[0;32mI (37) boot.esp32s3: SPI Mode       : DIO[0m
[0;32mI (41) boot.esp32s3: SPI Flash Size : 8MB[0m
[0;32mI (44) boot: Enabling RNG early entropy source...[0m
[0;32mI (49) boot: Partition Table:[0m
[0;32mI (52) boot: ## Label            Usage          Type ST Offset   Length[0m
[0;32mI (58) boot:  0 nvs              WiFi data        01 02 00009000 00006000[0m
[0;32mI (64) boot:  1 phy_init         RF data          01 01 0000f000 00001000[0m
[0;32mI (71) boot:  2 factory          factory app      00 00 00010000 00100000[0m
[0;32mI (77) boot: End of partition table[0m
[0;32mI (81) esp_image: segment 0: paddr=00010020 vaddr=3c020020 size=0c194h ( 49556) map[0m
[0;32mI (97) esp_image: segment 1: paddr=0001c1bc vaddr=3fc92800 size=02ad0h ( 10960) load[0m
[0;32mI (100) esp_image: segment 2: paddr=0001ec94 vaddr=40374000 size=01384h (  4996) load[0m
[0;32mI (104) esp_image: segment 3: paddr=00020020 vaddr=42000020 size=1d078h (118904) map[0m
[0;32mI (132) esp_image: segment 4: paddr=0003d0a0 vaddr=40375384 size=0d3ach ( 54188) load[0m
[0;32mI (144) esp_image: segment 5: paddr=0004a454 vaddr=600fe100 size=0001ch (    28) load[0m
[0;32mI (150) boot: Loaded app from partition at offset 0x10000[0m
[0;32mI (150) boot: Disabling RNG early entropy source...[0m
[0;32mI (162) cpu_start: Multicore app[0m
[0;32mI (171) cpu_start: Pro cpu start user code[0m
[0;32mI (171) cpu_start: cpu freq: 240000000 Hz[0m
[0;32mI (171) app_init: Application information:[0m
[0;32mI (171) app_init: Project name:     Programmerbar_last[0m
[0;32mI (176) app_init: App version:      eacbb8f-dirty[0m
[0;32mI (180) app_init: Compile time:     Feb 17 2025 09:25:16[0m
[0;32mI (185) app_init: ELF file SHA256:  95d1be146...[0m
[0;32mI (189) app_init: ESP-IDF:          v5.4-dirty[0m
[0;32mI (194) efuse_init: Min chip rev:     v0.0[0m
[0;32mI (197) efuse_init: Max chip rev:     v0.99 [0m
[0;32mI (201) efuse_init: Chip rev:         v0.2[0m
[0;32mI (205) heap_init: Initializing. RAM available for dynamic allocation:[0m
[0;32mI (212) heap_init: At 3FC95C08 len 00053B08 (334 KiB): RAM[0m
[0;32mI (217) heap_init: At 3FCE9710 len 00005724 (21 KiB): RAM[0m
[0;32mI (222) heap_init: At 3FCF0000 len 00008000 (32 KiB): DRAM[0m
[0;32mI (227) heap_init: At 600FE11C len 00001ECC (7 KiB): RTCRAM[0m
[0;32mI (233) spi_flash: detected chip: gd[0m
[0;32mI (236) spi_flash: flash io: dio[0m
[0;32mI (239) sleep_gpio: Configure to isolate all GPIO pins in sleep state[0m
[0;32mI (245) sleep_gpio: Enable automatic switching of GPIO sleep configuration[0m
[0;32mI (252) main_task: Started on CPU0[0m
[0;32mI (262) main_task: Calling app_main()[0m
[0;32mI (262) main_task: Returned from app_main()[0m
[0;32mI (262) ADC_INIT: ADC unit initialised successfully[0m
[0;32mI (262) ADC_INIT: ADC channel initialised successfully[0m
[0;32mI (812) I2C: I2C Address found at 64[0m
[1;31mE (832) i2c.master: I2C transaction timeout detected[0m
[1;31mE (832) i2c.master: s_i2c_synchronous_transaction(918): I2C transaction failed[0m
[1;31mE (842) i2c.master: i2c_master_multi_buffer_transmit(1180): I2C transaction failed[0m
ESP_ERROR_CHECK failed: esp_err_t 0x103 (ESP_ERR_INVALID_STATE) at 0x42009e2b
file: "./main/src/I2C.c" line 103
func: i2c_write
expression: i2c_master_transmit(dev_handle_name, write_buffer, sizeof(write_buffer), -1)

abort() was called at PC 0x40379f7f on core 1


Backtrace: 0x40375a89:0x3fc9a540 0x40379f89:0x3fc9a560 0x40380671:0x3fc9a580 0x40379f7f:0x3fc9a5f0 0x42009e2b:0x3fc9a620 0x42009b2c:0x3fc9a650 0x42009be0:0x3fc9a670 0x4037a9c1:0x3fc9a6c0




ELF file SHA256: 95d1be146

Rebooting...
ESP-ROM:esp32s3-20210327
Build:Mar 27 2021
rst:0xc (RTC_SW_CPU_RST),boot:0x8 (SPI_FAST_FLASH_BOOT)
Saved PC:0x40378676
SPIWP:0xee
mode:DIO, clock div:1
load:0x3fce2810,len:0x15a0
load:0x403c8700,len:0x4
load:0x403c8704,len:0xd20
load:0x403cb700,len:0x2ee4
entry 0x403c8928
[0;32mI (26) boot: ESP-IDF v5.4-dirty 2nd stage bootloader[0m
[0;32mI (26) boot: compile time Feb 14 2025 11:21:12[0m
[0;32mI (26) boot: Multicore bootloader[0m
[0;32mI (27) boot: chip revision: v0.2[0m
[0;32mI (29) boot: efuse block revision: v1.3[0m
[0;32mI (33) boot.esp32s3: Boot SPI Speed : 80MHz[0m
[0;32mI (37) boot.esp32s3: SPI Mode       : DIO[0m
[0;32mI (41) boot.esp32s3: SPI Flash Size : 8MB[0m
[0;32mI (44) boot: Enabling RNG early entropy source...[0m
[0;32mI (49) boot: Partition Table:[0m
[0;32mI (52) boot: ## Label            Usage          Type ST Offset   Length[0m
[0;32mI (58) boot:  0 nvs              WiFi data        01 02 00009000 00006000[0m
[0;32mI (64) boot:  1 phy_init         RF data          01 01 0000f000 00001000[0m
[0;32mI (71) boot:  2 factory          factory app      00 00 00010000 00100000[0m
[0;32mI (77) boot: End of partition table[0m
[0;32mI (81) esp_image: segment 0: paddr=00010020 vaddr=3c020020 size=0c194h ( 49556) map[0m
[0;32mI (97) esp_image: segment 1: paddr=0001c1bc vaddr=3fc92800 size=02ad0h ( 10960) load[0m
[0;32mI (100) esp_image: segment 2: paddr=0001ec94 vaddr=40374000 size=01384h (  4996) load[0m
[0;32mI (104) esp_image: segment 3: paddr=00020020 vaddr=42000020 size=1d078h (118904) map[0m
[0;32mI (132) esp_image: segment 4: paddr=0003d0a0 vaddr=40375384 size=0d3ach ( 54188) load[0m
[0;32mI (144) esp_image: segment 5: paddr=0004a454 vaddr=600fe100 size=0001ch (    28) load[0m
[0;32mI (150) boot: Loaded app from partition at offset 0x10000[0m
[0;32mI (150) boot: Disabling RNG early entropy source...[0m
[0;32mI (162) cpu_start: Multicore app[0m
[0;32mI (171) cpu_start: Pro cpu start user code[0m
[0;32mI (171) cpu_start: cpu freq: 240000000 Hz[0m
[0;32mI (171) app_init: Application information:[0m
[0;32mI (171) app_init: Project name:     Programmerbar_last[0m
[0;32mI (176) app_init: App version:      eacbb8f-dirty[0m
[0;32mI (180) app_init: Compile time:     Feb 17 2025 09:25:16[0m
[0;32mI (185) app_init: ELF file SHA256:  95d1be146...[0m
[0;32mI (189) app_init: ESP-IDF:          v5.4-dirty[0m
[0;32mI (194) efuse_init: Min chip rev:     v0.0[0m
[0;32mI (197) efuse_init: Max chip rev:     v0.99 [0m
[0;32mI (201) efuse_init: Chip rev:         v0.2[0m
[0;32mI (205) heap_init: Initializing. RAM available for dynamic allocation:[0m
[0;32mI (212) heap_init: At 3FC95C08 len 00053B08 (334 KiB): RAM[0m
[0;32mI (217) heap_init: At 3FCE9710 len 00005724 (21 KiB): RAM[0m
[0;32mI (222) heap_init: At 3FCF0000 len 00008000 (32 KiB): DRAM[0m
[0;32mI (227) heap_init: At 600FE11C len 00001ECC (7 KiB): RTCRAM[0m
[0;32mI (233) spi_flash: detected chip: gd[0m
[0;32mI (236) spi_flash: flash io: dio[0m
[0;32mI (239) sleep_gpio: Configure to isolate all GPIO pins in sleep state[0m
[0;32mI (245) sleep_gpio: Enable automatic switching of GPIO sleep configuration[0m
[0;32mI (252) main_task: Started on CPU0[0m
[0;32mI (262) main_task: Calling app_main()[0m
[0;32mI (262) main_task: Returned from app_main()[0m
[0;32mI (262) ADC_INIT: ADC unit initialised successfully[0m
[0;32mI (262) ADC_INIT: ADC channel initialised successfully[0m
[0;32mI (392) I2C: I2C Address found at 64[0m
[1;31mE (422) i2c.master: I2C transaction timeout detected[0m
[1;31mE (422) i2c.master: s_i2c_synchronous_transaction(918): I2C transaction failed[0m
[1;31mE (422) i2c.master: i2c_master_multi_buffer_transmit(1180): I2C transaction failed[0m
ESP_ERROR_CHECK failed: esp_err_t 0x103 (ESP_ERR_INVALID_STATE) at 0x42009e2b
file: "./main/src/I2C.c" line 103
func: i2c_write
expression: i2c_master_transmit(dev_handle_name, write_buffer, sizeof(write_buffer), -1)

abort() was called at PC 0x40379f7f on core 1


Backtrace: 0x40375a89:0x3fc9a540 0x40379f89:0x3fc9a560 0x40380671:0x3fc9a580 0x40379f7f:0x3fc9a5f0 0x42009e2b:0x3fc9a620 0x42009b2c:0x3fc9a650 0x42009be0:0x3fc9a670 0x4037a9c1:0x3fc9a6c0




ELF file SHA256: 95d1be146

Rebooting...
ESP-ROM:esp32s3-20210327
Build:Mar 27 2021
rst:0xc (RTC_SW_CPU_RST),boot:0x8 (SPI_FAST_FLASH_BOOT)
Saved PC:0x40378676
SPIWP:0xee
mode:DIO, clock div:1
load:0x3fce2810,len:0x15a0
load:0x403c8700,len:0x4
load:0x403c8704,len:0xd20
load:0x403cb700,len:0x2ee4
entry 0x403c8928
[0;32mI (26) boot: ESP-IDF v5.4-dirty 2nd stage bootloader[0m
[0;32mI (26) boot: compile time Feb 14 2025 11:21:12[0m
[0;32mI (26) boot: Multicore bootloader[0m
[0;32mI (27) boot: chip revision: v0.2[0m
[0;32mI (29) boot: efuse block revision: v1.3[0m
[0;32mI (33) boot.esp32s3: Boot SPI Speed : 80MHz[0m
[0;32mI (37) boot.esp32s3: SPI Mode       : DIO[0m
[0;32mI (41) boot.esp32s3: SPI Flash Size : 8MB[0m
[0;32mI (44) boot: Enabling RNG early entropy source...[0m
[0;32mI (49) boot: Partition Table:[0m
[0;32mI (52) boot: ## Label            Usage          Type ST Offset   Length[0m
[0;32mI (58) boot:  0 nvs              WiFi data        01 02 00009000 00006000[0m
[0;32mI (64) boot:  1 phy_init         RF data          01 01 0000f000 00001000[0m
[0;32mI (71) boot:  2 factory          factory app      00 00 00010000 00100000[0m
[0;32mI (77) boot: End of partition table[0m
[0;32mI (81) esp_image: segment 0: paddr=00010020 vaddr=3c020020 size=0c194h ( 49556) map[0m
[0;32mI (97) esp_image: segment 1: paddr=0001c1bc vaddr=3fc92800 size=02ad0h ( 10960) load[0m
[0;32mI (100) esp_image: segment 2: paddr=0001ec94 vaddr=40374000 size=01384h (  4996) load[0m
[0;32mI (104) esp_image: segment 3: paddr=00020020 vaddr=42000020 size=1d078h (118904) map[0m
[0;32mI (132) esp_image: segment 4: paddr=0003d0a0 vaddr=40375384 size=0d3ach ( 54188) load[0m
[0;32mI (144) esp_image: segment 5: paddr=0004a454 vaddr=600fe100 size=0001ch (    28) load[0m
[0;32mI (150) boot: Loaded app from partition at offset 0x10000[0m
[0;32mI (150) boot: Disabling RNG early entropy source...[0m
[0;32mI (162) cpu_start: Multicore app[0m
[0;32mI (171) cpu_start: Pro cpu start user code[0m
[0;32mI (171) cpu_start: cpu freq: 240000000 Hz[0m
[0;32mI (171) app_init: Application information:[0m
[0;32mI (171) app_init: Project name:     Programmerbar_last[0m
[0;32mI (176) app_init: App version:      eacbb8f-dirty[0m
[0;32mI (180) app_init: Compile time:     Feb 17 2025 09:25:16[0m
[0;32mI (185) app_init: ELF file SHA256:  95d1be146...[0m
[0;32mI (189) app_init: ESP-IDF:          v5.4-dirty[0m
[0;32mI (194) efuse_init: Min chip rev:     v0.0[0m
[0;32mI (197) efuse_init: Max chip rev:     v0.99 [0m
[0;32mI (201) efuse_init: Chip rev:         v0.2[0m
[0;32mI (205) heap_init: Initializing. RAM available for dynamic allocation:[0m
[0;32mI (212) heap_init: At 3FC95C08 len 00053B08 (334 KiB): RAM[0m
[0;32mI (217) heap_init: At 3FCE9710 len 00005724 (21 KiB): RAM[0m
[0;32mI (222) heap_init: At 3FCF0000 len 00008000 (32 KiB): DRAM[0m
[0;32mI (227) heap_init: At 600FE11C len 00001ECC (7 KiB): RTCRAM[0m
[0;32mI (233) spi_flash: detected chip: gd[0m
[0;32mI (236) spi_flash: flash io: dio[0m
[0;32mI (239) sleep_gpio: Configure to isolate all GPIO pins in sleep state[0m
[0;32mI (245) sleep_gpio: Enable automatic switching of GPIO sleep configuration[0m
[0;32mI (252) main_task: Started on CPU0[0m
[0;32mI (262) main_task: Calling app_main()[0m
[0;32mI (262) main_task: Returned from app_main()[0m
[0;32mI (262) ADC_INIT: ADC unit initialised successfully[0m
[0;32mI (262) ADC_INIT: ADC channel initialised successfully[0m
[0;32mI (1272) I2C: I2C Address found at 64[0m
[1;31mE (1302) i2c.master: I2C transaction timeout detected[0m
[1;31mE (1302) i2c.master: s_i2c_synchronous_transaction(918): I2C transaction failed[0m
[1;31mE (1302) i2c.master: i2c_master_multi_buffer_transmit(1180): I2C transaction failed[0m
ESP_ERROR_CHECK failed: esp_err_t 0x103 (ESP_ERR_INVALID_STATE) at 0x42009e2b
file: "./main/src/I2C.c" line 103
func: i2c_write
expression: i2c_master_transmit(dev_handle_name, write_buffer, sizeof(write_buffer), -1)

abort() was called at PC 0x40379f7f on core 1


Backtrace: 0x40375a89:0x3fc9a540 0x40379f89:0x3fc9a560 0x40380671:0x3fc9a580 0x40379f7f:0x3fc9a5f0 0x42009e2b:0x3fc9a620 0x42009b2c:0x3fc9a650 0x42009be0:0x3fc9a670 0x4037a9c1:0x3fc9a6c0




ELF file SHA256: 95d1be146

Rebooting...
ESP-ROM:esp32s3-20210327
Build:Mar 27 2021
rst:0xc (RTC_SW_CPU_RST),boot:0x8 (SPI_FAST_FLASH_BOOT)
Saved PC:0x40378676
SPIWP:0xee
mode:DIO, clock div:1
load:0x3fce2810,len:0x15a0
load:0x403c8700,len:0x4
load:0x403c8704,len:0xd20
load:0x403cb700,len:0x2ee4
entry 0x403c8928
[0;32mI (26) boot: ESP-IDF v5.4-dirty 2nd stage bootloader[0m
[0;32mI (26) boot: compile time Feb 14 2025 11:21:12[0m
[0;32mI (26) boot: Multicore bootloader[0m
[0;32mI (27) boot: chip revision: v0.2[0m
[0;32mI (29) boot: efuse block revision: v1.3[0m
[0;32mI (33) boot.esp32s3: Boot SPI Speed : 80MHz[0m
[0;32mI (37) boot.esp32s3: SPI Mode       : DIO[0m
[0;32mI (41) boot.esp32s3: SPI Flash Size : 8MB[0m
[0;32mI (44) boot: Enabling RNG early entropy source...[0m
[0;32mI (49) boot: Partition Table:[0m
[0;32mI (52) boot: ## Label            Usage          Type ST Offset   Length[0m
[0;32mI (58) boot:  0 nvs              WiFi data        01 02 00009000 00006000[0m
[0;32mI (64) boot:  1 phy_init         RF data          01 01 0000f000 00001000[0m
[0;32mI (71) boot:  2 factory          factory app      00 00 00010000 00100000[0m
[0;32mI (77) boot: End of partition table[0m
[0;32mI (81) esp_image: segment 0: paddr=00010020 vaddr=3c020020 size=0c194h ( 49556) map[0m
[0;32mI (97) esp_image: segment 1: paddr=0001c1bc vaddr=3fc92800 size=02ad0h ( 10960) load[0m
[0;32mI (100) esp_image: segment 2: paddr=0001ec94 vaddr=40374000 size=01384h (  4996) load[0m
[0;32mI (104) esp_image: segment 3: paddr=00020020 vaddr=42000020 size=1d078h (118904) map[0m
[0;32mI (132) esp_image: segment 4: paddr=0003d0a0 vaddr=40375384 size=0d3ach ( 54188) load[0m
[0;32mI (144) esp_image: segment 5: paddr=0004a454 vaddr=600fe100 size=0001ch (    28) load[0m
[0;32mI (150) boot: Loaded app from partition at offset 0x10000[0m
[0;32mI (150) boot: Disabling RNG early entropy source...[0m
[0;32mI (162) cpu_start: Multicore app[0m
[0;32mI (171) cpu_start: Pro cpu start user code[0m
[0;32mI (171) cpu_start: cpu freq: 240000000 Hz[0m
[0;32mI (171) app_init: Application information:[0m
[0;32mI (171) app_init: Project name:     Programmerbar_last[0m
[0;32mI (176) app_init: App version:      eacbb8f-dirty[0m
[0;32mI (180) app_init: Compile time:     Feb 17 2025 09:25:16[0m
[0;32mI (185) app_init: ELF file SHA256:  95d1be146...[0m
[0;32mI (189) app_init: ESP-IDF:          v5.4-dirty[0m
[0;32mI (194) efuse_init: Min chip rev:     v0.0[0m
[0;32mI (197) efuse_init: Max chip rev:     v0.99 [0m
[0;32mI (201) efuse_init: Chip rev:         v0.2[0m
[0;32mI (205) heap_init: Initializing. RAM available for dynamic allocation:[0m
[0;32mI (212) heap_init: At 3FC95C08 len 00053B08 (334 KiB): RAM[0m
[0;32mI (217) heap_init: At 3FCE9710 len 00005724 (21 KiB): RAM[0m
[0;32mI (222) heap_init: At 3FCF0000 len 00008000 (32 KiB): DRAM[0m
[0;32mI (227) heap_init: At 600FE11C len 00001ECC (7 KiB): RTCRAM[0m
[0;32mI (233) spi_flash: detected chip: gd[0m
[0;32mI (236) spi_flash: flash io: dio[0m
[0;32mI (239) sleep_gpio: Configure to isolate all GPIO pins in sleep state[0m
[0;32mI (245) sleep_gpio: Enable automatic switching of GPIO sleep configuration[0m
[0;32mI (252) main_task: Started on CPU0[0m
[0;32mI (262) main_task: Calling app_main()[0m
[0;32mI (262) main_task: Returned from app_main()[0m
[0;32mI (262) ADC_INIT: ADC unit initialised successfully[0m
[0;32mI (262) ADC_INIT: ADC channel initialised successfully[0m
[0;32mI (422) I2C: I2C Address found at 64[0m
[1;31mE (452) i2c.master: I2C transaction timeout detected[0m
[1;31mE (452) i2c.master: s_i2c_synchronous_transaction(918): I2C transaction failed[0m
[1;31mE (452) i2c.master: i2c_master_multi_buffer_transmit(1180): I2C transaction failed[0m
ESP_ERROR_CHECK failed: esp_err_t 0x103 (ESP_ERR_INVALID_STATE) at 0x42009e2b
file: "./main/src/I2C.c" line 103
func: i2c_write
expression: i2c_master_transmit(dev_handle_name, write_buffer, sizeof(write_buffer), -1)

abort() was called at PC 0x40379f7f on core 1


Backtrace: 0x40375a89:0x3fc9a540 0x40379f89:0x3fc9a560 0x40380671:0x3fc9a580 0x40379f7f:0x3fc9a5f0 0x42009e2b:0x3fc9a620 0x42009b2c:0x3fc9a650 0x42009be0:0x3fc9a670 0x4037a9c1:0x3fc9a6c0




ELF file SHA256: 95d1be146

Rebooting...
ESP-ROM:esp32s3-20210327
Build:Mar 27 2021
rst:0xc (RTC_SW_CPU_RST),boot:0x8 (SPI_FAST_FLASH_BOOT)
Saved PC:0x40378676
SPIWP:0xee
mode:DIO, clock div:1
load:0x3fce2810,len:0x15a0
load:0x403c8700,len:0x4
load:0x403c8704,len:0xd20
load:0x403cb700,len:0x2ee4
entry 0x403c8928
[0;32mI (26) boot: ESP-IDF v5.4-dirty 2nd stage bootloader[0m
[0;32mI (26) boot: compile time Feb 14 2025 11:21:12[0m
[0;32mI (26) boot: Multicore bootloader[0m
[0;32mI (27) boot: chip revision: v0.2[0m
[0;32mI (29) boot: efuse block revision: v1.3[0m
[0;32mI (33) boot.esp32s3: Boot SPI Speed : 80MHz[0m
[0;32mI (37) boot.esp32s3: SPI Mode       : DIO[0m
[0;32mI (41) boot.esp32s3: SPI Flash Size : 8MB[0m
[0;32mI (44) boot: Enabling RNG early entropy source...[0m
[0;32mI (49) boot: Partition Table:[0m
[0;32mI (52) boot: ## Label            Usage          Type ST Offset   Length[0m
[0;32mI (58) boot:  0 nvs              WiFi data        01 02 00009000 00006000[0m
[0;32mI (64) boot:  1 phy_init         RF data          01 01 0000f000 00001000[0m
[0;32mI (71) boot:  2 factory          factory app      00 00 00010000 00100000[0m
[0;32mI (77) boot: End of partition table[0m
[0;32mI (81) esp_image: segment 0: paddr=00010020 vaddr=3c020020 size=0c194h ( 49556) map[0m
[0;32mI (97) esp_image: segment 1: paddr=0001c1bc vaddr=3fc92800 size=02ad0h ( 10960) load[0m
[0;32mI (100) esp_image: segment 2: paddr=0001ec94 vaddr=40374000 size=01384h (  4996) load[0m
[0;32mI (104) esp_image: segment 3: paddr=00020020 vaddr=42000020 size=1d078h (118904) map[0m
[0;32mI (132) esp_image: segment 4: paddr=0003d0a0 vaddr=40375384 size=0d3ach ( 54188) load[0m
[0;32mI (144) esp_image: segment 5: paddr=0004a454 vaddr=600fe100 size=0001ch (    28) load[0m
[0;32mI (150) boot: Loaded app from partition at offset 0x10000[0m
[0;32mI (150) boot: Disabling RNG early entropy source...[0m
[0;32mI (162) cpu_start: Multicore app[0m
[0;32mI (171) cpu_start: Pro cpu start user code[0m
[0;32mI (171) cpu_start: cpu freq: 240000000 Hz[0m
[0;32mI (171) app_init: Application information:[0m
[0;32mI (171) app_init: Project name:     Programmerbar_last[0m
[0;32mI (176) app_init: App version:      eacbb8f-dirty[0m
[0;32mI (180) app_init: Compile time:     Feb 17 2025 09:25:16[0m
[0;32mI (185) app_init: ELF file SHA256:  95d1be146...[0m
[0;32mI (189) app_init: ESP-IDF:          v5.4-dirty[0m
[0;32mI (194) efuse_init: Min chip rev:     v0.0[0m
[0;32mI (197) efuse_init: Max chip rev:     v0.99 [0m
[0;32mI (201) efuse_init: Chip rev:         v0.2[0m
[0;32mI (205) heap_init: Initializing. RAM available for dynamic allocation:[0m
[0;32mI (212) heap_init: At 3FC95C08 len 00053B08 (334 KiB): RAM[0m
[0;32mI (217) heap_init: At 3FCE9710 len 00005724 (21 KiB): RAM[0m
[0;32mI (222) heap_init: At 3FCF0000 len 00008000 (32 KiB): DRAM[0m
[0;32mI (227) heap_init: At 600FE11C len 00001ECC (7 KiB): RTCRAM[0m
[0;32mI (233) spi_flash: detected chip: gd[0m
[0;32mI (236) spi_flash: flash io: dio[0m
[0;32mI (239) sleep_gpio: Configure to isolate all GPIO pins in sleep state[0m
[0;32mI (245) sleep_gpio: Enable automatic switching of GPIO sleep configuration[0m
[0;32mI (252) main_task: Started on CPU0[0m
[0;32mI (262) main_task: Calling app_main()[0m
[0;32mI (262) main_task: Returned from app_main()[0m
[0;32mI (262) ADC_INIT: ADC unit initialised successfully[0m
[0;32mI (262) ADC_INIT: ADC channel initialised successfully[0m
[0;32mI (492) I2C: I2C Address found at 64[0m
[1;31mE (532) i2c.master: I2C transaction timeout detected[0m
[1;31mE (532) i2c.master: s_i2c_synchronous_transaction(918): I2C transaction failed[0m
[1;31mE (532) i2c.master: i2c_master_multi_buffer_transmit(1180): I2C transaction failed[0m
ESP_ERROR_CHECK failed: esp_err_t 0x103 (ESP_ERR_INVALID_STATE) at 0x42009e2b
file: "./main/src/I2C.c" line 103
func: i2c_write
expression: i2c_master_transmit(dev_handle_name, write_buffer, sizeof(write_buffer), -1)

abort() was called at PC 0x40379f7f on core 1


Backtrace: 0x40375a89:0x3fc9a540 0x40379f89:0x3fc9a560 0x40380671:0x3fc9a580 0x40379f7f:0x3fc9a5f0 0x42009e2b:0x3fc9a620 0x42009b2c:0x3fc9a650 0x42009be0:0x3fc9a670 0x4037a9c1:0x3fc9a6c0




ELF file SHA256: 95d1be146

Rebooting...
ESP-ROM:esp32s3-20210327
Build:Mar 27 2021
rst:0xc (RTC_SW_CPU_RST),boot:0x8 (SPI_FAST_FLASH_BOOT)
Saved PC:0x40378676
SPIWP:0xee
mode:DIO, clock div:1
load:0x3fce2810,len:0x15a0
load:0x403c8700,len:0x4
load:0x403c8704,len:0xd20
load:0x403cb700,len:0x2ee4
entry 0x403c8928
[0;32mI (26) boot: ESP-IDF v5.4-dirty 2nd stage bootloader[0m
[0;32mI (26) boot: compile time Feb 14 2025 11:21:12[0m
[0;32mI (26) boot: Multicore bootloader[0m
[0;32mI (27) boot: chip revision: v0.2[0m
[0;32mI (29) boot: efuse block revision: v1.3[0m
[0;32mI (33) boot.esp32s3: Boot SPI Speed : 80MHz[0m
[0;32mI (37) boot.esp32s3: SPI Mode       : DIO[0m
[0;32mI (41) boot.esp32s3: SPI Flash Size : 8MB[0m
[0;32mI (44) boot: Enabling RNG early entropy source...[0m
[0;32mI (49) boot: Partition Table:[0m
[0;32mI (52) boot: ## Label            Usage          Type ST Offset   Length[0m
[0;32mI (58) boot:  0 nvs              WiFi data        01 02 00009000 00006000[0m
