[0;32mI (100) esp_image: segment 2: paddr=0001ec78 vaddr=40374000 sizeESP-ROM:esp32s3-20210327[0m
Build:Mar 27 2021
rst:0x15 (USB_UART_CHIP_RESET),boot:0x8 (SPI_FAST_FLASH_BOOT)
Saved PC:0x4037927a
SPIWP:0xee
mode:DIO, clock div:1
load:0x3fce2810,len:0x15a0
load:0x403c8700,len:0x4
load:0x403c8704,len:0xd20
load:0x403cb700,len:0x2ee4
entry 0x403c8928
[0;32mI (26) boot: ESP-IDF v5.4 2nd stage bootloader[0m
[0;32mI (27) boot: compile time Mar 14 2025 11:59:55[0m
[0;32mI (27) boot: Multicore bootloader[0m
[0;32mI (27) boot: chip revision: v0.2[0m
[0;32mI (29) boot: efuse block revision: v1.3[0m
[0;32mI (33) boot.esp32s3: Boot SPI Speed : 80MHz[0m
[0;32mI (37) boot.esp32s3: SPI Mode       : DIO[0m
[0;32mI (41) boot.esp32s3: SPI Flash Size : 8MB[0m
[0;32mI (44) boot: Enabling RNG early entropy source...[0m
[0;32mI (49) boot: Partition Table:[0m
[0;32mI (52) boot: ## Label            Usage          Type ST Offset   Length[0m
[0;32mI (58) boot:  0 nvs              WiFi data        01 02 00009000 00006000[0m
[0;32mI (64) boot:  1 phy_init         RF data          01 01 0000f000 00001000[0m
[0;32mI (71) boot:  2 factory          factory app      00 00 00010000 00100000[0m
[0;32mI (77) boot: End of partition table[0m
[0;32mI (81) esp_image: segment 0: paddr=00010020 vaddr=3c020020 size=0c130h ( 49456) map[0m
[0;32mI (97) esp_image: segment 1: paddr=0001c158 vaddr=3fc94100 size=02b18h ( 11032) load[0m
[0;32mI (100) esp_image: segment 2: paddr=0001ec78 vaddr=40374000 size=013a0h (  5024) load[0m
[0;32mI (104) esp_image: segment 3: paddr=00020020 vaddr=42000020 size=1bebch (114364) map[0m
[0;32mI (131) esp_image: segment 4: paddr=0003bee4 vaddr=403753a0 size=0ecc8h ( 60616) load[0m
[0;32mI (144) esp_image: segment 5: paddr=0004abb4 vaddr=600fe100 size=0001ch (    28) load[0m
[0;32mI (151) boot: Loaded app from partition at offset 0x10000[0m
[0;32mI (151) boot: Disabling RNG early entropy source...[0m
[0;32mI (162) cpu_start: Multicore app[0m
[0;32mI (171) cpu_start: Pro cpu start user code[0m
[0;32mI (171) cpu_start: cpu freq: 240000000 Hz[0m
[0;32mI (171) app_init: Application information:[0m
[0;32mI (171) app_init: Project name:     Programmerbar_last[0m
[0;32mI (176) app_init: App version:      cb97619-dirty[0m
[0;32mI (180) app_init: Compile time:     Mar 14 2025 11:59:47[0m
[0;32mI (186) app_init: ELF file SHA256:  342e8a490...[0m
[0;32mI (190) app_init: ESP-IDF:          v5.4[0m
[0;32mI (193) efuse_init: Min chip rev:     v0.0[0m
[0;32mI (197) efuse_init: Max chip rev:     v0.99 [0m
[0;32mI (201) efuse_init: Chip rev:         v0.2[0m
[0;32mI (205) heap_init: Initializing. RAM available for dynamic allocation:[0m
[0;32mI (211) heap_init: At 3FC974F0 len 00052220 (328 KiB): RAM[0m
[0;32mI (217) heap_init: At 3FCE9710 len 00005724 (21 KiB): RAM[0m
[0;32mI (222) heap_init: At 3FCF0000 len 00008000 (32 KiB): DRAM[0m
[0;32mI (227) heap_init: At 600FE11C len 00001ECC (7 KiB): RTCRAM[0m
[0;32mI (233) spi_flash: detected chip: gd[0m
[0;32mI (236) spi_flash: flash io: dio[0m
[0;32mI (239) sleep_gpio: Configure to isolate all GPIO pins in sleep state[0m
[0;32mI (245) sleep_gpio: Enable automatic switching of GPIO sleep configuration[0m
[0;32mI (252) main_task: Started on CPU0[0m
[0;32mI (262) main_task: Calling app_main()[0m
[0;32mI (262) FT812: Initializing FT812 Display[0m
[0;32mI (262) gpio: GPIO[36]| InputEn: 0| OutputEn: 0| OpenDrain: 0| Pullup: 1| Pulldown: 0| Intr:0 [0m
[0;32mI (372) FT812: FT812 Chip ID: 0x00[0m
[1;31mE (372) FT812: FT812 not detected! Check connections.[0m
[0;32mI (372) FT812: Configuring FT812...[0m
[0;32mI (382) FT812: FT812 Initialized Successfully[0m
[0;32mI (2382) FT812: Filling screen with red...[0m
[0;32mI (2882) FT812: Red screen applied.[0m
[0;32mI (2882) FT812: Initializing FT812 Display[0m
[0;32mI (2882) gpio: GPIO[36]| InputEn: 0| OutputEn: 0| OpenDrain: 0| Pullup: 1| Pulldown: 0| Intr:0 [0m
[1;31mE (2982) spi: spi_bus_initialize(802): SPI bus already initialized.[0m
ESP_ERROR_CHECK failed: esp_err_t 0x103 (ESP_ERR_INVALID_STATE) at 0x4200992b
file: "./main/main.c" line 141
func: ft812_init
expression: spi_bus_initialize(SPI_HOST, &buscfg, SPI_DMA_CH_AUTO)

abort() was called at PC 0x4037ac53 on core 0


Backtrace: 0x40375b3d:0x3fc99c40 0x4037ac5d:0x3fc99c60 0x40381fa9:0x3fc99c80 0x4037ac53:0x3fc99cf0 0x4200992b:0x3fc99d20 0x420099fb:0x3fc99db0 0x4201b31b:0x3fc99dd0 0x4037b611:0x3fc99e00




ELF file SHA256: 342e8a490

Rebooting...
ESP-ROM:esp32s3-20210327
Build:Mar 27 2021
rst:0xc (RTC_SW_CPU_RST),boot:0x8 (SPI_FAST_FLASH_BOOT)
Saved PC:0x40375a7c
SPIWP:0xee
mode:DIO, clock div:1
load:0x3fce2810,len:0x15a0
load:0x403c8700,len:0x4
load:0x403c8704,len:0xd20
load:0x403cb700,len:0x2ee4
entry 0x403c8928
[0;32mI (26) boot: ESP-IDF v5.4 2nd stage bootloader[0m
[0;32mI (26) boot: compile time Mar 14 2025 11:59:55[0m
[0;32mI (26) boot: Multicore bootloader[0m
[0;32mI (27) boot: chip revision: v0.2[0m
[0;32mI (29) boot: efuse block revision: v1.3[0m
[0;32mI (33) boot.esp32s3: Boot SPI Speed : 80MHz[0m
[0;32mI (36) boot.esp32s3: SPI Mode       : DIO[0m
[0;32mI (40) boot.esp32s3: SPI Flash Size : 8MB[0m
[0;32mI (44) boot: Enabling RNG early entropy source...[0m
[0;32mI (48) boot: Partition Table:[0m
[0;32mI (51) boot: ## Label            Usage          Type ST Offset   Length[0m
[0;32mI (57) boot:  0 nvs              WiFi data        01 02 00009000 00006000[0m
[0;32mI (64) boot:  1 phy_init         RF data          01 01 0000f000 00001000[0m
[0;32mI (70) boot:  2 factory          factory app      00 00 00010000 00100000[0m
[0;32mI (77) boot: End of partition table[0m
[0;32mI (80) esp_image: segment 0: paddr=00010020 vaddr=3c020020 size=0c130h ( 49456) map[0m
[0;32mI (96) esp_image: segment 1: paddr=0001c158 vaddr=3fc94100 size=02b18h ( 11032) load[0m
[0;32mI (99) esp_image: segment 2: paddr=0001ec78 vaddr=40374000 size=013a0h (  5024) load[0m
[0;32mI (104) esp_image: segment 3: paddr=00020020 vaddr=42000020 size=1bebch (114364) map[0m
[0;32mI (130) esp_image: segment 4: paddr=0003bee4 vaddr=403753a0 size=0ecc8h ( 60616) load[0m
[0;32mI (144) esp_image: segment 5: paddr=0004abb4 vaddr=600fe100 size=0001ch (    28) load[0m
[0;32mI (150) boot: Loaded app from partition at offset 0x10000[0m
[0;32mI (150) boot: Disabling RNG early entropy source...[0m
[0;32mI (2402) FT812: Filling screen with red...[0m
[0;32mI (2902) FT812: Red screen applied.[0m
[0;32mI (2902) FT812: Initializing FT812 Display[0m
[0;32mI (2902) gpio: GPIO[36]| InputEn: 0| OutputEn: 0| OpenDrain: 0| Pullup: 1| Pulldown: 0| Intr:0 [0m
[1;31mE (3002) spi: spi_bus_initialize(802): SPI bus already initialized.[0m
ESP_ERR_INVALID_STATE) at 0x4200992b
file: "./main/main.c" line 141
func: ft812_init
expression: spi_bus_initialize(SPI_HOST, &buscfg, SPI_DMA_CH_AUTO)

abort() was called at PC 0x4037ac53 on core 0


Backtrace: 0x40375b3d:0x3fc99c40 0x4037ac5d:0x3fc99c60 0x40381fa9:0x3fc99c80 0x4037ac53:0x3fc99cf0 0x4200992b:0x3fc99d20 0x420099fb:0x3fc99db0 0x4201b31b:0x3fc99dd0 0x4037b611:0x3fc99e00




ELF file SHA256: 342e8a490

Rebooting...
ESP-ROM:esp32s3-20210327
Build:Mar 27 2021
rst:0xc (RTC_SW_CPU_RST),boot:0x2b (SPI_FAST_FLASH_BOOT)
Saved PC:0x40375a7c
SPIWP:0xee
mode:DIO, clock div:1
load:0x3fce2810,len:0x15a0
load:0x403c8700,len:0x4
load:0x403c8704,len:0xd20
load:0x403cb700,len:0x2ee4
entry 0x403c8928
[0;32mI (26) boot: ESP-IDF v5.4 2nd stage bootloader[0m
[0;32mI (26) boot: compile time Mar 14 2025 11:59:55[0m
[0;32mI (26) boot: Multicore bootloader[0m
[0;32mI (27) boot: chip revision: v0.2[0m
[0;32mI (29) boot: efuse block revision: v1.3[0m
[0;32mI (33) boot.esp32s3: Boot SPI Speed : 80MHz[0m
[0;32mI (37) boot.esp32s3: SPI Mode       : DIO[0m
[0;32mI (40) boot.esp32s3: SPI Flash Size : 8MB[0m
[0;32mI (44) boot: Enabling RNG early entropy source...[0m
[0;32mI (49) boot: Partition Table:[0m
[0;32mI (51) boot: ## Label            Usage          Type ST Offset   Length[0m
[0;32mI (57) boot:  0 nvs              WiFi data        01 02 00009000 00006000[0m
[0;32mI (64) boot:  1 phy_init         RF data          01 01 0000f000 00001000[0m
[0;32mI (70) boot:  2 factory          factory app      00 00 00010000 00100000[0m
[0;32mI (77) boot: End of partition table[0m
[0;32mI (80) esp_image: segment 0: paddr=00010020 vaddr=3c020020 size=0c130h ( 49456) map[0m
[0;32mI (96) esp_image: segment 1: paddr=0001c158 vaddr=3fc94100 size=02b18h ( 11032) load[0m
[0;32mI (99) esp_image: segment 2: paddr=0001ec78 vaddr=40374000 size=013a0h (  5024) load[0m
[0;32mI (104) esp_image: segment 3: paddr=00020020 vaddr=42000020 size=1bebch (114364) map[0m
[0;32mI (130) esp_image: segment 4: paddr=0003bee4 vaddr=403753a0 size=0ecc8h ( 60616) load[0m
[0;32mI (144) esp_image: segment 5: paddr=0004abb4 vaddr=600fe100 size=0001ch (    28) load[0m
[0;32mI (150) boot: Loaded app from partition at offset 0x10000[0m
[0;32mI (150) boot: Disabling RNG early entropy source...[0m
[0;32mI (161) cpu_start: Multicore app[0m
[0;32mI (171) cpu_start: Pro cpu start user code[0m
[0;32mI (171) cpu_start: cpu freq: 240000000 Hz[0m
[0;32mI (171) app_init: Application information:[0m
[0;32mI (171) app_init: Project name:     Programmerbar_last[0m
[0;32mI (176) app_init: App version:      cb97619-dirty[0m
[0;32mI (180) app_init: Compile time:     Mar 14 2025 11:59:47[0m
[0;32mI (185) app_init: ELF file SHA256:  342e8a490...[0m
[0;32mI (189) app_init: ESP-IDF:          v5.4[0m
[0;32mI (193) efuse_init: Min chip rev:     v0.0[0m
[0;32mI (197) efuse_init: Max chip rev:     v0.99 [0m
[0;32mI (201) efuse_init: Chip rev:         v0.2[0m
[0;32mI (205) heap_init: Initializing. RAM available for dynamic allocation:[0m
[0;32mI (211) heap_init: At 3FC974F0 len 00052220 (328 KiB): RAM[0m
[0;32mI (216) heap_init: At 3FCE9710 len 00005724 (21 KiB): RAM[0m
[0;32mI (221) heap_init: At 3FCF0000 len 00008000 (32 KiB): DRAM[0m
[0;32mI (226) heap_init: At 600FE11C len 00001ECC (7 KiB): RTCRAM[0m
[0;32mI (233) spi_flash: detected chip: gd[0m
[0;32mI (235) spi_flash: flash io: dio[0m
[0;32mI (238) sleep_gpio: Configure to isolate all GPIO pins in sleep state[0m
[0;32mI (244) sleep_gpio: Enable automatic switching of GPIO sleep configuration[0m
[0;32mI (251) main_task: Started on CPU0[0m
[0;32mI (261) main_task: Calling app_main()[0m
[0;32mI (261) FT812: Initializing FT812 Display[0m
[0;32mI (261) gpio: GPIO[36]| InputEn: 0| OutputEn: 0| OpenDrain: 0| Pullup: 1| Pulldown: 0| Intr:0 [0m
[0;32mI (371) FT812: FT812 Chip ID: 0x00[0m
[1;31mE (371) FT812: FT812 not detected! Check connections.[0m
[0;32mI (371) FT812: Configuring FT812...[0m
[0;32mI (381) FT812: FT812 Initialized Successfully[0m
[0;32mI (2381) FT812: Filling screen with red...[0m
[0;32mI (2881) FT812: Red screen applied.[0m
[0;32mI (2881) FT812: Initializing FT812 Display[0m
[0;32mI (2881) gpio: GPIO[36]| InputEn: 0| OutputEn: 0| OpenDrain: 0| Pullup: 1| Pulldown: 0| Intr:0 [0m
[1;31mE (2981) spi: spi_bus_initialize(802): SPI bus already initialized.[0m
ESP_ERROR_CHECK failed: esp_err_t 0x103 (ESP_ERR_INVALID_STATE) at 0x4200992b
file: "./main/main.c" line 141
func: ft812_init
expression: spi_bus_initialize(SPI_HOST, &buscfg, SPI_DMA_CH_AUTO)

abort() was called at PC 0x4037ac53 on core 0


Backtrace: 0x40375b3d:0x3fc99c40 0x4037ac5d:0x3fc99c60 0x40381fa9:0x3fc99c80 0x4037ac53:0x3fc99cf0 0x4200992b:0x3fc99d20 0x420099fb:0x3fc99db0 0x4201b31b:0x3fc99dd0 0x4037b611:0x3fc99e00




ELF file SHA256: 342e8a490

Rebooting...
ESP-ROM:esp32s3-20210327
Build:Mar 27 2021
rst:0xc (RTC_SW_CPU_RST),boot:0x2b (SPI_FAST_FLASH_BOOT)
Saved PC:0x40375a7c
SPIWP:0xee
mode:DIO, clock div:1
load:0x3fce2810,len:0x15a0
load:0x403c8700,len:0x4
load:0x403c8704,len:0xd20
load:0x403cb700,len:0x2ee4
entry 0x403c8928
[0;32mI (26) boot: ESP-IDF v5.4 2nd stage bootloader[0m
[0;32mI (26) boot: compile time Mar 14 2025 11:59:55[0m
[0;32mI (26) boot: Multicore bootloader[0m
[0;32mI (27) boot: chip revision: v0.2[0m
[0;32mI (29) boot: efuse block revision: v1.3[0m
[0;32mI (33) boot.esp32s3: Boot SPI Speed : 80MHz[0m
[0;32mI (37) boot.esp32s3: SPI Mode       : DIO[0m
[0;32mI (40) boot.esp32s3: SPI Flash Size : 8MB[0m
[0;32mI (44) boot: Enabling RNG early entropy source...[0m
[0;32mI (49) boot: Partition Table:[0m
[0;32mI (51) boot: ## Label            Usage          Type ST Offset   Length[0m
[0;32mI (57) boot:  0 nvs              WiFi data        01 02 00009000 00006000[0m
[0;32mI (64) boot:  1 phy_init         RF data          01 01 0000f000 00001000[0m
[0;32mI (70) boot:  2 factory          factory app      00 00 00010000 00100000[0m
[0;32mI (77) boot: End of partition table[0m
[0;32mI (80) esp_image: segment 0: paddr=00010020 vaddr=3c020020 size=0c130h ( 49456) map[0m
[0;32mI (96) esp_image: segment 1: paddr=0001c158 vaddr=3fc94100 size=02b18h ( 11032) load[0m
[0;32mI (99) esp_image: segment 2: paddr=0001ec78 vaddr=40374000 size=013a0h (  5024) load[0m
[0;32mI (104) esp_image: segment 3: paddr=00020020 vaddr=42000020 size=1bebch (114364) map[0m
[0;32mI (130) esp_image: segment 4: paddr=0003bee4 vaddr=403753a0 size=0ecc8h ( 60616) load[0m
[0;32mI (144) esp_image: segment 5: paddr=0004abb4 vaddr=600fe100 size=0001ch (    28) load[0m
[0;32mI (150) boot: Loaded app from partition at offset 0x10000[0m
[0;32mI (150) boot: Disabling RNG early entropy source...[0m
[0;32mI (161) cpu_start: Multicore app[0m
[0;32mI (171) cpu_start: Pro cpu start user code[0m
[0;32mI (171) cpu_start: cpu freq: 240000000 Hz[0m
[0;32mI (171) app_init: Application information:[0m
[0;32mI (171) app_init: Project name:     Programmerbar_last[0m
[0;32mI (176) app_init: App version:      cb97619-dirty[0m
[0;32mI (180) app_init: Compile time:     Mar 14 2025 11:59:47[0m
[0;32mI (185) app_init: ELF file SHA256:  342e8a490...[0m
[0;32mI (189) app_init: ESP-IDF:          v5.4[0m
[0;32mI (193) efuse_init: Min chip rev:     v0.0[0m
[0;32mI (197) efuse_init: Max chip rev:     v0.99 [0m
[0;32mI (201) efuse_init: Chip rev:         v0.2[0m
[0;32mI (205) heap_init: Initializing. RAM available for dynamic allocation:[0m
[0;32mI (211) heap_init: At 3FC974F0 len 00052220 (328 KiB): RAM[0m
[0;32mI (216) heap_init: At 3FCE9710 len 00005724 (21 KiB): RAM[0m
[0;32mI (221) heap_init: At 3FCF0000 len 00008000 (32 KiB): DRAM[0m
[0;32mI (226) heap_init: At 600FE11C len 00001ECC (7 KiB): RTCRAM[0m
[0;32mI (233) spi_flash: detected chip: gd[0m
[0;32mI (235) spi_flash: flash io: dio[0m
[0;32mI (238) sleep_gpio: Configure to isolate all GPIO pins in sleep state[0m
[0;32mI (244) sleep_gpio: Enable automatic switching of GPIO sleep configuration[0m
[0;32mI (251) main_task: Started on CPU0[0m
[0;32mI (261) main_task: Calling app_main()[0m
[0;32mI (261) FT812: Initializing FT812 Display[0m
[0;32mI (261) gpio: GPIO[36]| InputEn: 0| OutputEn: 0| OpenDrain: 0| Pullup: 1| Pulldown: 0| Intr:0 [0m
[0;32mI (371) FT812: FT812 Chip ID: 0x00[0m
[1;31mE (371) FT812: FT812 not detected! Check connections.[0m
[0;32mI (371) FT812: Configuring FT812...[0m
[0;32mI (381) FT812: FT812 Initialized Successfully[0m
[0;32mI (2381) FT812: Filling screen with red...[0m
[0;32mI (2881) FT812: Red screen applied.[0m
[0;32mI (2881) FT812: Initializing FT812 Display[0m
[0;32mI (2881) gpio: GPIO[36]| InputEn: 0| OutputEn: 0| OpenDrain: 0| Pullup: 1| Pulldown: 0| Intr:0 [0m
[1;31mE (2981) spi: spi_bus_initialize(802): SPI bus already initialized.[0m
ESP_ERROR_CHECK failed: esp_err_t 0x103 (ESP_ERR_INVALID_STATE) at 0x4200992b
file: "./main/main.c" line 141
func: ft812_init
expression: spi_bus_initialize(SPI_HOST, &buscfg, SPI_DMA_CH_AUTO)

abort() was called at PC 0x4037ac53 on core 0


Backtrace: 0x40375b3d:0x3fc99c40 0x4037ac5d:0x3fc99c60 0x40381fa9:0x3fc99c80 0x4037ac53:0x3fc99cf0 0x4200992b:0x3fc99d20 0x420099fb:0x3fc99db0 0x4201b31b:0x3fc99dd0 0x4037b611:0x3fc99e00




ELF file SHA256: 342e8a490

Rebooting...
ESP-ROM:esp32s3-20210327
Build:Mar 27 2021
rst:0xc (RTC_SW_CPU_RST),boot:0x2b (SPI_FAST_FLASH_BOOT)
Saved PC:0x40375a7c
SPIWP:0xee
mode:DIO, clock div:1
load:0x3fce2810,len:0x15a0
load:0x403c8700,len:0x4
load:0x403c8704,len:0xd20
load:0x403cb700,len:0x2ee4
entry 0x403c8928
[0;32mI (26) boot: ESP-IDF v5.4 2nd stage bootloader[0m
[0;32mI (26) boot: compile time Mar 14 2025 11:59:55[0m
[0;32mI (26) boot: Multicore bootloader[0m
[0;32mI (27) boot: chip revision: v0.2[0m
[0;32mI (29) boot: efuse block revision: v1.3[0m
[0;32mI (33) boot.esp32s3: Boot SPI Speed : 80MHz[0m
[0;32mI (37) boot.esp32s3: SPI Mode       : DIO[0m
[0;32mI (40) boot.esp32s3: SPI Flash Size : 8MB[0m
[0;32mI (44) boot: Enabling RNG early entropy source...[0m
[0;32mI (49) boot: Partition Table:[0m
[0;32mI (51) boot: ## Label            Usage          Type ST Offset   Length[0m
[0;32mI (57) boot:  0 nvs              WiFi data        01 02 00009000 00006000[0m
[0;32mI (64) boot:  1 phy_init         RF data          01 01 0000f000 00001000[0m
[0;32mI (70) boot:  2 factory          factory app      00 00 00010000 00100000[0m
[0;32mI (77) boot: End of partition table[0m
[0;32mI (80) esp_image: segment 0: paddr=00010020 vaddr=3c020020 size=0c130h ( 49456) map[0m
[0;32mI (96) esp_image: segment 1: paddr=0001c158 vaddr=3fc94100 size=02b18h ( 11032) load[0m
[0;32mI (99) esp_image: segment 2: paddr=0001ec78 vaddr=40374000 size=013a0h (  5024) load[0m
[0;32mI (104) esp_image: segment 3: paddr=00020020 vaddr=42000020 size=1bebch (114364) map[0m
[0;32mI (130) esp_image: segment 4: paddr=0003bee4 vaddr=403753a0 size=0ecc8h ( 60616) load[0m
[0;32mI (144) esp_image: segment 5: paddr=0004abb4 vaddr=600fe100 size=0001ch (    28) load[0m
[0;32mI (150) boot: Loaded app from partition at offset 0x10000[0m
[0;32mI (150) boot: Disabling RNG early entropy source...[0m
[0;32mI (161) cpu_start: Multicore app[0m
[0;32mI (171) cpu_start: Pro cpu start user code[0m
[0;32mI (171) cpu_start: cpu freq: 240000000 Hz[0m
[0;32mI (171) app_init: Application information:[0m
[0;32mI (171) app_init: Project name:     Programmerbar_last[0m
[0;32mI (176) app_init: App version:      cb97619-dirty[0m
[0;32mI (180) app_init: Compile time:     Mar 14 2025 11:59:47[0m
[0;32mI (185) app_init: ELF file SHA256:  342e8a490...[0m
[0;32mI (189) app_init: ESP-IDF:          v5.4[0m
[0;32mI (193) efuse_init: Min chip rev:     v0.0[0m
[0;32mI (197) efuse_init: Max chip rev:     v0.99 [0m
[0;32mI (201) efuse_init: Chip rev:         v0.2[0m
[0;32mI (205) heap_init: Initializing. RAM available for dynamic allocation:[0m
[0;32mI (211) heap_init: At 3FC974F0 len 00052220 (328 KiB): RAM[0m
[0;32mI (216) heap_init: At 3FCE9710 len 00005724 (21 KiB): RAM[0m
[0;32mI (221) heap_init: At 3FCF0000 len 00008000 (32 KiB): DRAM[0m
[0;32mI (226) heap_init: At 600FE11C len 00001ECC (7 KiB): RTCRAM[0m
[0;32mI (233) spi_flash: detected chip: gd[0m
[0;32mI (235) spi_flash: flash io: dio[0m
[0;32mI (238) sleep_gpio: Configure to isolate all GPIO pins in sleep state[0m
[0;32mI (244) sleep_gpio: Enable automatic switching of GPIO sleep configuration[0m
[0;32mI (251) main_task: Started on CPU0[0m
[0;32mI (261) main_task: Calling app_main()[0m
[0;32mI (261) FT812: Initializing FT812 Display[0m
[0;32mI (261) gpio: GPIO[36]| InputEn: 0| OutputEn: 0| OpenDrain: 0| Pullup: 1| Pulldown: 0| Intr:0 [0m
[0;32mI (371) FT812: FT812 Chip ID: 0x00[0m
[1;31mE (371) FT812: FT812 not detected! Check connections.[0m
[0;32mI (371) FT812: Configuring FT812...[0m
[0;32mI (381) FT812: FT812 Initialized Successfully[0m
[0;32mI (2381) FT812: Filling screen with red...[0m
[0;32mI (2881) FT812: Red screen applied.[0m
[0;32mI (2881) FT812: Initializing FT812 Display[0m
[0;32mI (2881) gpio: GPIO[36]| InputEn: 0| OutputEn: 0| OpenDrain: 0| Pullup: 1| Pulldown: 0| Intr:0 [0m
[1;31mE (2981) spi: spi_bus_initialize(802): SPI bus already initialized.[0m
ESP_ERROR_CHECK failed: esp_err_t 0x103 (ESP_ERR_INVALID_STATE) at 0x4200992b
file: "./main/main.c" line 141
func: ft812_init
expression: spi_bus_initialize(SPI_HOST, &buscfg, SPI_DMA_CH_AUTO)

abort() was called at PC 0x4037ac53 on core 0


Backtrace: 0x40375b3d:0x3fc99c40 0x4037ac5d:0x3fc99c60 0x40381fa9:0x3fc99c80 0x4037ac53:0x3fc99cf0 0x4200992b:0x3fc99d20 0x420099fb:0x3fc99db0 0x4201b31b:0x3fc99dd0 0x4037b611:0x3fc99e00




ELF file SHA256: 342e8a490

Rebooting...
ESP-ROM:esp32s3-20210327
Build:Mar 27 2021
rst:0xc (RTC_SW_CPU_RST),boot:0x2b (SPI_FAST_FLASH_BOOT)
Saved PC:0x40375a7c
SPIWP:0xee
mode:DIO, clock div:1
load:0x3fce2810,len:0x15a0
load:0x403c8700,len:0x4
load:0x403c8704,len:0xd20
load:0x403cb700,len:0x2ee4
entry 0x403c8928
[0;32mI (26) boot: ESP-IDF v5.4 2nd stage bootloader[0m
[0;32mI (26) boot: compile time Mar 14 2025 11:59:55[0m
[0;32mI (26) boot: Multicore bootloader[0m
[0;32mI (27) boot: chip revision: v0.2[0m
[0;32mI (29) boot: efuse block revision: v1.3[0m
[0;32mI (33) boot.esp32s3: Boot SPI Speed : 80MHz[0m
[0;32mI (37) boot.esp32s3: SPI Mode       : DIO[0m
[0;32mI (40) boot.esp32s3: SPI Flash Size : 8MB[0m
[0;32mI (44) boot: Enabling RNG early entropy source...[0m
[0;32mI (49) boot: Partition Table:[0m
[0;32mI (51) boot: ## Label            Usage          Type ST Offset   Length[0m
[0;32mI (57) boot:  0 nvs              WiFi data        01 02 00009000 00006000[0m
[0;32mI (64) boot:  1 phy_init         RF data          01 01 0000f000 00001000[0m
[0;32mI (70) boot:  2 factory          factory app      00 00 00010000 00100000[0m
[0;32mI (77) boot: End of partition table[0m
[0;32mI (80) esp_image: segment 0: paddr=00010020 vaddr=3c020020 size=0c130h ( 49456) map[0m
[0;32mI (96) esp_image: segment 1: paddr=0001c158 vaddr=3fc94100 size=02b18h ( 11032) load[0m
[0;32mI (99) esp_image: segment 2: paddr=0001ec78 vaddr=40374000 size=013a0h (  5024) load[0m
[0;32mI (104) esp_image: segment 3: paddr=00020020 vaddr=42000020 size=1bebch (114364) map[0m
[0;32mI (130) esp_image: segment 4: paddr=0003bee4 vaddr=403753a0 size=0ecc8h ( 60616) load[0m
[0;32mI (144) esp_image: segment 5: paddr=0004abb4 vaddr=600fe100 size=0001ch (    28) load[0m
[0;32mI (150) boot: Loaded app from partition at offset 0x10000[0m
[0;32mI (150) boot: Disabling RNG early entropy source...[0m
[0;32mI (161) cpu_start: Multicore app[0m
[0;32mI (171) cpu_start: Pro cpu start user code[0m
[0;32mI (171) cpu_start: cpu freq: 240000000 Hz[0m
[0;32mI (171) app_init: Application information:[0m
[0;32mI (171) app_init: Project name:     Programmerbar_last[0m
[0;32mI (176) app_init: App version:      cb97619-dirty[0m
[0;32mI (180) app_init: Compile time:     Mar 14 2025 11:59:47[0m
[0;32mI (185) app_init: ELF file SHA256:  342e8a490...[0m
[0;32mI (189) app_init: ESP-IDF:          v5.4[0m
[0;32mI (193) efuse_init: Min chip rev:     v0.0[0m
[0;32mI (197) efuse_init: Max chip rev:     v0.99 [0m
[0;32mI (201) efuse_init: Chip rev:         v0.2[0m
[0;32mI (205) heap_init: Initializing. RAM available for dynamic allocation:[0m
[0;32mI (211) heap_init: At 3FC974F0 len 00052220 (328 KiB): RAM[0m
[0;32mI (216) heap_init: At 3FCE9710 len 00005724 (21 KiB): RAM[0m
[0;32mI (221) heap_init: At 3FCF0000 len 00008000 (32 KiB): DRAM[0m
[0;32mI (226) heap_init: At 600FE11C len 00001ECC (7 KiB): RTCRAM[0m
[0;32mI (233) spi_flash: detected chip: gd[0m
[0;32mI (235) spi_flash: flash io: dio[0m
[0;32mI (238) sleep_gpio: Configure to isolate all GPIO pins in sleep state[0m
[0;32mI (244) sleep_gpio: Enable automatic switching of GPIO sleep configuration[0m
[0;32mI (251) main_task: Started on CPU0[0m
[0;32mI (261) main_task: Calling app_main()[0m
[0;32mI (261) FT812: Initializing FT812 Display[0m
[0;32mI (261) gpio: GPIO[36]| InputEn: 0| OutputEn: 0| OpenDrain: 0| Pullup: 1| Pulldown: 0| Intr:0 [0m
[0;32mI (371) FT812: FT812 Chip ID: 0x00[0m
[1;31mE (371) FT812: FT812 not detected! Check connections.[0m
[0;32mI (371) FT812: Configuring FT812...[0m
[0;32mI (381) FT812: FT812 Initialized Successfully[0m
[0;32mI (2381) FT812: Filling screen with red...[0m
[0;32mI (2881) FT812: Red screen applied.[0m
[0;32mI (2881) FT812: Initializing FT812 Display[0m
[0;32mI (2881) gpio: GPIO[36]| InputEn: 0| OutputEn: 0| OpenDrain: 0| Pullup: 1| Pulldown: 0| Intr:0 [0m
[1;31mE (2981) spi: spi_bus_initialize(802): SPI bus already initialized.[0m
ESP_ERROR_CHECK failed: esp_err_t 0x103 (ESP_ERR_INVALID_STATE) at 0x4200992b
file: "./main/main.c" line 141
func: ft812_init
expression: spi_bus_initialize(SPI_HOST, &buscfg, SPI_DMA_CH_AUTO)

abort() was called at PC 0x4037ac53 on core 0


Backtrace: 0x40375b3d:0x3fc99c40 0x4037ac5d:0x3fc99c60 0x40381fa9:0x3fc99c80 0x4037ac53:0x3fc99cf0 0x4200992b:0x3fc99d20 0x420099fb:0x3fc99db0 0x4201b31b:0x3fc99dd0 0x4037b611:0x3fc99e00




ELF file SHA256: 342e8a490

Rebooting...
ESP-ROM:esp32s3-20210327
Build:Mar 27 2021
rst:0xc (RTC_SW_CPU_RST),boot:0x2b (SPI_FAST_FLASH_BOOT)
Saved PC:0x40375a7c
SPIWP:0xee
mode:DIO, clock div:1
load:0x3fce2810,len:0x15a0
load:0x403c8700,len:0x4
load:0x403c8704,len:0xd20
load:0x403cb700,len:0x2ee4
entry 0x403c8928
[0;32mI (26) boot: ESP-IDF v5.4 2nd stage bootloader[0m
[0;32mI (26) boot: compile time Mar 14 2025 11:59:55[0m
[0;32mI (26) boot: Multicore bootloader[0m
[0;32mI (27) boot: chip revision: v0.2[0m
[0;32mI (29) boot: efuse block revision: v1.3[0m
[0;32mI (33) boot.esp32s3: Boot SPI Speed : 80MHz[0m
[0;32mI (37) boot.esp32s3: SPI Mode       : DIO[0m
[0;32mI (40) boot.esp32s3: SPI Flash Size : 8MB[0m
[0;32mI (44) boot: Enabling RNG early entropy source...[0m
[0;32mI (49) boot: Partition Table:[0m
[0;32mI (51) boot: ## Label            Usage          Type ST Offset   Length[0m
[0;32mI (57) boot:  0 nvs              WiFi data        01 02 00009000 00006000[0m
[0;32mI (64) boot:  1 phy_init         RF data          01 01 0000f000 00001000[0m
[0;32mI (70) boot:  2 factory          factory app      00 00 00010000 00100000[0m
[0;32mI (77) boot: End of partition table[0m
[0;32mI (80) esp_image: segment 0: paddr=00010020 vaddr=3c020020 size=0c130h ( 49456) map[0m
[0;32mI (96) esp_image: segment 1: paddr=0001c158 vaddr=3fc94100 size=02b18h ( 11032) load[0m
[0;32mI (99) esp_image: segment 2: paddr=0001ec78 vaddr=40374000 size=013a0h (  5024) load[0m
[0;32mI (104) esp_image: segment 3: paddr=00020020 vaddr=42000020 size=1bebch (114364) map[0m
[0;32mI (130) esp_image: segment 4: paddr=0003bee4 vaddr=403753a0 size=0ecc8h ( 60616) load[0m
[0;32mI (144) esp_image: segment 5: paddr=0004abb4 vaddr=600fe100 size=0001ch (    28) load[0m
[0;32mI (150) boot: Loaded app from partition at offset 0x10000[0m
[0;32mI (150) boot: Disabling RNG early entropy source...[0m
[0;32mI (161) cpu_start: Multicore app[0m
[0;32mI (171) cpu_start: Pro cpu start user code[0m
[0;32mI (171) cpu_start: cpu freq: 240000000 Hz[0m
[0;32mI (171) app_init: Application information:[0m
[0;32mI (171) app_init: Project name:     Programmerbar_last[0m
[0;32mI (176) app_init: App version:      cb97619-dirty[0m
[0;32mI (180) app_init: Compile time:     Mar 14 2025 11:59:47[0m
[0;32mI (185) app_init: ELF file SHA256:  342e8a490...[0m
[0;32mI (189) app_init: ESP-IDF:          v5.4[0m
[0;32mI (193) efuse_init: Min chip rev:     v0.0[0m
[0;32mI (197) efuse_init: Max chip rev:     v0.99 [0m
[0;32mI (201) efuse_init: Chip rev:         v0.2[0m
[0;32mI (205) heap_init: Initializing. RAM available for dynamic allocation:[0m
[0;32mI (211) heap_init: At 3FC974F0 len 00052220 (328 KiB): RAM[0m
[0;32mI (216) heap_init: At 3FCE9710 len 00005724 (21 KiB): RAM[0m
[0;32mI (221) heap_init: At 3FCF0000 len 00008000 (32 KiB): DRAM[0m
[0;32mI (226) heap_init: At 600FE11C len 00001ECC (7 KiB): RTCRAM[0m
[0;32mI (233) spi_flash: detected chip: gd[0m
[0;32mI (235) spi_flash: flash io: dio[0m
[0;32mI (238) sleep_gpio: Configure to isolate all GPIO pins in sleep state[0m
[0;32mI (244) sleep_gpio: Enable automatic switching of GPIO sleep configuration[0m
[0;32mI (251) main_task: Started on CPU0[0m
[0;32mI (261) main_task: Calling app_main()[0m
[0;32mI (261) FT812: Initializing FT812 Display[0m
[0;32mI (261) gpio: GPIO[36]| InputEn: 0| OutputEn: 0| OpenDrain: 0| Pullup: 1| Pulldown: 0| Intr:0 [0m
[0;32mI (371) FT812: FT812 Chip ID: 0x00[0m
[1;31mE (371) FT812: FT812 not detected! Check connections.[0m
[0;32mI (371) FT812: Configuring FT812...[0m
[0;32mI (381) FT812: FT812 Initialized Successfully[0m
[0;32mI (2381) FT812: Filling screen with red...[0m
[0;32mI (2881) FT812: Red screen applied.[0m
[0;32mI (2881) FT812: Initializing FT812 Display[0m
[0;32mI (2881) gpio: GPIO[36]| InputEn: 0| OutputEn: 0| OpenDrain: 0| Pullup: 1| Pulldown: 0| Intr:0 [0m
[1;31mE (2981) spi: spi_bus_initialize(802): SPI bus already initialized.[0m
ESP_ERROR_CHECK failed: esp_err_t 0x103 (ESP_ERR_INVALID_STATE) at 0x4200992b
file: "./main/main.c" line 141
func: ft812_init
expression: spi_bus_initialize(SPI_HOST, &buscfg, SPI_DMA_CH_AUTO)

abort() was called at PC 0x4037ac53 on core 0


Backtrace: 0x40375b3d:0x3fc99c40 0x4037ac5d:0x3fc99c60 0x40381fa9:0x3fc99c80 0x4037ac53:0x3fc99cf0 0x4200992b:0x3fc99d20 0x420099fb:0x3fc99db0 0x4201b31b:0x3fc99dd0 0x4037b611:0x3fc99e00




ELF file SHA256: 342e8a490

Rebooting...
ESP-ROM:esp32s3-20210327
Build:Mar 27 2021
rst:0xc (RTC_SW_CPU_RST),boot:0x2b (SPI_FAST_FLASH_BOOT)
Saved PC:0x40375a7c
SPIWP:0xee
mode:DIO, clock div:1
load:0x3fce2810,len:0x15a0
load:0x403c8700,len:0x4
load:0x403c8704,len:0xd20
load:0x403cb700,len:0x2ee4
entry 0x403c8928
[0;32mI (26) boot: ESP-IDF v5.4 2nd stage bootloader[0m
[0;32mI (26) boot: compile time Mar 14 2025 11:59:55[0m
[0;32mI (26) boot: Multicore bootloader[0m
[0;32mI (27) boot: chip revision: v0.2[0m
[0;32mI (29) boot: efuse block revision: v1.3[0m
[0;32mI (33) boot.esp32s3: Boot SPI Speed : 80MHz[0m
[0;32mI (37) boot.esp32s3: SPI Mode       : DIO[0m
[0;32mI (40) boot.esp32s3: SPI Flash Size : 8MB[0m
[0;32mI (44) boot: Enabling RNG early entropy source...[0m
[0;32mI (49) boot: Partition Table:[0m
[0;32mI (51) boot: ## Label            Usage          Type ST Offset   Length[0m
[0;32mI (57) boot:  0 nvs              WiFi data        01 02 00009000 00006000[0m
[0;32mI (64) boot:  1 phy_init         RF data          01 01 0000f000 00001000[0m
[0;32mI (70) boot:  2 factory          factory app      00 00 00010000 00100000[0m
[0;32mI (77) boot: End of partition table[0m
[0;32mI (80) esp_image: segment 0: paddr=00010020 vaddr=3c020020 size=0c130h ( 49456) map[0m
[0;32mI (96) esp_image: segment 1: paddr=0001c158 vaddr=3fc94100 size=02b18h ( 11032) load[0m
[0;32mI (99) esp_image: segment 2: paddr=0001ec78 vaddr=40374000 size=013a0h (  5024) load[0m
[0;32mI (104) esp_image: segment 3: paddr=00020020 vaddr=42000020 size=1bebch (114364) map[0m
[0;32mI (130) esp_image: segment 4: paddr=0003bee4 vaddr=403753a0 size=0ecc8h ( 60616) load[0m
[0;32mI (144) esp_image: segment 5: paddr=0004abb4 vaddr=600fe100 size=0001ch (    28) load[0m
[0;32mI (150) boot: Loaded app from partition at offset 0x10000[0m
[0;32mI (150) boot: Disabling RNG early entropy source...[0m
[0;32mI (161) cpu_start: Multicore app[0m
[0;32mI (171) cpu_start: Pro cpu start user code[0m
[0;32mI (171) cpu_start: cpu freq: 240000000 Hz[0m
[0;32mI (171) app_init: Application information:[0m
[0;32mI (171) app_init: Project name:     Programmerbar_last[0m
[0;32mI (176) app_init: App version:      cb97619-dirty[0m
[0;32mI (180) app_init: Compile time:     Mar 14 2025 11:59:47[0m
[0;32mI (185) app_init: ELF file SHA256:  342e8a490...[0m
[0;32mI (189) app_init: ESP-IDF:          v5.4[0m
[0;32mI (193) efuse_init: Min chip rev:     v0.0[0m
[0;32mI (197) efuse_init: Max chip rev:     v0.99 [0m
[0;32mI (201) efuse_init: Chip rev:         v0.2[0m
[0;32mI (205) heap_init: Initializing. RAM available for dynamic allocation:[0m
[0;32mI (211) heap_init: At 3FC974F0 len 00052220 (328 KiB): RAM[0m
[0;32mI (216) heap_init: At 3FCE9710 len 00005724 (21 KiB): RAM[0m
[0;32mI (221) heap_init: At 3FCF0000 len 00008000 (32 KiB): DRAM[0m
[0;32mI (226) heap_init: At 600FE11C len 00001ECC (7 KiB): RTCRAM[0m
[0;32mI (233) spi_flash: detected chip: gd[0m
[0;32mI (235) spi_flash: flash io: dio[0m
[0;32mI (238) sleep_gpio: Configure to isolate all GPIO pins in sleep state[0m
[0;32mI (244) sleep_gpio: Enable automatic switching of GPIO sleep configuration[0m
[0;32mI (251) main_task: Started on CPU0[0m
[0;32mI (261) main_task: Calling app_main()[0m
[0;32mI (261) FT812: Initializing FT812 Display[0m
[0;32mI (261) gpio: GPIO[36]| InputEn: 0| OutputEn: 0| OpenDrain: 0| Pullup: 1| Pulldown: 0| Intr:0 [0m
[0;32mI (371) FT812: FT812 Chip ID: 0x00[0m
[1;31mE (371) FT812: FT812 not detected! Check connections.[0m
[0;32mI (371) FT812: Configuring FT812...[0m
[0;32mI (381) FT812: FT812 Initialized Successfully[0m
[0;32mI (2381) FT812: Filling screen with red...[0m
[0;32mI (2881) FT812: Red screen applied.[0m
[0;32mI (2881) FT812: Initializing FT812 Display[0m
[0;32mI (2881) gpio: GPIO[36]| InputEn: 0| OutputEn: 0| OpenDrain: 0| Pullup: 1| Pulldown: 0| Intr:0 [0m
[1;31mE (2981) spi: spi_bus_initialize(802): SPI bus already initialized.[0m
ESP_ERROR_CHECK failed: esp_err_t 0x103 (ESP_ERR_INVALID_STATE) at 0x4200992b
file: "./main/main.c" line 141
func: ft812_init
expression: spi_bus_initialize(SPI_HOST, &buscfg, SPI_DMA_CH_AUTO)

abort() was called at PC 0x4037ac53 on core 0


Backtrace: 0x40375b3d:0x3fc99c40 0x4037ac5d:0x3fc99c60 0x40381fa9:0x3fc99c80 0x4037ac53:0x3fc99cf0 0x4200992b:0x3fc99d20 0x420099fb:0x3fc99db0 0x4201b31b:0x3fc99dd0 0x4037b611:0x3fc99e00




ELF file SHA256: 342e8a490

Rebooting...
ESP-ROM:esp32s3-20210327
Build:Mar 27 2021
rst:0xc (RTC_SW_CPU_RST),boot:0x2b (SPI_FAST_FLASH_BOOT)
Saved PC:0x40375a7c
SPIWP:0xee
mode:DIO, clock div:1
load:0x3fce2810,len:0x15a0
load:0x403c8700,len:0x4
load:0x403c8704,len:0xd20
load:0x403cb700,len:0x2ee4
entry 0x403c8928
[0;32mI (26) boot: ESP-IDF v5.4 2nd stage bootloader[0m
[0;32mI (26) boot: compile time Mar 14 2025 11:59:55[0m
[0;32mI (26) boot: Multicore bootloader[0m
[0;32mI (27) boot: chip revision: v0.2[0m
[0;32mI (29) boot: efuse block revision: v1.3[0m
[0;32mI (33) boot.esp32s3: Boot SPI Speed : 80MHz[0m
[0;32mI (37) boot.esp32s3: SPI Mode       : DIO[0m
[0;32mI (40) boot.esp32s3: SPI Flash Size : 8MB[0m
[0;32mI (44) boot: Enabling RNG early entropy source...[0m
[0;32mI (49) boot: Partition Table:[0m
[0;32mI (51) boot: ## Label            Usage          Type ST Offset   Length[0m
[0;32mI (57) boot:  0 nvs              WiFi data        01 02 00009000 00006000[0m
[0;32mI (64) boot:  1 phy_init         RF data          01 01 0000f000 00001000[0m
[0;32mI (70) boot:  2 factory          factory app      00 00 00010000 00100000[0m
[0;32mI (77) boot: End of partition table[0m
[0;32mI (80) esp_image: segment 0: paddr=00010020 vaddr=3c020020 size=0c130h ( 49456) map[0m
[0;32mI (96) esp_image: segment 1: paddr=0001c158 vaddr=3fc94100 size=02b18h ( 11032) load[0m
[0;32mI (99) esp_image: segment 2: paddr=0001ec78 vaddr=40374000 size=013a0h (  5024) load[0m
[0;32mI (104) esp_image: segment 3: paddr=00020020 vaddr=42000020 size=1bebch (114364) map[0m
[0;32mI (130) esp_image: segment 4: paddr=0003bee4 vaddr=403753a0 size=0ecc8h ( 60616) load[0m
[0;32mI (144) esp_image: segment 5: paddr=0004abb4 vaddr=600fe100 size=0001ch (    28) load[0m
[0;32mI (150) boot: Loaded app from partition at offset 0x10000[0m
[0;32mI (151) boot: Disabling RNG early entropy source...[0m
[0;32mI (162) cpu_start: Multicore app[0m
[0;32mI (171) cpu_start: Pro cpu start user code[0m
[0;32mI (171) cpu_start: cpu freq: 240000000 Hz[0m
[0;32mI (171) app_init: Application information:[0m
[0;32mI (171) app_init: Project name:     Programmerbar_last[0m
[0;32mI (176) app_init: App version:      cb97619-dirty[0m
[0;32mI (180) app_init: Compile time:     Mar 14 2025 11:59:47[0m
[0;32mI (185) app_init: ELF file SHA256:  342e8a490...[0m
[0;32mI (189) app_init: ESP-IDF:          v5.4[0m
[0;32mI (193) efuse_init: Min chip rev:     v0.0[0m
[0;32mI (197) efuse_init: Max chip rev:     v0.99 [0m
[0;32mI (201) efuse_init: Chip rev:         v0.2[0m
[0;32mI (205) heap_init: Initializing. RAM available for dynamic allocation:[0m
[0;32mI (211) heap_init: At 3FC974F0 len 00052220 (328 KiB): RAM[0m
[0;32mI (216) heap_init: At 3FCE9710 len 00005724 (21 KiB): RAM[0m
[0;32mI (221) heap_init: At 3FCF0000 len 00008000 (32 KiB): DRAM[0m
[0;32mI (226) heap_init: At 600FE11C len 00001ECC (7 KiB): RTCRAM[0m
[0;32mI (233) spi_flash: detected chip: gd[0m
[0;32mI (235) spi_flash: flash io: dio[0m
[0;32mI (238) sleep_gpio: Configure to isolate all GPIO pins in sleep state[0m
[0;32mI (244) sleep_gpio: Enable automatic switching of GPIO sleep configuration[0m
[0;32mI (251) main_task: Started on CPU0[0m
[0;32mI (261) main_task: Calling app_main()[0m
[0;32mI (261) FT812: Initializing FT812 Display[0m
[0;32mI (261) gpio: GPIO[36]| InputEn: 0| OutputEn: 0| OpenDrain: 0| Pullup: 1| Pulldown: 0| Intr:0 [0m
[0;32mI (371) FT812: FT812 Chip ID: 0x00[0m
[1;31mE (371) FT812: FT812 not detected! Check connections.[0m
[0;32mI (371) FT812: Configuring FT812...[0m
[0;32mI (381) FT812: FT812 Initialized Successfully[0m
[0;32mI (2381) FT812: Filling screen with red...[0m
[0;32mI (2881) FT812: Red screen applied.[0m
[0;32mI (2881) FT812: Initializing FT812 Display[0m
[0;32mI (2881) gpio: GPIO[36]| InputEn: 0| OutputEn: 0| OpenDrain: 0| Pullup: 1| Pulldown: 0| Intr:0 [0m
[1;31mE (2981) spi: spi_bus_initialize(802): SPI bus already initialized.[0m
ESP_ERROR_CHECK failed: esp_err_t 0x103 (ESP_ERR_INVALID_STATE) at 0x4200992b
file: "./main/main.c" line 141
func: ft812_init
expression: spi_bus_initialize(SPI_HOST, &buscfg, SPI_DMA_CH_AUTO)

abort() was called at PC 0x4037ac53 on core 0


Backtrace: 0x40375b3d:0x3fc99c40 0x4037ac5d:0x3fc99c60 0x40381fa9:0x3fc99c80 0x4037ac53:0x3fc99cf0 0x4200992b:0x3fc99d20 0x420099fb:0x3fc99db0 0x4201b31b:0x3fc99dd0 0x4037b611:0x3fc99e00




ELF file SHA256: 342e8a490

Rebooting...
ESP-ROM:esp32s3-20210327
Build:Mar 27 2021
rst:0xc (RTC_SW_CPU_RST),boot:0x2b (SPI_FAST_FLASH_BOOT)
Saved PC:0x40375a7c
SPIWP:0xee
mode:DIO, clock div:1
load:0x3fce2810,len:0x15a0
load:0x403c8700,len:0x4
load:0x403c8704,len:0xd20
load:0x403cb700,len:0x2ee4
entry 0x403c8928
[0;32mI (26) boot: ESP-IDF v5.4 2nd stage bootloader[0m
[0;32mI (26) boot: compile time Mar 14 2025 11:59:55[0m
[0;32mI (26) boot: Multicore bootloader[0m
[0;32mI (27) boot: chip revision: v0.2[0m
[0;32mI (29) boot: efuse block revision: v1.3[0m
[0;32mI (33) boot.esp32s3: Boot SPI Speed : 80MHz[0m
[0;32mI (37) boot.esp32s3: SPI Mode       : DIO[0m
[0;32mI (40) boot.esp32s3: SPI Flash Size : 8MB[0m
[0;32mI (44) boot: Enabling RNG early entropy source...[0m
[0;32mI (49) boot: Partition Table:[0m
[0;32mI (51) boot: ## Label            Usage          Type ST Offset   Length[0m
[0;32mI (57) boot:  0 nvs              WiFi data        01 02 00009000 00006000[0m
[0;32mI (64) boot:  1 phy_init         RF data          01 01 0000f000 00001000[0m
[0;32mI (70) boot:  2 factory          factory app      00 00 00010000 00100000[0m
[0;32mI (77) boot: End of partition table[0m
[0;32mI (80) esp_image: segment 0: paddr=00010020 vaddr=3c020020 size=0c130h ( 49456) map[0m
[0;32mI (96) esp_image: segment 1: paddr=0001c158 vaddr=3fc94100 size=02b18h ( 11032) load[0m
[0;32mI (99) esp_image: segment 2: paddr=0001ec78 vaddr=40374000 size=013a0h (  5024) load[0m
[0;32mI (104) esp_image: segment 3: paddr=00020020 vaddr=42000020 size=1bebch (114364) map[0m
[0;32mI (130) esp_image: segment 4: paddr=0003bee4 vaddr=403753a0 size=0ecc8h ( 60616) load[0m
[0;32mI (144) esp_image: segment 5: paddr=0004abb4 vaddr=600fe100 size=0001ch (    28) load[0m
[0;32mI (150) boot: Loaded app from partition at offset 0x10000[0m
[0;32mI (150) boot: Disabling RNG early entropy source...[0m
[0;32mI (161) cpu_start: Multicore app[0m
[0;32mI (171) cpu_start: Pro cpu start user code[0m
[0;32mI (171) cpu_start: cpu freq: 240000000 Hz[0m
[0;32mI (171) app_init: Application information:[0m
[0;32mI (171) app_init: Project name:     Programmerbar_last[0m
[0;32mI (176) app_init: App version:      cb97619-dirty[0m
[0;32mI (180) app_init: Compile time:     Mar 14 2025 11:59:47[0m
[0;32mI (185) app_init: ELF file SHA256:  342e8a490...[0m
[0;32mI (189) app_init: ESP-IDF:          v5.4[0m
[0;32mI (193) efuse_init: Min chip rev:     v0.0[0m
[0;32mI (197) efuse_init: Max chip rev:     v0.99 [0m
[0;32mI (201) efuse_init: Chip rev:         v0.2[0m
[0;32mI (205) heap_init: Initializing. RAM available for dynamic allocation:[0m
[0;32mI (211) heap_init: At 3FC974F0 len 00052220 (328 KiB): RAM[0m
[0;32mI (216) heap_init: At 3FCE9710 len 00005724 (21 KiB): RAM[0m
[0;32mI (221) heap_init: At 3FCF0000 len 00008000 (32 KiB): DRAM[0m
[0;32mI (226) heap_init: At 600FE11C len 00001ECC (7 KiB): RTCRAM[0m
[0;32mI (233) spi_flash: detected chip: gd[0m
[0;32mI (235) spi_flash: flash io: dio[0m
[0;32mI (238) sleep_gpio: Configure to isolate all GPIO pins in sleep state[0m
[0;32mI (244) sleep_gpio: Enable automatic switching of GPIO sleep configuration[0m
[0;32mI (251) main_task: Started on CPU0[0m
[0;32mI (261) main_task: Calling app_main()[0m
[0;32mI (261) FT812: Initializing FT812 Display[0m
[0;32mI (261) gpio: GPIO[36]| InputEn: 0| OutputEn: 0| OpenDrain: 0| Pullup: 1| Pulldown: 0| Intr:0 [0m
[0;32mI (371) FT812: FT812 Chip ID: 0x00[0m
[1;31mE (371) FT812: FT812 not detected! Check connections.[0m
[0;32mI (371) FT812: Configuring FT812...[0m
[0;32mI (381) FT812: FT812 Initialized Successfully[0m
[0;32mI (2381) FT812: Filling screen with red...[0m
[0;32mI (2881) FT812: Red screen applied.[0m
[0;32mI (2881) FT812: Initializing FT812 Display[0m
[0;32mI (2881) gpio: GPIO[36]| InputEn: 0| OutputEn: 0| OpenDrain: 0| Pullup: 1| Pulldown: 0| Intr:0 [0m
[1;31mE (2981) spi: spi_bus_initialize(802): SPI bus already initialized.[0m
ESP_ERROR_CHECK failed: esp_err_t 0x103 (ESP_ERR_INVALID_STATE) at 0x4200992b
file: "./main/main.c" line 141
func: ft812_init
expression: spi_bus_initialize(SPI_HOST, &buscfg, SPI_DMA_CH_AUTO)

abort() was called at PC 0x4037ac53 on core 0


Backtrace: 0x40375b3d:0x3fc99c40 0x4037ac5d:0x3fc99c60 0x40381fa9:0x3fc99c80 0x4037ac53:0x3fc99cf0 0x4200992b:0x3fc99d20 0x420099fb:0x3fc99db0 0x4201b31b:0x3fc99dd0 0x4037b611:0x3fc99e00




ELF file SHA256: 342e8a490

Rebooting...
ESP-ROM:esp32s3-20210327
Build:Mar 27 2021
rst:0xc (RTC_SW_CPU_RST),boot:0x2b (SPI_FAST_FLASH_BOOT)
Saved PC:0x40375a7c
SPIWP:0xee
mode:DIO, clock div:1
load:0x3fce2810,len:0x15a0
load:0x403c8700,len:0x4
load:0x403c8704,len:0xd20
load:0x403cb700,len:0x2ee4
entry 0x403c8928
[0;32mI (26) boot: ESP-IDF v5.4 2nd stage bootloader[0m
[0;32mI (26) boot: compile time Mar 14 2025 11:59:55[0m
[0;32mI (26) boot: Multicore bootloader[0m
[0;32mI (27) boot: chip revision: v0.2[0m
[0;32mI (29) boot: efuse block revision: v1.3[0m
[0;32mI (33) boot.esp32s3: Boot SPI Speed : 80MHz[0m
[0;32mI (37) boot.esp32s3: SPI Mode       : DIO[0m
[0;32mI (40) boot.esp32s3: SPI Flash Size : 8MB[0m
[0;32mI (44) boot: Enabling RNG early entropy source...[0m
[0;32mI (49) boot: Partition Table:[0m
[0;32mI (51) boot: ## Label            Usage          Type ST Offset   Length[0m
[0;32mI (57) boot:  0 nvs              WiFi data        01 02 00009000 00006000[0m
[0;32mI (64) boot:  1 phy_init         RF data          01 01 0000f000 00001000[0m
[0;32mI (70) boot:  2 factory          factory app      00 00 00010000 00100000[0m
[0;32mI (77) boot: End of partition table[0m
[0;32mI (80) esp_image: segment 0: paddr=00010020 vaddr=3c020020 size=0c130h ( 49456) map[0m
[0;32mI (96) esp_image: segment 1: paddr=0001c158 vaddr=3fc94100 size=02b18h ( 11032) load[0m
[0;32mI (99) esp_image: segment 2: paddr=0001ec78 vaddr=40374000 size=013a0h (  5024) load[0m
[0;32mI (104) esp_image: segment 3: paddr=00020020 vaddr=42000020 size=1bebch (114364) map[0m
[0;32mI (130) esp_image: segment 4: paddr=0003bee4 vaddr=403753a0 size=0ecc8h ( 60616) load[0m
[0;32mI (144) esp_image: segment 5: paddr=0004abb4 vaddr=600fe100 size=0001ch (    28) load[0m
[0;32mI (150) boot: Loaded app from partition at offset 0x10000[0m
[0;32mI (150) boot: Disabling RNG early entropy source...[0m
[0;32mI (161) cpu_start: Multicore app[0m
[0;32mI (171) cpu_start: Pro cpu start user code[0m
[0;32mI (171) cpu_start: cpu freq: 240000000 Hz[0m
[0;32mI (171) app_init: Application information:[0m
[0;32mI (171) app_init: Project name:     Programmerbar_last[0m
[0;32mI (176) app_init: App version:      cb97619-dirty[0m
[0;32mI (180) app_init: Compile time:     Mar 14 2025 11:59:47[0m
[0;32mI (185) app_init: ELF file SHA256:  342e8a490...[0m
[0;32mI (189) app_init: ESP-IDF:          v5.4[0m
[0;32mI (193) efuse_init: Min chip rev:     v0.0[0m
[0;32mI (197) efuse_init: Max chip rev:     v0.99 [0m
[0;32mI (201) efuse_init: Chip rev:         v0.2[0m
[0;32mI (205) heap_init: Initializing. RAM available for dynamic allocation:[0m
[0;32mI (211) heap_init: At 3FC974F0 len 00052220 (328 KiB): RAM[0m
[0;32mI (216) heap_init: At 3FCE9710 len 00005724 (21 KiB): RAM[0m
[0;32mI (221) heap_init: At 3FCF0000 len 00008000 (32 KiB): DRAM[0m
[0;32mI (226) heap_init: At 600FE11C len 00001ECC (7 KiB): RTCRAM[0m
[0;32mI (233) spi_flash: detected chip: gd[0m
[0;32mI (235) spi_flash: flash io: dio[0m
[0;32mI (238) sleep_gpio: Configure to isolate all GPIO pins in sleep state[0m
[0;32mI (244) sleep_gpio: Enable automatic switching of GPIO sleep configuration[0m
[0;32mI (251) main_task: Started on CPU0[0m
[0;32mI (261) main_task: Calling app_main()[0m
[0;32mI (261) FT812: Initializing FT812 Display[0m
[0;32mI (261) gpio: GPIO[36]| InputEn: 0| OutputEn: 0| OpenDrain: 0| Pullup: 1| Pulldown: 0| Intr:0 [0m
[0;32mI (371) FT812: FT812 Chip ID: 0x00[0m
[1;31mE (371) FT812: FT812 not detected! Check connections.[0m
[0;32mI (371) FT812: Configuring FT812...[0m
[0;32mI (381) FT812: FT812 Initialized Successfully[0m
[0;32mI (2381) FT812: Filling screen with red...[0m
[0;32mI (2881) FT812: Red screen applied.[0m
[0;32mI (2881) FT812: Initializing FT812 Display[0m
[0;32mI (2881) gpio: GPIO[36]| InputEn: 0| OutputEn: 0| OpenDrain: 0| Pullup: 1| Pulldown: 0| Intr:0 [0m
[1;31mE (2981) spi: spi_bus_initialize(802): SPI bus already initialized.[0m
ESP_ERROR_CHECK failed: esp_err_t 0x103 (ESP_ERR_INVALID_STATE) at 0x4200992b
file: "./main/main.c" line 141
func: ft812_init
expression: spi_bus_initialize(SPI_HOST, &buscfg, SPI_DMA_CH_AUTO)

abort() was called at PC 0x4037ac53 on core 0


Backtrace: 0x40375b3d:0x3fc99c40 0x4037ac5d:0x3fc99c60 0x40381fa9:0x3fc99c80 0x4037ac53:0x3fc99cf0 0x4200992b:0x3fc99d20 0x420099fb:0x3fc99db0 0x4201b31b:0x3fc99dd0 0x4037b611:0x3fc99e00




ELF file SHA256: 342e8a490

Rebooting...
ESP-ROM:esp32s3-20210327
Build:Mar 27 2021
rst:0xc (RTC_SW_CPU_RST),boot:0x2b (SPI_FAST_FLASH_BOOT)
Saved PC:0x40375a7c
SPIWP:0xee
mode:DIO, clock div:1
load:0x3fce2810,len:0x15a0
load:0x403c8700,len:0x4
load:0x403c8704,len:0xd20
load:0x403cb700,len:0x2ee4
entry 0x403c8928
[0;32mI (26) boot: ESP-IDF v5.4 2nd stage bootloader[0m
[0;32mI (26) boot: compile time Mar 14 2025 11:59:55[0m
[0;32mI (26) boot: Multicore bootloader[0m
[0;32mI (27) boot: chip revision: v0.2[0m
[0;32mI (29) boot: efuse block revision: v1.3[0m
[0;32mI (33) boot.esp32s3: Boot SPI Speed : 80MHz[0m
[0;32mI (37) boot.esp32s3: SPI Mode       : DIO[0m
[0;32mI (40) boot.esp32s3: SPI Flash Size : 8MB[0m
[0;32mI (44) boot: Enabling RNG early entropy source...[0m
[0;32mI (49) boot: Partition Table:[0m
[0;32mI (51) boot: ## Label            Usage          Type ST Offset   Length[0m
[0;32mI (57) boot:  0 nvs              WiFi data        01 02 00009000 00006000[0m
[0;32mI (64) boot:  1 phy_init         RF data          01 01 0000f000 00001000[0m
[0;32mI (70) boot:  2 factory          factory app      00 00 00010000 00100000[0m
[0;32mI (77) boot: End of partition table[0m
[0;32mI (80) esp_image: segment 0: paddr=00010020 vaddr=3c020020 size=0c130h ( 49456) map[0m
[0;32mI (96) esp_image: segment 1: paddr=0001c158 vaddr=3fc94100 size=02b18h ( 11032) load[0m
[0;32mI (99) esp_image: segment 2: paddr=0001ec78 vaddr=40374000 size=013a0h (  5024) load[0m
[0;32mI (104) esp_image: segment 3: paddr=00020020 vaddr=42000020 size=1bebch (114364) map[0m
[0;32mI (130) esp_image: segment 4: paddr=0003bee4 vaddr=403753a0 size=0ecc8h ( 60616) load[0m
[0;32mI (144) esp_image: segment 5: paddr=0004abb4 vaddr=600fe100 size=0001ch (    28) load[0m
[0;32mI (150) boot: Loaded app from partition at offset 0x10000[0m
[0;32mI (150) boot: Disabling RNG early entropy source...[0m
[0;32mI (161) cpu_start: Multicore app[0m
[0;32mI (171) cpu_start: Pro cpu start user code[0m
[0;32mI (171) cpu_start: cpu freq: 240000000 Hz[0m
[0;32mI (171) app_init: Application information:[0m
[0;32mI (171) app_init: Project name:     Programmerbar_last[0m
[0;32mI (176) app_init: App version:      cb97619-dirty[0m
[0;32mI (180) app_init: Compile time:     Mar 14 2025 11:59:47[0m
[0;32mI (185) app_init: ELF file SHA256:  342e8a490...[0m
[0;32mI (189) app_init: ESP-IDF:          v5.4[0m
[0;32mI (193) efuse_init: Min chip rev:     v0.0[0m
[0;32mI (197) efuse_init: Max chip rev:     v0.99 [0m
[0;32mI (201) efuse_init: Chip rev:         v0.2[0m
[0;32mI (205) heap_init: Initializing. RAM available for dynamic allocation:[0m
[0;32mI (211) heap_init: At 3FC974F0 len 00052220 (328 KiB): RAM[0m
[0;32mI (216) heap_init: At 3FCE9710 len 00005724 (21 KiB): RAM[0m
[0;32mI (221) heap_init: At 3FCF0000 len 00008000 (32 KiB): DRAM[0m
[0;32mI (226) heap_init: At 600FE11C len 00001ECC (7 KiB): RTCRAM[0m
[0;32mI (233) spi_flash: detected chip: gd[0m
[0;32mI (235) spi_flash: flash io: dio[0m
[0;32mI (238) sleep_gpio: Configure to isolate all GPIO pins in sleep state[0m
[0;32mI (244) sleep_gpio: Enable automatic switching of GPIO sleep configuration[0m
[0;32mI (251) main_task: Started on CPU0[0m
[0;32mI (261) main_task: Calling app_main()[0m
[0;32mI (261) FT812: Initializing FT812 Display[0m
[0;32mI (261) gpio: GPIO[36]| InputEn: 0| OutputEn: 0| OpenDrain: 0| Pullup: 1| Pulldown: 0| Intr:0 [0m
[0;32mI (371) FT812: FT812 Chip ID: 0x00[0m
[1;31mE (371) FT812: FT812 not detected! Check connections.[0m
[0;32mI (371) FT812: Configuring FT812...[0m
[0;32mI (381) FT812: FT812 Initialized Successfully[0m
[0;32mI (2381) FT812: Filling screen with red...[0m
[0;32mI (2881) FT812: Red screen applied.[0m
[0;32mI (2881) FT812: Initializing FT812 Display[0m
[0;32mI (2881) gpio: GPIO[36]| InputEn: 0| OutputEn: 0| OpenDrain: 0| Pullup: 1| Pulldown: 0| Intr:0 [0m
[1;31mE (2981) spi: spi_bus_initialize(802): SPI bus already initialized.[0m
ESP_ERROR_CHECK failed: esp_err_t 0x103 (ESP_ERR_INVALID_STATE) at 0x4200992b
file: "./main/main.c" line 141
func: ft812_init
expression: spi_bus_initialize(SPI_HOST, &buscfg, SPI_DMA_CH_AUTO)

abort() was called at PC 0x4037ac53 on core 0


Backtrace: 0x40375b3d:0x3fc99c40 0x4037ac5d:0x3fc99c60 0x40381fa9:0x3fc99c80 0x4037ac53:0x3fc99cf0 0x4200992b:0x3fc99d20 0x420099fb:0x3fc99db0 0x4201b31b:0x3fc99dd0 0x4037b611:0x3fc99e00




ELF file SHA256: 342e8a490

Rebooting...
ESP-ROM:esp32s3-20210327
Build:Mar 27 2021
rst:0xc (RTC_SW_CPU_RST),boot:0x2b (SPI_FAST_FLASH_BOOT)
Saved PC:0x40375a7c
SPIWP:0xee
mode:DIO, clock div:1
load:0x3fce2810,len:0x15a0
load:0x403c8700,len:0x4
load:0x403c8704,len:0xd20
load:0x403cb700,len:0x2ee4
entry 0x403c8928
[0;32mI (26) boot: ESP-IDF v5.4 2nd stage bootloader[0m
[0;32mI (26) boot: compile time Mar 14 2025 11:59:55[0m
[0;32mI (26) boot: Multicore bootloader[0m
[0;32mI (27) boot: chip revision: v0.2[0m
[0;32mI (29) boot: efuse block revision: v1.3[0m
[0;32mI (33) boot.esp32s3: Boot SPI Speed : 80MHz[0m
[0;32mI (37) boot.esp32s3: SPI Mode       : DIO[0m
[0;32mI (40) boot.esp32s3: SPI Flash Size : 8MB[0m
[0;32mI (44) boot: Enabling RNG early entropy source...[0m
[0;32mI (49) boot: Partition Table:[0m
[0;32mI (51) boot: ## Label            Usage          Type ST Offset   Length[0m
[0;32mI (57) boot:  0 nvs              WiFi data        01 02 00009000 00006000[0m
[0;32mI (64) boot:  1 phy_init         RF data          01 01 0000f000 00001000[0m
[0;32mI (70) boot:  2 factory          factory app      00 00 00010000 00100000[0m
[0;32mI (77) boot: End of partition table[0m
[0;32mI (80) esp_image: segment 0: paddr=00010020 vaddr=3c020020 size=0c130h ( 49456) map[0m
[0;32mI (96) esp_image: segment 1: paddr=0001c158 vaddr=3fc94100 size=02b18h ( 11032) load[0m
[0;32mI (99) esp_image: segment 2: paddr=0001ec78 vaddr=40374000 size=013a0h (  5024) load[0m
[0;32mI (104) esp_image: segment 3: paddr=00020020 vaddr=42000020 size=1bebch (114364) map[0m
[0;32mI (130) esp_image: segment 4: paddr=0003bee4 vaddr=403753a0 size=0ecc8h ( 60616) load[0m
[0;32mI (144) esp_image: segment 5: paddr=0004abb4 vaddr=600fe100 size=0001ch (    28) load[0m
[0;32mI (150) boot: Loaded app from partition at offset 0x10000[0m
[0;32mI (150) boot: Disabling RNG early entropy source...[0m
[0;32mI (161) cpu_start: Multicore app[0m
[0;32mI (171) cpu_start: Pro cpu start user code[0m
[0;32mI (171) cpu_start: cpu freq: 240000000 Hz[0m
[0;32mI (171) app_init: Application information:[0m
[0;32mI (171) app_init: Project name:     Programmerbar_last[0m
[0;32mI (176) app_init: App version:      cb97619-dirty[0m
[0;32mI (180) app_init: Compile time:     Mar 14 2025 11:59:47[0m
[0;32mI (185) app_init: ELF file SHA256:  342e8a490...[0m
[0;32mI (189) app_init: ESP-IDF:          v5.4[0m
[0;32mI (193) efuse_init: Min chip rev:     v0.0[0m
[0;32mI (197) efuse_init: Max chip rev:     v0.99 [0m
[0;32mI (201) efuse_init: Chip rev:         v0.2[0m
[0;32mI (205) heap_init: Initializing. RAM available for dynamic allocation:[0m
[0;32mI (211) heap_init: At 3FC974F0 len 00052220 (328 KiB): RAM[0m
[0;32mI (216) heap_init: At 3FCE9710 len 00005724 (21 KiB): RAM[0m
[0;32mI (221) heap_init: At 3FCF0000 len 00008000 (32 KiB): DRAM[0m
[0;32mI (226) heap_init: At 600FE11C len 00001ECC (7 KiB): RTCRAM[0m
[0;32mI (233) spi_flash: detected chip: gd[0m
[0;32mI (235) spi_flash: flash io: dio[0m
[0;32mI (238) sleep_gpio: Configure to isolate all GPIO pins in sleep state[0m
[0;32mI (244) sleep_gpio: Enable automatic switching of GPIO sleep configuration[0m
[0;32mI (251) main_task: Started on CPU0[0m
[0;32mI (261) main_task: Calling app_main()[0m
[0;32mI (261) FT812: Initializing FT812 Display[0m
[0;32mI (261) gpio: GPIO[36]| InputEn: 0| OutputEn: 0| OpenDrain: 0| Pullup: 1| Pulldown: 0| Intr:0 [0m
[0;32mI (371) FT812: FT812 Chip ID: 0x00[0m
[1;31mE (371) FT812: FT812 not detected! Check connections.[0m
[0;32mI (371) FT812: Configuring FT812...[0m
[0;32mI (381) FT812: FT812 Initialized Successfully[0m
[0;32mI (2381) FT812: Filling screen with red...[0m
[0;32mI (2881) FT812: Red screen applied.[0m
[0;32mI (2881) FT812: Initializing FT812 Display[0m
[0;32mI (2881) gpio: GPIO[36]| InputEn: 0| OutputEn: 0| OpenDrain: 0| Pullup: 1| Pulldown: 0| Intr:0 [0m
[1;31mE (2981) spi: spi_bus_initialize(802): SPI bus already initialized.[0m
ESP_ERROR_CHECK failed: esp_err_t 0x103 (ESP_ERR_INVALID_STATE) at 0x4200992b
file: "./main/main.c" line 141
func: ft812_init
expression: spi_bus_initialize(SPI_HOST, &buscfg, SPI_DMA_CH_AUTO)

abort() was called at PC 0x4037ac53 on core 0


Backtrace: 0x40375b3d:0x3fc99c40 0x4037ac5d:0x3fc99c60 0x40381fa9:0x3fc99c80 0x4037ac53:0x3fc99cf0 0x4200992b:0x3fc99d20 0x420099fb:0x3fc99db0 0x4201b31b:0x3fc99dd0 0x4037b611:0x3fc99e00




ELF file SHA256: 342e8a490

Rebooting...
ESP-ROM:esp32s3-20210327
Build:Mar 27 2021
rst:0xc (RTC_SW_CPU_RST),boot:0x2b (SPI_FAST_FLASH_BOOT)
Saved PC:0x40375a7c
SPIWP:0xee
mode:DIO, clock div:1
load:0x3fce2810,len:0x15a0
load:0x403c8700,len:0x4
load:0x403c8704,len:0xd20
load:0x403cb700,len:0x2ee4
entry 0x403c8928
[0;32mI (26) boot: ESP-IDF v5.4 2nd stage bootloader[0m
[0;32mI (26) boot: compile time Mar 14 2025 11:59:55[0m
[0;32mI (26) boot: Multicore bootloader[0m
[0;32mI (27) boot: chip revision: v0.2[0m
[0;32mI (29) boot: efuse block revision: v1.3[0m
[0;32mI (33) boot.esp32s3: Boot SPI Speed : 80MHz[0m
[0;32mI (37) boot.esp32s3: SPI Mode       : DIO[0m
[0;32mI (40) boot.esp32s3: SPI Flash Size : 8MB[0m
[0;32mI (44) boot: Enabling RNG early entropy source...[0m
[0;32mI (49) boot: Partition Table:[0m
[0;32mI (51) boot: ## Label            Usage          Type ST Offset   Length[0m
[0;32mI (57) boot:  0 nvs              WiFi data        01 02 00009000 00006000[0m
[0;32mI (64) boot:  1 phy_init         RF data          01 01 0000f000 00001000[0m
[0;32mI (70) boot:  2 factory          factory app      00 00 00010000 00100000[0m
[0;32mI (77) boot: End of partition table[0m
[0;32mI (80) esp_image: segment 0: paddr=00010020 vaddr=3c020020 size=0c130h ( 49456) map[0m
[0;32mI (96) esp_image: segment 1: paddr=0001c158 vaddr=3fc94100 size=02b18h ( 11032) load[0m
[0;32mI (99) esp_image: segment 2: paddr=0001ec78 vaddr=40374000 size=013a0h (  5024) load[0m
[0;32mI (104) esp_image: segment 3: paddr=00020020 vaddr=42000020 size=1bebch (114364) map[0m
[0;32mI (130) esp_image: segment 4: paddr=0003bee4 vaddr=403753a0 size=0ecc8h ( 60616) load[0m
[0;32mI (144) esp_image: segment 5: paddr=0004abb4 vaddr=600fe100 size=0001ch (    28) load[0m
[0;32mI (150) boot: Loaded app from partition at offset 0x10000[0m
[0;32mI (150) boot: Disabling RNG early entropy source...[0m
[0;32mI (161) cpu_start: Multicore app[0m
[0;32mI (171) cpu_start: Pro cpu start user code[0m
[0;32mI (171) cpu_start: cpu freq: 240000000 Hz[0m
[0;32mI (171) app_init: Application information:[0m
[0;32mI (171) app_init: Project name:     Programmerbar_last[0m
[0;32mI (176) app_init: App version:      cb97619-dirty[0m
[0;32mI (180) app_init: Compile time:     Mar 14 2025 11:59:47[0m
[0;32mI (185) app_init: ELF file SHA256:  342e8a490...[0m
[0;32mI (189) app_init: ESP-IDF:          v5.4[0m
[0;32mI (193) efuse_init: Min chip rev:     v0.0[0m
[0;32mI (197) efuse_init: Max chip rev:     v0.99 [0m
[0;32mI (201) efuse_init: Chip rev:         v0.2[0m
[0;32mI (205) heap_init: Initializing. RAM available for dynamic allocation:[0m
[0;32mI (211) heap_init: At 3FC974F0 len 00052220 (328 KiB): RAM[0m
[0;32mI (216) heap_init: At 3FCE9710 len 00005724 (21 KiB): RAM[0m
[0;32mI (221) heap_init: At 3FCF0000 len 00008000 (32 KiB): DRAM[0m
[0;32mI (226) heap_init: At 600FE11C len 00001ECC (7 KiB): RTCRAM[0m
[0;32mI (233) spi_flash: detected chip: gd[0m
[0;32mI (235) spi_flash: flash io: dio[0m
[0;32mI (238) sleep_gpio: Configure to isolate all GPIO pins in sleep state[0m
[0;32mI (244) sleep_gpio: Enable automatic switching of GPIO sleep configuration[0m
[0;32mI (251) main_task: Started on CPU0[0m
[0;32mI (261) main_task: Calling app_main()[0m
[0;32mI (261) FT812: Initializing FT812 Display[0m
[0;32mI (261) gpio: GPIO[36]| InputEn: 0| OutputEn: 0| OpenDrain: 0| Pullup: 1| Pulldown: 0| Intr:0 [0m
[0;32mI (371) FT812: FT812 Chip ID: 0x00[0m
[1;31mE (371) FT812: FT812 not detected! Check connections.[0m
[0;32mI (371) FT812: Configuring FT812...[0m
[0;32mI (381) FT812: FT812 Initialized Successfully[0m
[0;32mI (2381) FT812: Filling screen with red...[0m
[0;32mI (2881) FT812: Red screen applied.[0m
[0;32mI (2881) FT812: Initializing FT812 Display[0m
[0;32mI (2881) gpio: GPIO[36]| InputEn: 0| OutputEn: 0| OpenDrain: 0| Pullup: 1| Pulldown: 0| Intr:0 [0m
[1;31mE (2981) spi: spi_bus_initialize(802): SPI bus already initialized.[0m
ESP_ERROR_CHECK failed: esp_err_t 0x103 (ESP_ERR_INVALID_STATE) at 0x4200992b
file: "./main/main.c" line 141
func: ft812_init
expression: spi_bus_initialize(SPI_HOST, &buscfg, SPI_DMA_CH_AUTO)

abort() was called at PC 0x4037ac53 on core 0


Backtrace: 0x40375b3d:0x3fc99c40 0x4037ac5d:0x3fc99c60 0x40381fa9:0x3fc99c80 0x4037ac53:0x3fc99cf0 0x4200992b:0x3fc99d20 0x420099fb:0x3fc99db0 0x4201b31b:0x3fc99dd0 0x4037b611:0x3fc99e00




ELF file SHA256: 342e8a490

Rebooting...
ESP-ROM:esp32s3-20210327
Build:Mar 27 2021
rst:0xc (RTC_SW_CPU_RST),boot:0x2b (SPI_FAST_FLASH_BOOT)
Saved PC:0x40375a7c
SPIWP:0xee
mode:DIO, clock div:1
load:0x3fce2810,len:0x15a0
load:0x403c8700,len:0x4
load:0x403c8704,len:0xd20
load:0x403cb700,len:0x2ee4
entry 0x403c8928
[0;32mI (26) boot: ESP-IDF v5.4 2nd stage bootloader[0m
[0;32mI (26) boot: compile time Mar 14 2025 11:59:55[0m
[0;32mI (26) boot: Multicore bootloader[0m
[0;32mI (27) boot: chip revision: v0.2[0m
[0;32mI (29) boot: efuse block revision: v1.3[0m
[0;32mI (33) boot.esp32s3: Boot SPI Speed : 80MHz[0m
[0;32mI (37) boot.esp32s3: SPI Mode       : DIO[0m
[0;32mI (40) boot.esp32s3: SPI Flash Size : 8MB[0m
[0;32mI (44) boot: Enabling RNG early entropy source...[0m
[0;32mI (49) boot: Partition Table:[0m
[0;32mI (51) boot: ## Label            Usage          Type ST Offset   Length[0m
[0;32mI (57) boot:  0 nvs              WiFi data        01 02 00009000 00006000[0m
[0;32mI (64) boot:  1 phy_init         RF data          01 01 0000f000 00001000[0m
[0;32mI (70) boot:  2 factory          factory app      00 00 00010000 00100000[0m
[0;32mI (77) boot: End of partition table[0m
[0;32mI (80) esp_image: segment 0: paddr=00010020 vaddr=3c020020 size=0c130h ( 49456) map[0m
[0;32mI (96) esp_image: segment 1: paddr=0001c158 vaddr=3fc94100 size=02b18h ( 11032) load[0m
[0;32mI (99) esp_image: segment 2: paddr=0001ec78 vaddr=40374000 size=013a0h (  5024) load[0m
[0;32mI (104) esp_image: segment 3: paddr=00020020 vaddr=42000020 size=1bebch (114364) map[0m
[0;32mI (130) esp_image: segment 4: paddr=0003bee4 vaddr=403753a0 size=0ecc8h ( 60616) load[0m
[0;32mI (144) esp_image: segment 5: paddr=0004abb4 vaddr=600fe100 size=0001ch (    28) load[0m
[0;32mI (150) boot: Loaded app from partition at offset 0x10000[0m
[0;32mI (150) boot: Disabling RNG early entropy source...[0m
[0;32mI (161) cpu_start: Multicore app[0m
[0;32mI (171) cpu_start: Pro cpu start user code[0m
[0;32mI (171) cpu_start: cpu freq: 240000000 Hz[0m
[0;32mI (171) app_init: Application information:[0m
[0;32mI (171) app_init: Project name:     Programmerbar_last[0m
[0;32mI (176) app_init: App version:      cb97619-dirty[0m
[0;32mI (180) app_init: Compile time:     Mar 14 2025 11:59:47[0m
[0;32mI (185) app_init: ELF file SHA256:  342e8a490...[0m
[0;32mI (189) app_init: ESP-IDF:          v5.4[0m
[0;32mI (193) efuse_init: Min chip rev:     v0.0[0m
[0;32mI (197) efuse_init: Max chip rev:     v0.99 [0m
[0;32mI (201) efuse_init: Chip rev:         v0.2[0m
[0;32mI (205) heap_init: Initializing. RAM available for dynamic allocation:[0m
[0;32mI (211) heap_init: At 3FC974F0 len 00052220 (328 KiB): RAM[0m
[0;32mI (216) heap_init: At 3FCE9710 len 00005724 (21 KiB): RAM[0m
[0;32mI (221) heap_init: At 3FCF0000 len 00008000 (32 KiB): DRAM[0m
[0;32mI (226) heap_init: At 600FE11C len 00001ECC (7 KiB): RTCRAM[0m
[0;32mI (233) spi_flash: detected chip: gd[0m
[0;32mI (235) spi_flash: flash io: dio[0m
[0;32mI (238) sleep_gpio: Configure to isolate all GPIO pins in sleep state[0m
[0;32mI (244) sleep_gpio: Enable automatic switching of GPIO sleep configuration[0m
[0;32mI (251) main_task: Started on CPU0[0m
[0;32mI (261) main_task: Calling app_main()[0m
[0;32mI (261) FT812: Initializing FT812 Display[0m
[0;32mI (261) gpio: GPIO[36]| InputEn: 0| OutputEn: 0| OpenDrain: 0| Pullup: 1| Pulldown: 0| Intr:0 [0m
[0;32mI (371) FT812: FT812 Chip ID: 0x00[0m
[1;31mE (371) FT812: FT812 not detected! Check connections.[0m
[0;32mI (371) FT812: Configuring FT812...[0m
[0;32mI (381) FT812: FT812 Initialized Successfully[0m
[0;32mI (2381) FT812: Filling screen with red...[0m
[0;32mI (2881) FT812: Red screen applied.[0m
[0;32mI (2881) FT812: Initializing FT812 Display[0m
[0;32mI (2881) gpio: GPIO[36]| InputEn: 0| OutputEn: 0| OpenDrain: 0| Pullup: 1| Pulldown: 0| Intr:0 [0m
[1;31mE (2981) spi: spi_bus_initialize(802): SPI bus already initialized.[0m
ESP_ERROR_CHECK failed: esp_err_t 0x103 (ESP_ERR_INVALID_STATE) at 0x4200992b
file: "./main/main.c" line 141
func: ft812_init
expression: spi_bus_initialize(SPI_HOST, &buscfg, SPI_DMA_CH_AUTO)

abort() was called at PC 0x4037ac53 on core 0


Backtrace: 0x40375b3d:0x3fc99c40 0x4037ac5d:0x3fc99c60 0x40381fa9:0x3fc99c80 0x4037ac53:0x3fc99cf0 0x4200992b:0x3fc99d20 0x420099fb:0x3fc99db0 0x4201b31b:0x3fc99dd0 0x4037b611:0x3fc99e00




ELF file SHA256: 342e8a490

Rebooting...
ESP-ROM:esp32s3-20210327
Build:Mar 27 2021
rst:0xc (RTC_SW_CPU_RST),boot:0x2b (SPI_FAST_FLASH_BOOT)
Saved PC:0x40375a7c
SPIWP:0xee
mode:DIO, clock div:1
load:0x3fce2810,len:0x15a0
load:0x403c8700,len:0x4
load:0x403c8704,len:0xd20
load:0x403cb700,len:0x2ee4
entry 0x403c8928
[0;32mI (26) boot: ESP-IDF v5.4 2nd stage bootloader[0m
[0;32mI (26) boot: compile time Mar 14 2025 11:59:55[0m
[0;32mI (26) boot: Multicore bootloader[0m
[0;32mI (27) boot: chip revision: v0.2[0m
[0;32mI (29) boot: efuse block revision: v1.3[0m
[0;32mI (33) boot.esp32s3: Boot SPI Speed : 80MHz[0m
[0;32mI (37) boot.esp32s3: SPI Mode       : DIO[0m
[0;32mI (40) boot.esp32s3: SPI Flash Size : 8MB[0m
[0;32mI (44) boot: Enabling RNG early entropy source...[0m
[0;32mI (49) boot: Partition Table:[0m
[0;32mI (51) boot: ## Label            Usage          Type ST Offset   Length[0m
[0;32mI (57) boot:  0 nvs              WiFi data        01 02 00009000 00006000[0m
[0;32mI (64) boot:  1 phy_init         RF data          01 01 0000f000 00001000[0m
[0;32mI (70) boot:  2 factory          factory app      00 00 00010000 00100000[0m
[0;32mI (77) boot: End of partition table[0m
[0;32mI (80) esp_image: segment 0: paddr=00010020 vaddr=3c020020 size=0c130h ( 49456) map[0m
[0;32mI (96) esp_image: segment 1: paddr=0001c158 vaddr=3fc94100 size=02b18h ( 11032) load[0m
[0;32mI (99) esp_image: segment 2: paddr=0001ec78 vaddr=40374000 size=013a0h (  5024) load[0m
[0;32mI (104) esp_image: segment 3: paddr=00020020 vaddr=42000020 size=1bebch (114364) map[0m
[0;32mI (130) esp_image: segment 4: paddr=0003bee4 vaddr=403753a0 size=0ecc8h ( 60616) load[0m
[0;32mI (144) esp_image: segment 5: paddr=0004abb4 vaddr=600fe100 size=0001ch (    28) load[0m
[0;32mI (150) boot: Loaded app from partition at offset 0x10000[0m
[0;32mI (150) boot: Disabling RNG early entropy source...[0m
[0;32mI (161) cpu_start: Multicore app[0m
[0;32mI (171) cpu_start: Pro cpu start user code[0m
[0;32mI (171) cpu_start: cpu freq: 240000000 Hz[0m
[0;32mI (171) app_init: Application information:[0m
[0;32mI (171) app_init: Project name:     Programmerbar_last[0m
[0;32mI (176) app_init: App version:      cb97619-dirty[0m
[0;32mI (180) app_init: Compile time:     Mar 14 2025 11:59:47[0m
[0;32mI (185) app_init: ELF file SHA256:  342e8a490...[0m
[0;32mI (189) app_init: ESP-IDF:          v5.4[0m
[0;32mI (193) efuse_init: Min chip rev:     v0.0[0m
[0;32mI (197) efuse_init: Max chip rev:     v0.99 [0m
[0;32mI (201) efuse_init: Chip rev:         v0.2[0m
[0;32mI (205) heap_init: Initializing. RAM available for dynamic allocation:[0m
[0;32mI (211) heap_init: At 3FC974F0 len 00052220 (328 KiB): RAM[0m
[0;32mI (216) heap_init: At 3FCE9710 len 00005724 (21 KiB): RAM[0m
[0;32mI (221) heap_init: At 3FCF0000 len 00008000 (32 KiB): DRAM[0m
[0;32mI (226) heap_init: At 600FE11C len 00001ECC (7 KiB): RTCRAM[0m
[0;32mI (233) spi_flash: detected chip: gd[0m
[0;32mI (235) spi_flash: flash io: dio[0m
[0;32mI (238) sleep_gpio: Configure to isolate all GPIO pins in sleep state[0m
[0;32mI (244) sleep_gpio: Enable automatic switching of GPIO sleep configuration[0m
[0;32mI (251) main_task: Started on CPU0[0m
[0;32mI (261) main_task: Calling app_main()[0m
[0;32mI (261) FT812: Initializing FT812 Display[0m
[0;32mI (261) gpio: GPIO[36]| InputEn: 0| OutputEn: 0| OpenDrain: 0| Pullup: 1| Pulldown: 0| Intr:0 [0m
[0;32mI (371) FT812: FT812 Chip ID: 0x00[0m
[1;31mE (371) FT812: FT812 not detected! Check connections.[0m
[0;32mI (371) FT812: Configuring FT812...[0m
[0;32mI (381) FT812: FT812 Initialized Successfully[0m
[0;32mI (2381) FT812: Filling screen with red...[0m
[0;32mI (2881) FT812: Red screen applied.[0m
[0;32mI (2881) FT812: Initializing FT812 Display[0m
[0;32mI (2881) gpio: GPIO[36]| InputEn: 0| OutputEn: 0| OpenDrain: 0| Pullup: 1| Pulldown: 0| Intr:0 [0m
[1;31mE (2981) spi: spi_bus_initialize(802): SPI bus already initialized.[0m
ESP_ERROR_CHECK failed: esp_err_t 0x103 (ESP_ERR_INVALID_STATE) at 0x4200992b
file: "./main/main.c" line 141
func: ft812_init
expression: spi_bus_initialize(SPI_HOST, &buscfg, SPI_DMA_CH_AUTO)

abort() was called at PC 0x4037ac53 on core 0


Backtrace: 0x40375b3d:0x3fc99c40 0x4037ac5d:0x3fc99c60 0x40381fa9:0x3fc99c80 0x4037ac53:0x3fc99cf0 0x4200992b:0x3fc99d20 0x420099fb:0x3fc99db0 0x4201b31b:0x3fc99dd0 0x4037b611:0x3fc99e00




ELF file SHA256: 342e8a490

Rebooting...
ESP-ROM:esp32s3-20210327
Build:Mar 27 2021
rst:0xc (RTC_SW_CPU_RST),boot:0x2b (SPI_FAST_FLASH_BOOT)
Saved PC:0x40375a7c
SPIWP:0xee
mode:DIO, clock div:1
load:0x3fce2810,len:0x15a0
load:0x403c8700,len:0x4
load:0x403c8704,len:0xd20
load:0x403cb700,len:0x2ee4
entry 0x403c8928
[0;32mI (26) boot: ESP-IDF v5.4 2nd stage bootloader[0m
[0;32mI (26) boot: compile time Mar 14 2025 11:59:55[0m
[0;32mI (26) boot: Multicore bootloader[0m
[0;32mI (27) boot: chip revision: v0.2[0m
[0;32mI (29) boot: efuse block revision: v1.3[0m
[0;32mI (33) boot.esp32s3: Boot SPI Speed : 80MHz[0m
[0;32mI (37) boot.esp32s3: SPI Mode       : DIO[0m
[0;32mI (40) boot.esp32s3: SPI Flash Size : 8MB[0m
[0;32mI (44) boot: Enabling RNG early entropy source...[0m
[0;32mI (49) boot: Partition Table:[0m
[0;32mI (51) boot: ## Label            Usage          Type ST Offset   Length[0m
[0;32mI (57) boot:  0 nvs              WiFi data        01 02 00009000 00006000[0m
[0;32mI (64) boot:  1 phy_init         RF data          01 01 0000f000 00001000[0m
[0;32mI (70) boot:  2 factory          factory app      00 00 00010000 00100000[0m
[0;32mI (77) boot: End of partition table[0m
[0;32mI (80) esp_image: segment 0: paddr=00010020 vaddr=3c020020 size=0c130h ( 49456) map[0m
[0;32mI (96) esp_image: segment 1: paddr=0001c158 vaddr=3fc94100 size=02b18h ( 11032) load[0m
[0;32mI (99) esp_image: segment 2: paddr=0001ec78 vaddr=40374000 size=013a0h (  5024) load[0m
[0;32mI (104) esp_image: segment 3: paddr=00020020 vaddr=42000020 size=1bebch (114364) map[0m
[0;32mI (130) esp_image: segment 4: paddr=0003bee4 vaddr=403753a0 size=0ecc8h ( 60616) load[0m
[0;32mI (144) esp_image: segment 5: paddr=0004abb4 vaddr=600fe100 size=0001ch (    28) load[0m
[0;32mI (150) boot: Loaded app from partition at offset 0x10000[0m
[0;32mI (151) boot: Disabling RNG early entropy source...[0m
[0;32mI (161) cpu_start: Multicore app[0m
[0;32mI (171) cpu_start: Pro cpu start user code[0m
[0;32mI (171) cpu_start: cpu freq: 240000000 Hz[0m
[0;32mI (171) app_init: Application information:[0m
[0;32mI (171) app_init: Project name:     Programmerbar_last[0m
[0;32mI (176) app_init: App version:      cb97619-dirty[0m
[0;32mI (180) app_init: Compile time:     Mar 14 2025 11:59:47[0m
[0;32mI (185) app_init: ELF file SHA256:  342e8a490...[0m
[0;32mI (189) app_init: ESP-IDF:          v5.4[0m
[0;32mI (193) efuse_init: Min chip rev:     v0.0[0m
[0;32mI (197) efuse_init: Max chip rev:     v0.99 [0m
[0;32mI (201) efuse_init: Chip rev:         v0.2[0m
[0;32mI (205) heap_init: Initializing. RAM available for dynamic allocation:[0m
[0;32mI (211) heap_init: At 3FC974F0 len 00052220 (328 KiB): RAM[0m
[0;32mI (216) heap_init: At 3FCE9710 len 00005724 (21 KiB): RAM[0m
[0;32mI (221) heap_init: At 3FCF0000 len 00008000 (32 KiB): DRAM[0m
[0;32mI (226) heap_init: At 600FE11C len 00001ECC (7 KiB): RTCRAM[0m
[0;32mI (233) spi_flash: detected chip: gd[0m
[0;32mI (235) spi_flash: flash io: dio[0m
[0;32mI (238) sleep_gpio: Configure to isolate all GPIO pins in sleep state[0m
[0;32mI (244) sleep_gpio: Enable automatic switching of GPIO sleep configuration[0m
[0;32mI (251) main_task: Started on CPU0[0m
[0;32mI (261) main_task: Calling app_main()[0m
[0;32mI (261) FT812: Initializing FT812 Display[0m
[0;32mI (261) gpio: GPIO[36]| InputEn: 0| OutputEn: 0| OpenDrain: 0| Pullup: 1| Pulldown: 0| Intr:0 [0m
[0;32mI (371) FT812: FT812 Chip ID: 0x00[0m
[1;31mE (371) FT812: FT812 not detected! Check connections.[0m
[0;32mI (371) FT812: Configuring FT812...[0m
[0;32mI (381) FT812: FT812 Initialized Successfully[0m
[0;32mI (2381) FT812: Filling screen with red...[0m
[0;32mI (2881) FT812: Red screen applied.[0m
[0;32mI (2881) FT812: Initializing FT812 Display[0m
[0;32mI (2881) gpio: GPIO[36]| InputEn: 0| OutputEn: 0| OpenDrain: 0| Pullup: 1| Pulldown: 0| Intr:0 [0m
[1;31mE (2981) spi: spi_bus_initialize(802): SPI bus already initialized.[0m
ESP_ERROR_CHECK failed: esp_err_t 0x103 (ESP_ERR_INVALID_STATE) at 0x4200992b
file: "./main/main.c" line 141
func: ft812_init
expression: spi_bus_initialize(SPI_HOST, &buscfg, SPI_DMA_CH_AUTO)

abort() was called at PC 0x4037ac53 on core 0


Backtrace: 0x40375b3d:0x3fc99c40 0x4037ac5d:0x3fc99c60 0x40381fa9:0x3fc99c80 0x4037ac53:0x3fc99cf0 0x4200992b:0x3fc99d20 0x420099fb:0x3fc99db0 0x4201b31b:0x3fc99dd0 0x4037b611:0x3fc99e00




ELF file SHA256: 342e8a490

Rebooting...
ESP-ROM:esp32s3-20210327
Build:Mar 27 2021
rst:0xc (RTC_SW_CPU_RST),boot:0x2b (SPI_FAST_FLASH_BOOT)
Saved PC:0x40375a7c
SPIWP:0xee
mode:DIO, clock div:1
load:0x3fce2810,len:0x15a0
load:0x403c8700,len:0x4
load:0x403c8704,len:0xd20
load:0x403cb700,len:0x2ee4
entry 0x403c8928
[0;32mI (26) boot: ESP-IDF v5.4 2nd stage bootloader[0m
[0;32mI (26) boot: compile time Mar 14 2025 11:59:55[0m
[0;32mI (26) boot: Multicore bootloader[0m
[0;32mI (27) boot: chip revision: v0.2[0m
[0;32mI (29) boot: efuse block revision: v1.3[0m
[0;32mI (33) boot.esp32s3: Boot SPI Speed : 80MHz[0m
[0;32mI (37) boot.esp32s3: SPI Mode       : DIO[0m
[0;32mI (40) boot.esp32s3: SPI Flash Size : 8MB[0m
[0;32mI (44) boot: Enabling RNG early entropy source...[0m
[0;32mI (49) boot: Partition Table:[0m
[0;32mI (51) boot: ## Label            Usage          Type ST Offset   Length[0m
[0;32mI (57) boot:  0 nvs              WiFi data        01 02 00009000 00006000[0m
[0;32mI (64) boot:  1 phy_init         RF data          01 01 0000f000 00001000[0m
[0;32mI (70) boot:  2 factory          factory app      00 00 00010000 00100000[0m
[0;32mI (77) boot: End of partition table[0m
[0;32mI (80) esp_image: segment 0: paddr=00010020 vaddr=3c020020 size=0c130h ( 49456) map[0m
[0;32mI (96) esp_image: segment 1: paddr=0001c158 vaddr=3fc94100 size=02b18h ( 11032) load[0m
[0;32mI (99) esp_image: segment 2: paddr=0001ec78 vaddr=40374000 size=013a0h (  5024) load[0m
[0;32mI (104) esp_image: segment 3: paddr=00020020 vaddr=42000020 size=1bebch (114364) map[0m
[0;32mI (130) esp_image: segment 4: paddr=0003bee4 vaddr=403753a0 size=0ecc8h ( 60616) load[0m
[0;32mI (144) esp_image: segment 5: paddr=0004abb4 vaddr=600fe100 size=0001ch (    28) load[0m
[0;32mI (150) boot: Loaded app from partition at offset 0x10000[0m
[0;32mI (150) boot: Disabling RNG early entropy source...[0m
[0;32mI (161) cpu_start: Multicore app[0m
[0;32mI (171) cpu_start: Pro cpu start user code[0m
[0;32mI (171) cpu_start: cpu freq: 240000000 Hz[0m
[0;32mI (171) app_init: Application information:[0m
[0;32mI (171) app_init: Project name:     Programmerbar_last[0m
[0;32mI (176) app_init: App version:      cb97619-dirty[0m
[0;32mI (180) app_init: Compile time:     Mar 14 2025 11:59:47[0m
[0;32mI (185) app_init: ELF file SHA256:  342e8a490...[0m
[0;32mI (189) app_init: ESP-IDF:          v5.4[0m
[0;32mI (193) efuse_init: Min chip rev:     v0.0[0m
[0;32mI (197) efuse_init: Max chip rev:     v0.99 [0m
[0;32mI (201) efuse_init: Chip rev:         v0.2[0m
[0;32mI (205) heap_init: Initializing. RAM available for dynamic allocation:[0m
[0;32mI (211) heap_init: At 3FC974F0 len 00052220 (328 KiB): RAM[0m
[0;32mI (216) heap_init: At 3FCE9710 len 00005724 (21 KiB): RAM[0m
[0;32mI (221) heap_init: At 3FCF0000 len 00008000 (32 KiB): DRAM[0m
[0;32mI (226) heap_init: At 600FE11C len 00001ECC (7 KiB): RTCRAM[0m
[0;32mI (233) spi_flash: detected chip: gd[0m
[0;32mI (235) spi_flash: flash io: dio[0m
[0;32mI (238) sleep_gpio: Configure to isolate all GPIO pins in sleep state[0m
[0;32mI (244) sleep_gpio: Enable automatic switching of GPIO sleep configuration[0m
[0;32mI (251) main_task: Started on CPU0[0m
[0;32mI (261) main_task: Calling app_main()[0m
[0;32mI (261) FT812: Initializing FT812 Display[0m
[0;32mI (261) gpio: GPIO[36]| InputEn: 0| OutputEn: 0| OpenDrain: 0| Pullup: 1| Pulldown: 0| Intr:0 [0m
[0;32mI (371) FT812: FT812 Chip ID: 0x00[0m
[1;31mE (371) FT812: FT812 not detected! Check connections.[0m
[0;32mI (371) FT812: Configuring FT812...[0m
[0;32mI (381) FT812: FT812 Initialized Successfully[0m
[0;32mI (2381) FT812: Filling screen with red...[0m
[0;32mI (2881) FT812: Red screen applied.[0m
[0;32mI (2881) FT812: Initializing FT812 Display[0m
[0;32mI (2881) gpio: GPIO[36]| InputEn: 0| OutputEn: 0| OpenDrain: 0| Pullup: 1| Pulldown: 0| Intr:0 [0m
[1;31mE (2981) spi: spi_bus_initialize(802): SPI bus already initialized.[0m
ESP_ERROR_CHECK failed: esp_err_t 0x103 (ESP_ERR_INVALID_STATE) at 0x4200992b
file: "./main/main.c" line 141
func: ft812_init
expression: spi_bus_initialize(SPI_HOST, &buscfg, SPI_DMA_CH_AUTO)

abort() was called at PC 0x4037ac53 on core 0


Backtrace: 0x40375b3d:0x3fc99c40 0x4037ac5d:0x3fc99c60 0x40381fa9:0x3fc99c80 0x4037ac53:0x3fc99cf0 0x4200992b:0x3fc99d20 0x420099fb:0x3fc99db0 0x4201b31b:0x3fc99dd0 0x4037b611:0x3fc99e00




ELF file SHA256: 342e8a490

Rebooting...
ESP-ROM:esp32s3-20210327
Build:Mar 27 2021
rst:0xc (RTC_SW_CPU_RST),boot:0x2b (SPI_FAST_FLASH_BOOT)
Saved PC:0x40375a7c
SPIWP:0xee
mode:DIO, clock div:1
load:0x3fce2810,len:0x15a0
load:0x403c8700,len:0x4
load:0x403c8704,len:0xd20
load:0x403cb700,len:0x2ee4
entry 0x403c8928
[0;32mI (26) boot: ESP-IDF v5.4 2nd stage bootloader[0m
[0;32mI (26) boot: compile time Mar 14 2025 11:59:55[0m
[0;32mI (26) boot: Multicore bootloader[0m
[0;32mI (27) boot: chip revision: v0.2[0m
[0;32mI (29) boot: efuse block revision: v1.3[0m
[0;32mI (33) boot.esp32s3: Boot SPI Speed : 80MHz[0m
[0;32mI (37) boot.esp32s3: SPI Mode       : DIO[0m
[0;32mI (40) boot.esp32s3: SPI Flash Size : 8MB[0m
[0;32mI (44) boot: Enabling RNG early entropy source...[0m
[0;32mI (49) boot: Partition Table:[0m
[0;32mI (51) boot: ## Label            Usage          Type ST Offset   Length[0m
[0;32mI (57) boot:  0 nvs              WiFi data        01 02 00009000 00006000[0m
[0;32mI (64) boot:  1 phy_init         RF data          01 01 0000f000 00001000[0m
[0;32mI (70) boot:  2 factory          factory app      00 00 00010000 00100000[0m
[0;32mI (77) boot: End of partition table[0m
[0;32mI (80) esp_image: segment 0: paddr=00010020 vaddr=3c020020 size=0c130h ( 49456) map[0m
[0;32mI (96) esp_image: segment 1: paddr=0001c158 vaddr=3fc94100 size=02b18h ( 11032) load[0m
[0;32mI (99) esp_image: segment 2: paddr=0001ec78 vaddr=40374000 size=013a0h (  5024) load[0m
[0;32mI (104) esp_image: segment 3: paddr=00020020 vaddr=42000020 size=1bebch (114364) map[0m
[0;32mI (130) esp_image: segment 4: paddr=0003bee4 vaddr=403753a0 size=0ecc8h ( 60616) load[0m
[0;32mI (144) esp_image: segment 5: paddr=0004abb4 vaddr=600fe100 size=0001ch (    28) load[0m
[0;32mI (150) boot: Loaded app from partition at offset 0x10000[0m
[0;32mI (150) boot: Disabling RNG early entropy source...[0m
[0;32mI (161) cpu_start: Multicore app[0m
[0;32mI (171) cpu_start: Pro cpu start user code[0m
[0;32mI (171) cpu_start: cpu freq: 240000000 Hz[0m
[0;32mI (171) app_init: Application information:[0m
[0;32mI (171) app_init: Project name:     Programmerbar_last[0m
[0;32mI (176) app_init: App version:      cb97619-dirty[0m
[0;32mI (180) app_init: Compile time:     Mar 14 2025 11:59:47[0m
[0;32mI (185) app_init: ELF file SHA256:  342e8a490...[0m
[0;32mI (189) app_init: ESP-IDF:          v5.4[0m
[0;32mI (193) efuse_init: Min chip rev:     v0.0[0m
[0;32mI (197) efuse_init: Max chip rev:     v0.99 [0m
[0;32mI (201) efuse_init: Chip rev:         v0.2[0m
[0;32mI (205) heap_init: Initializing. RAM available for dynamic allocation:[0m
[0;32mI (211) heap_init: At 3FC974F0 len 00052220 (328 KiB): RAM[0m
[0;32mI (216) heap_init: At 3FCE9710 len 00005724 (21 KiB): RAM[0m
[0;32mI (221) heap_init: At 3FCF0000 len 00008000 (32 KiB): DRAM[0m
[0;32mI (226) heap_init: At 600FE11C len 00001ECC (7 KiB): RTCRAM[0m
[0;32mI (233) spi_flash: detected chip: gd[0m
[0;32mI (235) spi_flash: flash io: dio[0m
[0;32mI (238) sleep_gpio: Configure to isolate all GPIO pins in sleep state[0m
[0;32mI (244) sleep_gpio: Enable automatic switching of GPIO sleep configuration[0m
[0;32mI (251) main_task: Started on CPU0[0m
[0;32mI (261) main_task: Calling app_main()[0m
[0;32mI (261) FT812: Initializing FT812 Display[0m
[0;32mI (261) gpio: GPIO[36]| InputEn: 0| OutputEn: 0| OpenDrain: 0| Pullup: 1| Pulldown: 0| Intr:0 [0m
[0;32mI (371) FT812: FT812 Chip ID: 0x00[0m
[1;31mE (371) FT812: FT812 not detected! Check connections.[0m
[0;32mI (371) FT812: Configuring FT812...[0m
[0;32mI (381) FT812: FT812 Initialized Successfully[0m
[0;32mI (2381) FT812: Filling screen with red...[0m
[0;32mI (2881) FT812: Red screen applied.[0m
[0;32mI (2881) FT812: Initializing FT812 Display[0m
[0;32mI (2881) gpio: GPIO[36]| InputEn: 0| OutputEn: 0| OpenDrain: 0| Pullup: 1| Pulldown: 0| Intr:0 [0m
[1;31mE (2981) spi: spi_bus_initialize(802): SPI bus already initialized.[0m
ESP_ERROR_CHECK failed: esp_err_t 0x103 (ESP_ERR_INVALID_STATE) at 0x4200992b
file: "./main/main.c" line 141
func: ft812_init
expression: spi_bus_initialize(SPI_HOST, &buscfg, SPI_DMA_CH_AUTO)

abort() was called at PC 0x4037ac53 on core 0


Backtrace: 0x40375b3d:0x3fc99c40 0x4037ac5d:0x3fc99c60 0x40381fa9:0x3fc99c80 0x4037ac53:0x3fc99cf0 0x4200992b:0x3fc99d20 0x420099fb:0x3fc99db0 0x4201b31b:0x3fc99dd0 0x4037b611:0x3fc99e00




ELF file SHA256: 342e8a490

Rebooting...
ESP-ROM:esp32s3-20210327
Build:Mar 27 2021
rst:0xc (RTC_SW_CPU_RST),boot:0x2b (SPI_FAST_FLASH_BOOT)
Saved PC:0x40375a7c
SPIWP:0xee
mode:DIO, clock div:1
load:0x3fce2810,len:0x15a0
load:0x403c8700,len:0x4
load:0x403c8704,len:0xd20
load:0x403cb700,len:0x2ee4
entry 0x403c8928
[0;32mI (26) boot: ESP-IDF v5.4 2nd stage bootloader[0m
[0;32mI (26) boot: compile time Mar 14 2025 11:59:55[0m
[0;32mI (26) boot: Multicore bootloader[0m
[0;32mI (27) boot: chip revision: v0.2[0m
[0;32mI (29) boot: efuse block revision: v1.3[0m
[0;32mI (33) boot.esp32s3: Boot SPI Speed : 80MHz[0m
[0;32mI (37) boot.esp32s3: SPI Mode       : DIO[0m
[0;32mI (40) boot.esp32s3: SPI Flash Size : 8MB[0m
[0;32mI (44) boot: Enabling RNG early entropy source...[0m
[0;32mI (49) boot: Partition Table:[0m
[0;32mI (51) boot: ## Label            Usage          Type ST Offset   Length[0m
[0;32mI (57) boot:  0 nvs              WiFi data        01 02 00009000 00006000[0m
[0;32mI (64) boot:  1 phy_init         RF data          01 01 0000f000 00001000[0m
[0;32mI (70) boot:  2 factory          factory app      00 00 00010000 00100000[0m
[0;32mI (77) boot: End of partition table[0m
[0;32mI (80) esp_image: segment 0: paddr=00010020 vaddr=3c020020 size=0c130h ( 49456) map[0m
[0;32mI (96) esp_image: segment 1: paddr=0001c158 vaddr=3fc94100 size=02b18h ( 11032) load[0m
[0;32mI (99) esp_image: segment 2: paddr=0001ec78 vaddr=40374000 size=013a0h (  5024) load[0m
[0;32mI (104) esp_image: segment 3: paddr=00020020 vaddr=42000020 size=1bebch (114364) map[0m
[0;32mI (130) esp_image: segment 4: paddr=0003bee4 vaddr=403753a0 size=0ecc8h ( 60616) load[0m
[0;32mI (144) esp_image: segment 5: paddr=0004abb4 vaddr=600fe100 size=0001ch (    28) load[0m
[0;32mI (150) boot: Loaded app from partition at offset 0x10000[0m
[0;32mI (150) boot: Disabling RNG early entropy source...[0m
[0;32mI (161) cpu_start: Multicore app[0m
[0;32mI (171) cpu_start: Pro cpu start user code[0m
[0;32mI (171) cpu_start: cpu freq: 240000000 Hz[0m
[0;32mI (171) app_init: Application information:[0m
[0;32mI (171) app_init: Project name:     Programmerbar_last[0m
[0;32mI (176) app_init: App version:      cb97619-dirty[0m
[0;32mI (180) app_init: Compile time:     Mar 14 2025 11:59:47[0m
[0;32mI (185) app_init: ELF file SHA256:  342e8a490...[0m
[0;32mI (189) app_init: ESP-IDF:          v5.4[0m
[0;32mI (193) efuse_init: Min chip rev:     v0.0[0m
[0;32mI (197) efuse_init: Max chip rev:     v0.99 [0m
[0;32mI (201) efuse_init: Chip rev:         v0.2[0m
[0;32mI (205) heap_init: Initializing. RAM available for dynamic allocation:[0m
[0;32mI (211) heap_init: At 3FC974F0 len 00052220 (328 KiB): RAM[0m
[0;32mI (216) heap_init: At 3FCE9710 len 00005724 (21 KiB): RAM[0m
[0;32mI (221) heap_init: At 3FCF0000 len 00008000 (32 KiB): DRAM[0m
[0;32mI (226) heap_init: At 600FE11C len 00001ECC (7 KiB): RTCRAM[0m
[0;32mI (233) spi_flash: detected chip: gd[0m
[0;32mI (235) spi_flash: flash io: dio[0m
[0;32mI (238) sleep_gpio: Configure to isolate all GPIO pins in sleep state[0m
[0;32mI (244) sleep_gpio: Enable automatic switching of GPIO sleep configuration[0m
[0;32mI (251) main_task: Started on CPU0[0m
[0;32mI (261) main_task: Calling app_main()[0m
[0;32mI (261) FT812: Initializing FT812 Display[0m
[0;32mI (261) gpio: GPIO[36]| InputEn: 0| OutputEn: 0| OpenDrain: 0| Pullup: 1| Pulldown: 0| Intr:0 [0m
[0;32mI (371) FT812: FT812 Chip ID: 0x00[0m
[1;31mE (371) FT812: FT812 not detected! Check connections.[0m
[0;32mI (371) FT812: Configuring FT812...[0m
[0;32mI (381) FT812: FT812 Initialized Successfully[0m
[0;32mI (2381) FT812: Filling screen with red...[0m
[0;32mI (2881) FT812: Red screen applied.[0m
[0;32mI (2881) FT812: Initializing FT812 Display[0m
[0;32mI (2881) gpio: GPIO[36]| InputEn: 0| OutputEn: 0| OpenDrain: 0| Pullup: 1| Pulldown: 0| Intr:0 [0m
[1;31mE (2981) spi: spi_bus_initialize(802): SPI bus already initialized.[0m
ESP_ERROR_CHECK failed: esp_err_t 0x103 (ESP_ERR_INVALID_STATE) at 0x4200992b
file: "./main/main.c" line 141
func: ft812_init
expression: spi_bus_initialize(SPI_HOST, &buscfg, SPI_DMA_CH_AUTO)

abort() was called at PC 0x4037ac53 on core 0


Backtrace: 0x40375b3d:0x3fc99c40 0x4037ac5d:0x3fc99c60 0x40381fa9:0x3fc99c80 0x4037ac53:0x3fc99cf0 0x4200992b:0x3fc99d20 0x420099fb:0x3fc99db0 0x4201b31b:0x3fc99dd0 0x4037b611:0x3fc99e00




ELF file SHA256: 342e8a490

Rebooting...
ESP-ROM:esp32s3-20210327
Build:Mar 27 2021
rst:0xc (RTC_SW_CPU_RST),boot:0x2b (SPI_FAST_FLASH_BOOT)
Saved PC:0x40375a7c
SPIWP:0xee
mode:DIO, clock div:1
load:0x3fce2810,len:0x15a0
load:0x403c8700,len:0x4
load:0x403c8704,len:0xd20
load:0x403cb700,len:0x2ee4
entry 0x403c8928
[0;32mI (26) boot: ESP-IDF v5.4 2nd stage bootloader[0m
[0;32mI (26) boot: compile time Mar 14 2025 11:59:55[0m
[0;32mI (26) boot: Multicore bootloader[0m
[0;32mI (27) boot: chip revision: v0.2[0m
[0;32mI (29) boot: efuse block revision: v1.3[0m
[0;32mI (33) boot.esp32s3: Boot SPI Speed : 80MHz[0m
[0;32mI (37) boot.esp32s3: SPI Mode       : DIO[0m
[0;32mI (40) boot.esp32s3: SPI Flash Size : 8MB[0m
[0;32mI (44) boot: Enabling RNG early entropy source...[0m
[0;32mI (49) boot: Partition Table:[0m
[0;32mI (51) boot: ## Label            Usage          Type ST Offset   Length[0m
[0;32mI (57) boot:  0 nvs              WiFi data        01 02 00009000 00006000[0m
[0;32mI (64) boot:  1 phy_init         RF data          01 01 0000f000 00001000[0m
[0;32mI (70) boot:  2 factory          factory app      00 00 00010000 00100000[0m
[0;32mI (77) boot: End of partition table[0m
[0;32mI (80) esp_image: segment 0: paddr=00010020 vaddr=3c020020 size=0c130h ( 49456) map[0m
[0;32mI (96) esp_image: segment 1: paddr=0001c158 vaddr=3fc94100 size=02b18h ( 11032) load[0m
[0;32mI (99) esp_image: segment 2: paddr=0001ec78 vaddr=40374000 size=013a0h (  5024) load[0m
[0;32mI (104) esp_image: segment 3: paddr=00020020 vaddr=42000020 size=1bebch (114364) map[0m
[0;32mI (130) esp_image: segment 4: paddr=0003bee4 vaddr=403753a0 size=0ecc8h ( 60616) load[0m
[0;32mI (144) esp_image: segment 5: paddr=0004abb4 vaddr=600fe100 size=0001ch (    28) load[0m
[0;32mI (150) boot: Loaded app from partition at offset 0x10000[0m
[0;32mI (150) boot: Disabling RNG early entropy source...[0m
[0;32mI (161) cpu_start: Multicore app[0m
[0;32mI (171) cpu_start: Pro cpu start user code[0m
[0;32mI (171) cpu_start: cpu freq: 240000000 Hz[0m
[0;32mI (171) app_init: Application information:[0m
[0;32mI (171) app_init: Project name:     Programmerbar_last[0m
[0;32mI (176) app_init: App version:      cb97619-dirty[0m
[0;32mI (180) app_init: Compile time:     Mar 14 2025 11:59:47[0m
[0;32mI (185) app_init: ELF file SHA256:  342e8a490...[0m
[0;32mI (189) app_init: ESP-IDF:          v5.4[0m
[0;32mI (193) efuse_init: Min chip rev:     v0.0[0m
[0;32mI (197) efuse_init: Max chip rev:     v0.99 [0m
[0;32mI (201) efuse_init: Chip rev:         v0.2[0m
[0;32mI (205) heap_init: Initializing. RAM available for dynamic allocation:[0m
[0;32mI (211) heap_init: At 3FC974F0 len 00052220 (328 KiB): RAM[0m
[0;32mI (216) heap_init: At 3FCE9710 len 00005724 (21 KiB): RAM[0m
[0;32mI (221) heap_init: At 3FCF0000 len 00008000 (32 KiB): DRAM[0m
[0;32mI (226) heap_init: At 600FE11C len 00001ECC (7 KiB): RTCRAM[0m
[0;32mI (233) spi_flash: detected chip: gd[0m
[0;32mI (235) spi_flash: flash io: dio[0m
[0;32mI (238) sleep_gpio: Configure to isolate all GPIO pins in sleep state[0m
[0;32mI (244) sleep_gpio: Enable automatic switching of GPIO sleep configuration[0m
[0;32mI (251) main_task: Started on CPU0[0m
[0;32mI (261) main_task: Calling app_main()[0m
[0;32mI (261) FT812: Initializing FT812 Display[0m
[0;32mI (261) gpio: GPIO[36]| InputEn: 0| OutputEn: 0| OpenDrain: 0| Pullup: 1| Pulldown: 0| Intr:0 [0m
[0;32mI (371) FT812: FT812 Chip ID: 0x00[0m
[1;31mE (371) FT812: FT812 not detected! Check connections.[0m
[0;32mI (371) FT812: Configuring FT812...[0m
[0;32mI (381) FT812: FT812 Initialized Successfully[0m
[0;32mI (2381) FT812: Filling screen with red...[0m
[0;32mI (2881) FT812: Red screen applied.[0m
[0;32mI (2881) FT812: Initializing FT812 Display[0m
[0;32mI (2881) gpio: GPIO[36]| InputEn: 0| OutputEn: 0| OpenDrain: 0| Pullup: 1| Pulldown: 0| Intr:0 [0m
[1;31mE (2981) spi: spi_bus_initialize(802): SPI bus already initialized.[0m
ESP_ERROR_CHECK failed: esp_err_t 0x103 (ESP_ERR_INVALID_STATE) at 0x4200992b
file: "./main/main.c" line 141
func: ft812_init
expression: spi_bus_initialize(SPI_HOST, &buscfg, SPI_DMA_CH_AUTO)

abort() was called at PC 0x4037ac53 on core 0


Backtrace: 0x40375b3d:0x3fc99c40 0x4037ac5d:0x3fc99c60 0x40381fa9:0x3fc99c80 0x4037ac53:0x3fc99cf0 0x4200992b:0x3fc99d20 0x420099fb:0x3fc99db0 0x4201b31b:0x3fc99dd0 0x4037b611:0x3fc99e00




ELF file SHA256: 342e8a490

Rebooting...
ESP-ROM:esp32s3-20210327
Build:Mar 27 2021
rst:0xc (RTC_SW_CPU_RST),boot:0x2b (SPI_FAST_FLASH_BOOT)
Saved PC:0x40375a7c
SPIWP:0xee
mode:DIO, clock div:1
load:0x3fce2810,len:0x15a0
load:0x403c8700,len:0x4
load:0x403c8704,len:0xd20
load:0x403cb700,len:0x2ee4
entry 0x403c8928
[0;32mI (26) boot: ESP-IDF v5.4 2nd stage bootloader[0m
[0;32mI (26) boot: compile time Mar 14 2025 11:59:55[0m
[0;32mI (26) boot: Multicore bootloader[0m
[0;32mI (27) boot: chip revision: v0.2[0m
[0;32mI (29) boot: efuse block revision: v1.3[0m
[0;32mI (33) boot.esp32s3: Boot SPI Speed : 80MHz[0m
[0;32mI (37) boot.esp32s3: SPI Mode       : DIO[0m
[0;32mI (40) boot.esp32s3: SPI Flash Size : 8MB[0m
[0;32mI (44) boot: Enabling RNG early entropy source...[0m
[0;32mI (49) boot: Partition Table:[0m
[0;32mI (51) boot: ## Label            Usage          Type ST Offset   Length[0m
[0;32mI (57) boot:  0 nvs              WiFi data        01 02 00009000 00006000[0m
[0;32mI (64) boot:  1 phy_init         RF data          01 01 0000f000 00001000[0m
[0;32mI (70) boot:  2 factory          factory app      00 00 00010000 00100000[0m
[0;32mI (77) boot: End of partition table[0m
[0;32mI (80) esp_image: segment 0: paddr=00010020 vaddr=3c020020 size=0c130h ( 49456) map[0m
[0;32mI (96) esp_image: segment 1: paddr=0001c158 vaddr=3fc94100 size=02b18h ( 11032) load[0m
[0;32mI (99) esp_image: segment 2: paddr=0001ec78 vaddr=40374000 size=013a0h (  5024) load[0m
[0;32mI (104) esp_image: segment 3: paddr=00020020 vaddr=42000020 size=1bebch (114364) map[0m
[0;32mI (130) esp_image: segment 4: paddr=0003bee4 vaddr=403753a0 size=0ecc8h ( 60616) load[0m
[0;32mI (144) esp_image: segment 5: paddr=0004abb4 vaddr=600fe100 size=0001ch (    28) load[0m
[0;32mI (150) boot: Loaded app from partition at offset 0x10000[0m
[0;32mI (150) boot: Disabling RNG early entropy source...[0m
[0;32mI (161) cpu_start: Multicore app[0m
[0;32mI (171) cpu_start: Pro cpu start user code[0m
[0;32mI (171) cpu_start: cpu freq: 240000000 Hz[0m
[0;32mI (171) app_init: Application information:[0m
[0;32mI (171) app_init: Project name:     Programmerbar_last[0m
[0;32mI (176) app_init: App version:      cb97619-dirty[0m
[0;32mI (180) app_init: Compile time:     Mar 14 2025 11:59:47[0m
[0;32mI (185) app_init: ELF file SHA256:  342e8a490...[0m
[0;32mI (189) app_init: ESP-IDF:          v5.4[0m
[0;32mI (193) efuse_init: Min chip rev:     v0.0[0m
[0;32mI (197) efuse_init: Max chip rev:     v0.99 [0m
[0;32mI (201) efuse_init: Chip rev:         v0.2[0m
[0;32mI (205) heap_init: Initializing. RAM available for dynamic allocation:[0m
[0;32mI (211) heap_init: At 3FC974F0 len 00052220 (328 KiB): RAM[0m
[0;32mI (216) heap_init: At 3FCE9710 len 00005724 (21 KiB): RAM[0m
[0;32mI (221) heap_init: At 3FCF0000 len 00008000 (32 KiB): DRAM[0m
[0;32mI (226) heap_init: At 600FE11C len 00001ECC (7 KiB): RTCRAM[0m
[0;32mI (233) spi_flash: detected chip: gd[0m
[0;32mI (235) spi_flash: flash io: dio[0m
[0;32mI (238) sleep_gpio: Configure to isolate all GPIO pins in sleep state[0m
[0;32mI (244) sleep_gpio: Enable automatic switching of GPIO sleep configuration[0m
[0;32mI (251) main_task: Started on CPU0[0m
[0;32mI (261) main_task: Calling app_main()[0m
[0;32mI (261) FT812: Initializing FT812 Display[0m
[0;32mI (261) gpio: GPIO[36]| InputEn: 0| OutputEn: 0| OpenDrain: 0| Pullup: 1| Pulldown: 0| Intr:0 [0m
[0;32mI (371) FT812: FT812 Chip ID: 0x00[0m
[1;31mE (371) FT812: FT812 not detected! Check connections.[0m
[0;32mI (371) FT812: Configuring FT812...[0m
[0;32mI (381) FT812: FT812 Initialized Successfully[0m
[0;32mI (2381) FT812: Filling screen with red...[0m
[0;32mI (2881) FT812: Red screen applied.[0m
[0;32mI (2881) FT812: Initializing FT812 Display[0m
[0;32mI (2881) gpio: GPIO[36]| InputEn: 0| OutputEn: 0| OpenDrain: 0| Pullup: 1| Pulldown: 0| Intr:0 [0m
[1;31mE (2981) spi: spi_bus_initialize(802): SPI bus already initialized.[0m
ESP_ERROR_CHECK failed: esp_err_t 0x103 (ESP_ERR_INVALID_STATE) at 0x4200992b
file: "./main/main.c" line 141
func: ft812_init
expression: spi_bus_initialize(SPI_HOST, &buscfg, SPI_DMA_CH_AUTO)

abort() was called at PC 0x4037ac53 on core 0


Backtrace: 0x40375b3d:0x3fc99c40 0x4037ac5d:0x3fc99c60 0x40381fa9:0x3fc99c80 0x4037ac53:0x3fc99cf0 0x4200992b:0x3fc99d20 0x420099fb:0x3fc99db0 0x4201b31b:0x3fc99dd0 0x4037b611:0x3fc99e00




ELF file SHA256: 342e8a490

Rebooting...
ESP-ROM:esp32s3-20210327
Build:Mar 27 2021
rst:0xc (RTC_SW_CPU_RST),boot:0x2b (SPI_FAST_FLASH_BOOT)
Saved PC:0x40375a7c
SPIWP:0xee
mode:DIO, clock div:1
load:0x3fce2810,len:0x15a0
load:0x403c8700,len:0x4
load:0x403c8704,len:0xd20
load:0x403cb700,len:0x2ee4
entry 0x403c8928
[0;32mI (26) boot: ESP-IDF v5.4 2nd stage bootloader[0m
[0;32mI (26) boot: compile time Mar 14 2025 11:59:55[0m
[0;32mI (26) boot: Multicore bootloader[0m
[0;32mI (27) boot: chip revision: v0.2[0m
[0;32mI (29) boot: efuse block revision: v1.3[0m
[0;32mI (33) boot.esp32s3: Boot SPI Speed : 80MHz[0m
[0;32mI (37) boot.esp32s3: SPI Mode       : DIO[0m
[0;32mI (40) boot.esp32s3: SPI Flash Size : 8MB[0m
[0;32mI (44) boot: Enabling RNG early entropy source...[0m
[0;32mI (49) boot: Partition Table:[0m
[0;32mI (51) boot: ## Label            Usage          Type ST Offset   Length[0m
[0;32mI (57) boot:  0 nvs              WiFi data        01 02 00009000 00006000[0m
[0;32mI (64) boot:  1 phy_init         RF data          01 01 0000f000 00001000[0m
[0;32mI (70) boot:  2 factory          factory app      00 00 00010000 00100000[0m
[0;32mI (77) boot: End of partition table[0m
[0;32mI (80) esp_image: segment 0: paddr=00010020 vaddr=3c020020 size=0c130h ( 49456) map[0m
[0;32mI (96) esp_image: segment 1: paddr=0001c158 vaddr=3fc94100 size=02b18h ( 11032) load[0m
[0;32mI (99) esp_image: segment 2: paddr=0001ec78 vaddr=40374000 size=013a0h (  5024) load[0m
[0;32mI (104) esp_image: segment 3: paddr=00020020 vaddr=42000020 size=1bebch (114364) map[0m
[0;32mI (130) esp_image: segment 4: paddr=0003bee4 vaddr=403753a0 size=0ecc8h ( 60616) load[0m
[0;32mI (144) esp_image: segment 5: paddr=0004abb4 vaddr=600fe100 size=0001ch (    28) load[0m
[0;32mI (150) boot: Loaded app from partition at offset 0x10000[0m
[0;32mI (150) boot: Disabling RNG early entropy source...[0m
[0;32mI (161) cpu_start: Multicore app[0m
[0;32mI (171) cpu_start: Pro cpu start user code[0m
[0;32mI (171) cpu_start: cpu freq: 240000000 Hz[0m
[0;32mI (171) app_init: Application information:[0m
[0;32mI (171) app_init: Project name:     Programmerbar_last[0m
[0;32mI (176) app_init: App version:      cb97619-dirty[0m
[0;32mI (180) app_init: Compile time:     Mar 14 2025 11:59:47[0m
[0;32mI (185) app_init: ELF file SHA256:  342e8a490...[0m
[0;32mI (189) app_init: ESP-IDF:          v5.4[0m
[0;32mI (193) efuse_init: Min chip rev:     v0.0[0m
[0;32mI (197) efuse_init: Max chip rev:     v0.99 [0m
[0;32mI (201) efuse_init: Chip rev:         v0.2[0m
[0;32mI (205) heap_init: Initializing. RAM available for dynamic allocation:[0m
[0;32mI (211) heap_init: At 3FC974F0 len 00052220 (328 KiB): RAM[0m
[0;32mI (216) heap_init: At 3FCE9710 len 00005724 (21 KiB): RAM[0m
[0;32mI (221) heap_init: At 3FCF0000 len 00008000 (32 KiB): DRAM[0m
[0;32mI (226) heap_init: At 600FE11C len 00001ECC (7 KiB): RTCRAM[0m
[0;32mI (233) spi_flash: detected chip: gd[0m
[0;32mI (235) spi_flash: flash io: dio[0m
[0;32mI (238) sleep_gpio: Configure to isolate all GPIO pins in sleep state[0m
[0;32mI (244) sleep_gpio: Enable automatic switching of GPIO sleep configuration[0m
[0;32mI (251) main_task: Started on CPU0[0m
[0;32mI (261) main_task: Calling app_main()[0m
[0;32mI (261) FT812: Initializing FT812 Display[0m
