[0;32mI (100) esp_image: segment 2: paddr=0001e068 vaddr=40374000 size) boot: ## Label            Usage ESP-ROM:esp32s3-20210327[0m
Build:Mar 27 2021
rst:0x15 (USB_UART_CHIP_RESET),boot:0xb (SPI_FAST_FLASH_BOOT)
Saved PC:0x40048836
SPIWP:0xee
mode:DIO, clock div:1
load:0x3fce2810,len:0x15a0
load:0x403c8700,len:0x4
load:0x403c8704,len:0xd20
load:0x403cb700,len:0x2ee4
entry 0x403c8928
[0;32mI (26) boot: ESP-IDF v5.4-dirty 2nd stage bootloader[0m
[0;32mI (27) boot: compile time Feb  3 2025 13:29:39[0m
[0;32mI (27) boot: Multicore bootloader[0m
[0;32mI (27) boot: chip revision: v0.2[0m
[0;32mI (30) boot: efuse block revision: v1.3[0m
[0;32mI (34) boot.esp32s3: Boot SPI Speed : 80MHz[0m
[0;32mI (37) boot.esp32s3: SPI Mode       : DIO[0m
[0;32mI (41) boot.esp32s3: SPI Flash Size : 8MB[0m
[0;32mI (45) boot: Enabling RNG early entropy source...[0m
[0;32mI (49) boot: Partition Table:[0m
[0;32mI (52) boot: ## Label            Usage          Type ST Offset   Length[0m
[0;32mI (58) boot:  0 nvs              WiFi data        01 02 00009000 00006000[0m
[0;32mI (65) boot:  1 phy_init         RF data          01 01 0000f000 00001000[0m
[0;32mI (71) boot:  2 factory          factory app      00 00 00010000 00100000[0m
[0;32mI (78) boot: End of partition table[0m
[0;32mI (81) esp_image: segment 0: paddr=00010020 vaddr=3c020020 size=0b608h ( 46600) map[0m
[0;32mI (97) esp_image: segment 1: paddr=0001b630 vaddr=3fc92800 size=02a30h ( 10800) load[0m
[0;32mI (100) esp_image: segment 2: paddr=0001e068 vaddr=40374000 size=01fb0h (  8112) load[0m
[0;32mI (105) esp_image: segment 3: paddr=00020020 vaddr=42000020 size=1afdch (110556) map[0m
[0;32mI (131) esp_image: segment 4: paddr=0003b004 vaddr=40375fb0 size=0c760h ( 51040) load[0m
[0;32mI (142) esp_image: segment 5: paddr=0004776c vaddr=600fe100 size=0001ch (    28) load[0m
[0;32mI (148) boot: Loaded app from partition at offset 0x10000[0m
[0;32mI (148) boot: Disabling RNG early entropy source...[0m
[0;32mI (160) cpu_start: Multicore app[0m
[0;32mI (169) cpu_start: Pro cpu start user code[0m
[0;32mI (169) cpu_start: cpu freq: 240000000 Hz[0m
[0;32mI (169) app_init: Application information:[0m
[0;32mI (169) app_init: Project name:     Programmerbar_last[0m
[0;32mI (174) app_init: App version:      20ce4c2-dirty[0m
[0;32mI (178) app_init: Compile time:     Feb 12 2025 10:24:16[0m
[0;32mI (183) app_init: ELF file SHA256:  1cab46a36...[0m
[0;32mI (188) app_init: ESP-IDF:          v5.4-dirty[0m
[0;32mI (192) efuse_init: Min chip rev:     v0.0[0m
[0;32mI (196) efuse_init: Max chip rev:     v0.99 [0m
[0;32mI (200) efuse_init: Chip rev:         v0.2[0m
[0;32mI (204) heap_init: Initializing. RAM available for dynamic allocation:[0m
[0;32mI (210) heap_init: At 3FC95B10 len 00053C00 (335 KiB): RAM[0m
[0;32mI (215) heap_init: At 3FCE9710 len 00005724 (21 KiB): RAM[0m
[0;32mI (220) heap_init: At 3FCF0000 len 00008000 (32 KiB): DRAM[0m
[0;32mI (225) heap_init: At 600FE11C len 00001ECC (7 KiB): RTCRAM[0m
[0;32mI (231) spi_flash: detected chip: gd[0m
[0;32mI (234) spi_flash: flash io: dio[0m
[0;32mI (237) sleep_gpio: Configure to isolate all GPIO pins in sleep state[0m
[0;32mI (243) sleep_gpio: Enable automatic switching of GPIO sleep configuration[0m
[0;32mI (250) main_task: Started on CPU0[0m
[0;32mI (260) main_task: Calling app_main()[0m
[0;32mI (260) I2C TEST: I2C Address found at 72[0m
[1;31mE (260) i2c.master: i2c_master_transmit(1190): i2c transmit buffer or size invalid[0m
ESP_ERROR_CHECK failed: esp_err_t 0x102 (ESP_ERR_INVALID_ARG) at 0x42009746
file: "./main/main.c" line 53
func: app_main
expression: i2c_master_transmit(dev_handle, I2C_write, sizeof(I2C_write), -1)

abort() was called at PC 0x40379f5f on core 0


Backtrace: 0x40375a81:0x3fc982b0 0x40379f69:0x3fc982d0 0x40380651:0x3fc982f0 0x40379f5f:0x3fc98360 0x42009746:0x3fc98390 0x4201a82f:0x3fc983f0 0x4037a9a1:0x3fc98420




ELF file SHA256: 1cab46a36

Rebooting...
ESP-ROM:esp32s3-20210327
Build:Mar 27 2021
rst:0xc (RTC_SW_CPU_RST),boot:0xb (SPI_FAST_FLASH_BOOT)
Saved PC:0x403759c0
SPIWP:0xee
mode:DIO, clock div:1
load:0x3fce2810,len:0x15a0
load:0x403c8700,len:0x4
load:0x403c8704,len:0xd20
load:0x403cb700,len:0x2ee4
entry 0x403c8928
[0;32mI (26) boot: ESP-IDF v5.4-dirty 2nd stage bootloader[0m
[0;32mI (26) boot: compile time Feb  3 2025 13:29:39[0m
[0;32mI (26) boot: Multicore bootloader[0m
[0;32mI (27) boot: chip revision: v0.2[0m
[0;32mI (29) boot: efuse block revision: v1.3[0m
[0;32mI (33) boot.esp32s3: Boot SPI Speed : 80MHz[0m
[0;32mI (37) boot.esp32s3: SPI Mode       : DIO[0m
[0;32mI (41) boot.esp32s3: SPI Flash Size : 8MB[0m
[0;32mI (44) boot: Enabling RNG early entropy source...[0m
[0;32mI (49) boot: Partition Table:[0m
[0;32mI (52) boot: ## Label            Usage          Type ST Offset   Length[0m
[0;32mI (58) boot:  0 nvs              WiFi data        01 02 00009000 00006000[0m
[0;32mI (64) boot:  1 phy_init         RF data          01 01 0000f000 00001000[0m
[0;32mI (71) boot:  2 factory          factory app      00 00 00010000 00100000[0m
[0;32mI (77) boot: End of partition table[0m
[0;32mI (81) esp_image: segment 0: paddr=00010020 vaddr=3c020020 size=0b608h ( 46600) map[0m
[0;32mI (96) esp_image: segment 1: paddr=0001b630 vaddr=3fc92800 size=02a30h ( 10800) load[0m
[0;32mI (99) esp_image: segment 2: paddr=0001e068 vaddr=40374000 size=01fb0h (  8112) load[0m
[0;32mI (105) esp_image: segment 3: paddr=00020020 vaddr=42000020 size=1afdch (110556) map[0m
[0;32mI (130) esp_image: segment 4: paddr=0003b004 vaddr=40375fb0 size=0c760h ( 51040) load[0m
[0;32mI (141) esp_image: segment 5: paddr=0004776c vaddr=600fe100 size=0001ch (    28) load[0m
[0;32mI (147) boot: Loaded app from partition at offset 0x10000[0m
[0;32mI (148) boot: Disabling RNG early entropy source...[0m
[0;32mI (159) cpu_start: Multicore app[0m
[0;32mI (168) cpu_start: Pro cpu start user code[0m
[0;32mI (168) cpu_start: cpu freq: 240000000 Hz[0m
[0;32mI (168) app_init: Application information:[0m
[0;32mI (169) app_init: Project name:     Programmerbar_last[0m
[0;32mI (173) app_init: App version:      20ce4c2-dirty[0m
[0;32mI (178) app_init: Compile time:     Feb 12 2025 10:24:16[0m
[0;32mI (183) app_init: ELF file SHA256:  1cab46a36...[0m
[0;32mI (187) app_init: ESP-IDF:          v5.4-dirty[0m
[0;32mI (191) efuse_init: Min chip rev:     v0.0[0m
[0;32mI (195) efuse_init: Max chip rev:     v0.99 [0m
[0;32mI (199) efuse_init: Chip rev:         v0.2[0m
[0;32mI (203) heap_init: Initializing. RAM available for dynamic allocation:[0m
[0;32mI (209) heap_init: At 3FC95B10 len 00053C00 (335 KiB): RAM[0m
[0;32mI (214) heap_init: At 3FCE9710 len 00005724 (21 KiB): RAM[0m
[0;32mI (219) heap_init: At 3FCF0000 len 00008000 (32 KiB): DRAM[0m
[0;32mI (225) heap_init: At 600FE11C len 00001ECC (7 KiB): RTCRAM[0m
[0;32mI (231) spi_flash: detected chip: gd[0m
[0;32mI (233) spi_flash: flash io: dio[0m
[0;32mI (236) sleep_gpio: Configure to isolate all GPIO pins in sleep state[0m
[0;32mI (243) sleep_gpio: Enable automatic switching of GPIO sleep configuration[0m
[0;32mI (249) main_task: Started on CPU0[0m
[0;32mI (259) main_task: Calling app_main()[0m
[0;32mI (259) I2C TEST: I2C Address found at 72[0m
[1;31mE (259) i2c.master: i2c_master_transmit(1190): i2c transmit buffer or size invalid[0m
ESP_ERROR_CHECK failed: esp_err_t 0x102 (ESP_ERR_INVALID_ARG) at 0x42009746
file: "./main/main.c" line 53
func: app_main
expression: i2c_master_transmit(dev_handle, I2C_write, sizeof(I2C_write), -1)

abort() was called at PC 0x40379f5f on core 0


Backtrace: 0x40375a81:0x3fc982b0 0x40379f69:0x3fc982d0 0x40380651:0x3fc982f0 0x40379f5f:0x3fc98360 0x42009746:0x3fc98390 0x4201a82f:0x3fc983f0 0x4037a9a1:0x3fc98420




ELF file SHA256: 1cab46a36

Rebooting...
ESP-ROM:esp32s3-20210327
Build:Mar 27 2021
rst:0xc (RTC_SW_CPU_RST),boot:0xb (SPI_FAST_FLASH_BOOT)
Saved PC:0x403759c0
SPIWP:0xee
mode:DIO, clock div:1
load:0x3fce2810,len:0x15a0
load:0x403c8700,len:0x4
load:0x403c8704,len:0xd20
load:0x403cb700,len:0x2ee4
entry 0x403c8928
[0;32mI (26) boot: ESP-IDF v5.4-dirty 2nd stage bootloader[0m
[0;32mI (26) boot: compile time Feb  3 2025 13:29:39[0m
[0;32mI (26) boot: Multicore bootloader[0m
[0;32mI (27) boot: chip revision: v0.2[0m
[0;32mI (29) boot: efuse block revision: v1.3[0m
[0;32mI (33) boot.esp32s3: Boot SPI Speed : 80MHz[0m
[0;32mI (37) boot.esp32s3: SPI Mode       : DIO[0m
[0;32mI (41) boot.esp32s3: SPI Flash Size : 8MB[0m
[0;32mI (44) boot: Enabling RNG early entropy source...[0m
[0;32mI (49) boot: Partition Table:[0m
[0;32mI (52) boot: ## Label            Usage          Type ST Offset   Length[0m
[0;32mI (58) boot:  0 nvs              WiFi data        01 02 00009000 00006000[0m
[0;32mI (64) boot:  1 phy_init         RF data          01 01 0000f000 00001000[0m
[0;32mI (71) boot:  2 factory          factory app      00 00 00010000 00100000[0m
[0;32mI (77) boot: End of partition table[0m
[0;32mI (81) esp_image: segment 0: paddr=00010020 vaddr=3c020020 size=0b608h ( 46600) map[0m
[0;32mI (96) esp_image: segment 1: paddr=0001b630 vaddr=3fc92800 size=02a30h ( 10800) load[0m
[0;32mI (99) esp_image: segment 2: paddr=0001e068 vaddr=40374000 size=01fb0h (  8112) load[0m
[0;32mI (105) esp_image: segment 3: paddr=00020020 vaddr=42000020 size=1afdch (110556) map[0m
[0;32mI (130) esp_image: segment 4: paddr=0003b004 vaddr=40375fb0 size=0c760h ( 51040) load[0m
[0;32mI (141) esp_image: segment 5: paddr=0004776c vaddr=600fe100 size=0001ch (    28) load[0m
[0;32mI (147) boot: Loaded app from partition at offset 0x10000[0m
[0;32mI (148) boot: Disabling RNG early entropy source...[0m
[0;32mI (159) cpu_start: Multicore app[0m
[0;32mI (168) cpu_start: Pro cpu start user code[0m
[0;32mI (168) cpu_start: cpu freq: 240000000 Hz[0m
[0;32mI (168) app_init: Application information:[0m
[0;32mI (169) app_init: Project name:     Programmerbar_last[0m
[0;32mI (173) app_init: App version:      20ce4c2-dirty[0m
[0;32mI (178) app_init: Compile time:     Feb 12 2025 10:24:16[0m
[0;32mI (183) app_init: ELF file SHA256:  1cab46a36...[0m
[0;32mI (187) app_init: ESP-IDF:          v5.4-dirty[0m
[0;32mI (191) efuse_init: Min chip rev:     v0.0[0m
[0;32mI (195) efuse_init: Max chip rev:     v0.99 [0m
[0;32mI (199) efuse_init: Chip rev:         v0.2[0m
[0;32mI (203) heap_init: Initializing. RAM available for dynamic allocation:[0m
[0;32mI (209) heap_init: At 3FC95B10 len 00053C00 (335 KiB): RAM[0m
[0;32mI (214) heap_init: At 3FCE9710 len 00005724 (21 KiB): RAM[0m
[0;32mI (219) heap_init: At 3FCF0000 len 00008000 (32 KiB): DRAM[0m
[0;32mI (225) heap_init: At 600FE11C len 00001ECC (7 KiB): RTCRAM[0m
[0;32mI (231) spi_flash: detected chip: gd[0m
[0;32mI (233) spi_flash: flash io: dio[0m
[0;32mI (236) sleep_gpio: Configure to isolate all GPIO pins in sleep state[0m
[0;32mI (243) sleep_gpio: Enable automatic switching of GPIO sleep configuration[0m
[0;32mI (249) main_task: Started on CPU0[0m
[0;32mI (259) main_task: Calling app_main()[0m
[0;32mI (259) I2C TEST: I2C Address found at 72[0m
[1;31mE (259) i2c.master: i2c_master_transmit(1190): i2c transmit buffer or size invalid[0m
ESP_ERROR_CHECK failed: esp_err_t 0x102 (ESP_ERR_INVALID_ARG) at 0x42009746
file: "./main/main.c" line 53
func: app_main
expression: i2c_master_transmit(dev_handle, I2C_write, sizeof(I2C_write), -1)

abort() was called at PC 0x40379f5f on core 0


Backtrace: 0x40375a81:0x3fc982b0 0x40379f69:0x3fc982d0 0x40380651:0x3fc982f0 0x40379f5f:0x3fc98360 0x42009746:0x3fc98390 0x4201a82f:0x3fc983f0 0x4037a9a1:0x3fc98420




ELF file SHA256: 1cab46a36

Rebooting...
ESP-ROM:esp32s3-20210327
Build:Mar 27 2021
rst:0xc (RTC_SW_CPU_RST),boot:0xb (SPI_FAST_FLASH_BOOT)
Saved PC:0x403759c0
SPIWP:0xee
mode:DIO, clock div:1
load:0x3fce2810,len:0x15a0
load:0x403c8700,len:0x4
load:0x403c8704,len:0xd20
load:0x403cb700,len:0x2ee4
entry 0x403c8928
[0;32mI (26) boot: ESP-IDF v5.4-dirty 2nd stage bootloader[0m
[0;32mI (26) boot: compile time Feb  3 2025 13:29:39[0m
[0;32mI (26) boot: Multicore bootloader[0m
[0;32mI (27) boot: chip revision: v0.2[0m
[0;32mI (29) boot: efuse block revision: v1.3[0m
[0;32mI (33) boot.esp32s3: Boot SPI Speed : 80MHz[0m
[0;32mI (37) boot.esp32s3: SPI Mode       : DIO[0m
[0;32mI (41) boot.esp32s3: SPI Flash Size : 8MB[0m
[0;32mI (44) boot: Enabling RNG early entropy source...[0m
[0;32mI (49) boot: Partition Table:[0m
[0;32mI (52) boot: ## Label            Usage          Type ST Offset   Length[0m
[0;32mI (58) boot:  0 nvs              WiFi data        01 02 00009000 00006000[0m
[0;32mI (64) boot:  1 phy_init         RF data          01 01 0000f000 00001000[0m
[0;32mI (71) boot:  2 factory          factory app      00 00 00010000 00100000[0m
[0;32mI (77) boot: End of partition table[0m
[0;32mI (81) esp_image: segment 0: paddr=00010020 vaddr=3c020020 size=0b608h ( 46600) map[0m
[0;32mI (96) esp_image: segment 1: paddr=0001b630 vaddr=3fc92800 size=02a30h ( 10800) load[0m
[0;32mI (99) esp_image: segment 2: paddr=0001e068 vaddr=40374000 size=01fb0h (  8112) load[0m
[0;32mI (105) esp_image: segment 3: paddr=00020020 vaddr=42000020 size=1afdch (110556) map[0m
[0;32mI (130) esp_image: segment 4: paddr=0003b004 vaddr=40375fb0 size=0c760h ( 51040) load[0m
[0;32mI (141) esp_image: segment 5: paddr=0004776c vaddr=600fe100 size=0001ch (    28) load[0m
[0;32mI (147) boot: Loaded app from partition at offset 0x10000[0m
[0;32mI (148) boot: Disabling RNG early entropy source...[0m
[0;32mI (159) cpu_start: Multicore app[0m
[0;32mI (168) cpu_start: Pro cpu start user code[0m
[0;32mI (168) cpu_start: cpu freq: 240000000 Hz[0m
[0;32mI (168) app_init: Application information:[0m
[0;32mI (169) app_init: Project name:     Programmerbar_last[0m
[0;32mI (173) app_init: App version:      20ce4c2-dirty[0m
[0;32mI (178) app_init: Compile time:     Feb 12 2025 10:24:16[0m
[0;32mI (183) app_init: ELF file SHA256:  1cab46a36...[0m
[0;32mI (187) app_init: ESP-IDF:          v5.4-dirty[0m
[0;32mI (191) efuse_init: Min chip rev:     v0.0[0m
[0;32mI (195) efuse_init: Max chip rev:     v0.99 [0m
[0;32mI (199) efuse_init: Chip rev:         v0.2[0m
[0;32mI (203) heap_init: Initializing. RAM available for dynamic allocation:[0m
[0;32mI (209) heap_init: At 3FC95B10 len 00053C00 (335 KiB): RAM[0m
[0;32mI (214) heap_init: At 3FCE9710 len 00005724 (21 KiB): RAM[0m
[0;32mI (219) heap_init: At 3FCF0000 len 00008000 (32 KiB): DRAM[0m
[0;32mI (225) heap_init: At 600FE11C len 00001ECC (7 KiB): RTCRAM[0m
[0;32mI (231) spi_flash: detected chip: gd[0m
[0;32mI (233) spi_flash: flash io: dio[0m
[0;32mI (236) sleep_gpio: Configure to isolate all GPIO pins in sleep state[0m
[0;32mI (243) sleep_gpio: Enable automatic switching of GPIO sleep configuration[0m
[0;32mI (249) main_task: Started on CPU0[0m
[0;32mI (259) main_task: Calling app_main()[0m
[0;32mI (259) I2C TEST: I2C Address found at 72[0m
[1;31mE (259) i2c.master: i2c_master_transmit(1190): i2c transmit buffer or size invalid[0m
ESP_ERROR_CHECK failed: esp_err_t 0x102 (ESP_ERR_INVALID_ARG) at 0x42009746
file: "./main/main.c" line 53
func: app_main
expression: i2c_master_transmit(dev_handle, I2C_write, sizeof(I2C_write), -1)

abort() was called at PC 0x40379f5f on core 0


Backtrace: 0x40375a81:0x3fc982b0 0x40379f69:0x3fc982d0 0x40380651:0x3fc982f0 0x40379f5f:0x3fc98360 0x42009746:0x3fc98390 0x4201a82f:0x3fc983f0 0x4037a9a1:0x3fc98420




ELF file SHA256: 1cab46a36

Rebooting...
ESP-ROM:esp32s3-20210327
Build:Mar 27 2021
rst:0xc (RTC_SW_CPU_RST),boot:0xb (SPI_FAST_FLASH_BOOT)
Saved PC:0x403759c0
SPIWP:0xee
mode:DIO, clock div:1
load:0x3fce2810,len:0x15a0
load:0x403c8700,len:0x4
load:0x403c8704,len:0xd20
load:0x403cb700,len:0x2ee4
entry 0x403c8928
[0;32mI (26) boot: ESP-IDF v5.4-dirty 2nd stage bootloader[0m
[0;32mI (26) boot: compile time Feb  3 2025 13:29:39[0m
[0;32mI (26) boot: Multicore bootloader[0m
[0;32mI (27) boot: chip revision: v0.2[0m
[0;32mI (29) boot: efuse block revision: v1.3[0m
[0;32mI (33) boot.esp32s3: Boot SPI Speed : 80MHz[0m
[0;32mI (37) boot.esp32s3: SPI Mode       : DIO[0m
[0;32mI (41) boot.esp32s3: SPI Flash Size : 8MB[0m
[0;32mI (44) boot: Enabling RNG early entropy source...[0m
[0;32mI (49) boot: Partition Table:[0m
[0;32mI (52) boot: ## Label            Usage          Type ST Offset   Length[0m
[0;32mI (58) boot:  0 nvs              WiFi data        01 02 00009000 00006000[0m
[0;32mI (64) boot:  1 phy_init         RF data          01 01 0000f000 00001000[0m
[0;32mI (71) boot:  2 factory          factory app      00 00 00010000 00100000[0m
[0;32mI (77) boot: End of partition table[0m
[0;32mI (81) esp_image: segment 0: paddr=00010020 vaddr=3c020020 size=0b608h ( 46600) map[0m
[0;32mI (96) esp_image: segment 1: paddr=0001b630 vaddr=3fc92800 size=02a30h ( 10800) load[0m
[0;32mI (99) esp_image: segment 2: paddr=0001e068 vaddr=40374000 size=01fb0h (  8112) load[0m
[0;32mI (105) esp_image: segment 3: paddr=00020020 vaddr=42000020 size=1afdch (110556) map[0m
[0;32mI (130) esp_image: segment 4: paddr=0003b004 vaddr=40375fb0 size=0c760h ( 51040) load[0m
[0;32mI (141) esp_image: segment 5: paddr=0004776c vaddr=600fe100 size=0001ch (    28) load[0m
[0;32mI (147) boot: Loaded app from partition at offset 0x10000[0m
[0;32mI (148) boot: Disabling RNG early entropy source...[0m
[0;32mI (159) cpu_start: Multicore app[0m
[0;32mI (168) cpu_start: Pro cpu start user code[0m
[0;32mI (168) cpu_start: cpu freq: 240000000 Hz[0m
[0;32mI (168) app_init: Application information:[0m
[0;32mI (169) app_init: Project name:     Programmerbar_last[0m
[0;32mI (173) app_init: App version:      20ce4c2-dirty[0m
[0;32mI (178) app_init: Compile time:     Feb 12 2025 10:24:16[0m
[0;32mI (183) app_init: ELF file SHA256:  1cab46a36...[0m
[0;32mI (187) app_init: ESP-IDF:          v5.4-dirty[0m
[0;32mI (191) efuse_init: Min chip rev:     v0.0[0m
[0;32mI (195) efuse_init: Max chip rev:     v0.99 [0m
[0;32mI (199) efuse_init: Chip rev:         v0.2[0m
[0;32mI (203) heap_init: Initializing. RAM available for dynamic allocation:[0m
[0;32mI (209) heap_init: At 3FC95B10 len 00053C00 (335 KiB): RAM[0m
[0;32mI (214) heap_init: At 3FCE9710 len 00005724 (21 KiB): RAM[0m
[0;32mI (219) heap_init: At 3FCF0000 len 00008000 (32 KiB): DRAM[0m
[0;32mI (225) heap_init: At 600FE11C len 00001ECC (7 KiB): RTCRAM[0m
[0;32mI (231) spi_flash: detected chip: gd[0m
[0;32mI (233) spi_flash: flash io: dio[0m
[0;32mI (236) sleep_gpio: Configure to isolate all GPIO pins in sleep state[0m
[0;32mI (243) sleep_gpio: Enable automatic switching of GPIO sleep configuration[0m
[0;32mI (249) main_task: Started on CPU0[0m
[0;32mI (259) main_task: Calling app_main()[0m
[0;32mI (259) I2C TEST: I2C Address found at 72[0m
[1;31mE (259) i2c.master: i2c_master_transmit(1190): i2c transmit buffer or size invalid[0m
ESP_ERROR_CHECK failed: esp_err_t 0x102 (ESP_ERR_INVALID_ARG) at 0x42009746
file: "./main/main.c" line 53
func: app_main
expression: i2c_master_transmit(dev_handle, I2C_write, sizeof(I2C_write), -1)

abort() was called at PC 0x40379f5f on core 0


Backtrace: 0x40375a81:0x3fc982b0 0x40379f69:0x3fc982d0 0x40380651:0x3fc982f0 0x40379f5f:0x3fc98360 0x42009746:0x3fc98390 0x4201a82f:0x3fc983f0 0x4037a9a1:0x3fc98420




ELF file SHA256: 1cab46a36

Rebooting...
ESP-ROM:esp32s3-20210327
Build:Mar 27 2021
rst:0xc (RTC_SW_CPU_RST),boot:0xb (SPI_FAST_FLASH_BOOT)
Saved PC:0x403759c0
SPIWP:0xee
mode:DIO, clock div:1
load:0x3fce2810,len:0x15a0
load:0x403c8700,len:0x4
load:0x403c8704,len:0xd20
load:0x403cb700,len:0x2ee4
entry 0x403c8928
[0;32mI (26) boot: ESP-IDF v5.4-dirty 2nd stage bootloader[0m
[0;32mI (26) boot: compile time Feb  3 2025 13:29:39[0m
[0;32mI (26) boot: Multicore bootloader[0m
[0;32mI (27) boot: chip revision: v0.2[0m
[0;32mI (29) boot: efuse block revision: v1.3[0m
[0;32mI (33) boot.esp32s3: Boot SPI Speed : 80MHz[0m
[0;32mI (37) boot.esp32s3: SPI Mode       : DIO[0m
[0;32mI (41) boot.esp32s3: SPI Flash Size : 8MB[0m
[0;32mI (44) boot: Enabling RNG early entropy source...[0m
[0;32mI (49) boot: Partition Table:[0m
[0;32mI (52) boot: ## Label            Usage          Type ST Offset   Length[0m
[0;32mI (58) boot:  0 nvs              WiFi data        01 02 00009000 00006000[0m
[0;32mI (64) boot:  1 phy_init         RF data          01 01 0000f000 00001000[0m
[0;32mI (71) boot:  2 factory          factory app      00 00 00010000 00100000[0m
[0;32mI (77) boot: End of partition table[0m
[0;32mI (81) esp_image: segment 0: paddr=00010020 vaddr=3c020020 size=0b608h ( 46600) map[0m
[0;32mI (96) esp_image: segment 1: paddr=0001b630 vaddr=3fc92800 size=02a30h ( 10800) load[0m
[0;32mI (99) esp_image: segment 2: paddr=0001e068 vaddr=40374000 size=01fb0h (  8112) load[0m
[0;32mI (105) esp_image: segment 3: paddr=00020020 vaddr=42000020 size=1afdch (110556) map[0m
[0;32mI (130) esp_image: segment 4: paddr=0003b004 vaddr=40375fb0 size=0c760h ( 51040) load[0m
[0;32mI (141) esp_image: segment 5: paddr=0004776c vaddr=600fe100 size=0001ch (    28) load[0m
[0;32mI (147) boot: Loaded app from partition at offset 0x10000[0m
[0;32mI (148) boot: Disabling RNG early entropy source...[0m
[0;32mI (159) cpu_start: Multicore app[0m
[0;32mI (168) cpu_start: Pro cpu start user code[0m
[0;32mI (168) cpu_start: cpu freq: 240000000 Hz[0m
[0;32mI (168) app_init: Application information:[0m
[0;32mI (169) app_init: Project name:     Programmerbar_last[0m
[0;32mI (173) app_init: App version:      20ce4c2-dirty[0m
[0;32mI (178) app_init: Compile time:     Feb 12 2025 10:24:16[0m
[0;32mI (183) app_init: ELF file SHA256:  1cab46a36...[0m
[0;32mI (187) app_init: ESP-IDF:          v5.4-dirty[0m
[0;32mI (191) efuse_init: Min chip rev:     v0.0[0m
[0;32mI (195) efuse_init: Max chip rev:     v0.99 [0m
[0;32mI (199) efuse_init: Chip rev:         v0.2[0m
[0;32mI (203) heap_init: Initializing. RAM available for dynamic allocation:[0m
[0;32mI (209) heap_init: At 3FC95B10 len 00053C00 (335 KiB): RAM[0m
[0;32mI (214) heap_init: At 3FCE9710 len 00005724 (21 KiB): RAM[0m
[0;32mI (219) heap_init: At 3FCF0000 len 00008000 (32 KiB): DRAM[0m
[0;32mI (225) heap_init: At 600FE11C len 00001ECC (7 KiB): RTCRAM[0m
[0;32mI (231) spi_flash: detected chip: gd[0m
[0;32mI (233) spi_flash: flash io: dio[0m
[0;32mI (236) sleep_gpio: Configure to isolate all GPIO pins in sleep state[0m
[0;32mI (243) sleep_gpio: Enable automatic switching of GPIO sleep configuration[0m
[0;32mI (249) main_task: Started on CPU0[0m
[0;32mI (259) main_task: Calling app_main()[0m
[0;32mI (259) I2C TEST: I2C Address found at 72[0m
[1;31mE (259) i2c.master: i2c_master_transmit(1190): i2c transmit buffer or size invalid[0m
ESP_ERROR_CHECK failed: esp_err_t 0x102 (ESP_ERR_INVALID_ARG) at 0x42009746
file: "./main/main.c" line 53
func: app_main
expression: i2c_master_transmit(dev_handle, I2C_write, sizeof(I2C_write), -1)

abort() was called at PC 0x40379f5f on core 0


Backtrace: 0x40375a81:0x3fc982b0 0x40379f69:0x3fc982d0 0x40380651:0x3fc982f0 0x40379f5f:0x3fc98360 0x42009746:0x3fc98390 0x4201a82f:0x3fc983f0 0x4037a9a1:0x3fc98420




ELF file SHA256: 1cab46a36

Rebooting...
ESP-ROM:esp32s3-20210327
Build:Mar 27 2021
rst:0xc (RTC_SW_CPU_RST),boot:0xb (SPI_FAST_FLASH_BOOT)
Saved PC:0x403759c0
SPIWP:0xee
mode:DIO, clock div:1
load:0x3fce2810,len:0x15a0
load:0x403c8700,len:0x4
load:0x403c8704,len:0xd20
load:0x403cb700,len:0x2ee4
entry 0x403c8928
[0;32mI (26) boot: ESP-IDF v5.4-dirty 2nd stage bootloader[0m
[0;32mI (26) boot: compile time Feb  3 2025 13:29:39[0m
[0;32mI (26) boot: Multicore bootloader[0m
[0;32mI (27) boot: chip revision: v0.2[0m
[0;32mI (29) boot: efuse block revision: v1.3[0m
[0;32mI (33) boot.esp32s3: Boot SPI Speed : 80MHz[0m
[0;32mI (37) boot.esp32s3: SPI Mode       : DIO[0m
[0;32mI (41) boot.esp32s3: SPI Flash Size : 8MB[0m
[0;32mI (44) boot: Enabling RNG early entropy source...[0m
[0;32mI (49) boot: Partition Table:[0m
[0;32mI (52) boot: ## Label            Usage          Type ST Offset   Length[0m
[0;32mI (58) boot:  0 nvs              WiFi data        01 02 00009000 00006000[0m
[0;32mI (64) boot:  1 phy_init         RF data          01 01 0000f000 00001000[0m
[0;32mI (71) boot:  2 factory          factory app      00 00 00010000 00100000[0m
[0;32mI (77) boot: End of partition table[0m
[0;32mI (81) esp_image: segment 0: paddr=00010020 vaddr=3c020020 size=0b608h ( 46600) map[0m
[0;32mI (96) esp_image: segment 1: paddr=0001b630 vaddr=3fc92800 size=02a30h ( 10800) load[0m
[0;32mI (99) esp_image: segment 2: paddr=0001e068 vaddr=40374000 size=01fb0h (  8112) load[0m
[0;32mI (105) esp_image: segment 3: paddr=00020020 vaddr=42000020 size=1afdch (110556) map[0m
[0;32mI (130) esp_image: segment 4: paddr=0003b004 vaddr=40375fb0 size=0c760h ( 51040) load[0m
[0;32mI (142) esp_image: segment 5: paddr=0004776c vaddr=600fe100 size=0001ch (    28) load[0m
[0;32mI (147) boot: Loaded app from partition at offset 0x10000[0m
[0;32mI (148) boot: Disabling RNG early entropy source...[0m
[0;32mI (159) cpu_start: Multicore app[0m
[0;32mI (168) cpu_start: Pro cpu start user code[0m
[0;32mI (168) cpu_start: cpu freq: 240000000 Hz[0m
[0;32mI (169) app_init: Application information:[0m
[0;32mI (169) app_init: Project name:     Programmerbar_last[0m
[0;32mI (173) app_init: App version:      20ce4c2-dirty[0m
[0;32mI (178) app_init: Compile time:     Feb 12 2025 10:24:16[0m
[0;32mI (183) app_init: ELF file SHA256:  1cab46a36...[0m
[0;32mI (187) app_init: ESP-IDF:          v5.4-dirty[0m
[0;32mI (191) efuse_init: Min chip rev:     v0.0[0m
[0;32mI (195) efuse_init: Max chip rev:     v0.99 [0m
[0;32mI (199) efuse_init: Chip rev:         v0.2[0m
[0;32mI (203) heap_init: Initializing. RAM available for dynamic allocation:[0m
[0;32mI (209) heap_init: At 3FC95B10 len 00053C00 (335 KiB): RAM[0m
[0;32mI (214) heap_init: At 3FCE9710 len 00005724 (21 KiB): RAM[0m
[0;32mI (220) heap_init: At 3FCF0000 len 00008000 (32 KiB): DRAM[0m
[0;32mI (225) heap_init: At 600FE11C len 00001ECC (7 KiB): RTCRAM[0m
[0;32mI (231) spi_flash: detected chip: gd[0m
[0;32mI (233) spi_flash: flash io: dio[0m
[0;32mI (236) sleep_gpio: Configure to isolate all GPIO pins in sleep state[0m
[0;32mI (243) sleep_gpio: Enable automatic switching of GPIO sleep configuration[0m
[0;32mI (249) main_task: Started on CPU0[0m
[0;32mI (259) main_task: Calling app_main()[0m
[0;32mI (259) I2C TEST: I2C Address found at 72[0m
[1;31mE (259) i2c.master: i2c_master_transmit(1190): i2c transmit buffer or size invalid[0m
ESP_ERROR_CHECK failed: esp_err_t 0x102 (ESP_ERR_INVALID_ARG) at 0x42009746
file: "./main/main.c" line 53
func: app_main
expression: i2c_master_transmit(dev_handle, I2C_write, sizeof(I2C_write), -1)

abort() was called at PC 0x40379f5f on core 0


Backtrace: 0x40375a81:0x3fc982b0 0x40379f69:0x3fc982d0 0x40380651:0x3fc982f0 0x40379f5f:0x3fc98360 0x42009746:0x3fc98390 0x4201a82f:0x3fc983f0 0x4037a9a1:0x3fc98420




ELF file SHA256: 1cab46a36

Rebooting...
ESP-ROM:esp32s3-20210327
Build:Mar 27 2021
rst:0xc (RTC_SW_CPU_RST),boot:0xb (SPI_FAST_FLASH_BOOT)
Saved PC:0x403759c0
SPIWP:0xee
mode:DIO, clock div:1
load:0x3fce2810,len:0x15a0
load:0x403c8700,len:0x4
load:0x403c8704,len:0xd20
load:0x403cb700,len:0x2ee4
entry 0x403c8928
[0;32mI (26) boot: ESP-IDF v5.4-dirty 2nd stage bootloader[0m
[0;32mI (26) boot: compile time Feb  3 2025 13:29:39[0m
[0;32mI (26) boot: Multicore bootloader[0m
[0;32mI (27) boot: chip revision: v0.2[0m
[0;32mI (29) boot: efuse block revision: v1.3[0m
[0;32mI (33) boot.esp32s3: Boot SPI Speed : 80MHz[0m
[0;32mI (37) boot.esp32s3: SPI Mode       : DIO[0m
[0;32mI (41) boot.esp32s3: SPI Flash Size : 8MB[0m
[0;32mI (44) boot: Enabling RNG early entropy source...[0m
[0;32mI (49) boot: Partition Table:[0m
[0;32mI (52) boot: ## Label            Usage          Type ST Offset   Length[0m
[0;32mI (58) boot:  0 nvs              WiFi data        01 02 00009000 00006000[0m
[0;32mI (64) boot:  1 phy_init         RF data          01 01 0000f000 00001000[0m
[0;32mI (71) boot:  2 factory          factory app      00 00 00010000 00100000[0m
[0;32mI (77) boot: End of partition table[0m
[0;32mI (81) esp_image: segment 0: paddr=00010020 vaddr=3c020020 size=0b608h ( 46600) map[0m
[0;32mI (96) esp_image: segment 1: paddr=0001b630 vaddr=3fc92800 size=02a30h ( 10800) load[0m
[0;32mI (99) esp_image: segment 2: paddr=0001e068 vaddr=40374000 size=01fb0h (  8112) load[0m
[0;32mI (105) esp_image: segment 3: paddr=00020020 vaddr=42000020 size=1afdch (110556) map[0m
[0;32mI (130) esp_image: segment 4: paddr=0003b004 vaddr=40375fb0 size=0c760h ( 51040) load[0m
[0;32mI (141) esp_image: segment 5: paddr=0004776c vaddr=600fe100 size=0001ch (    28) load[0m
[0;32mI (147) boot: Loaded app from partition at offset 0x10000[0m
[0;32mI (148) boot: Disabling RNG early entropy source...[0m
[0;32mI (159) cpu_start: Multicore app[0m
[0;32mI (168) cpu_start: Pro cpu start user code[0m
[0;32mI (168) cpu_start: cpu freq: 240000000 Hz[0m
[0;32mI (168) app_init: Application information:[0m
[0;32mI (169) app_init: Project name:     Programmerbar_last[0m
[0;32mI (173) app_init: App version:      20ce4c2-dirty[0m
[0;32mI (178) app_init: Compile time:     Feb 12 2025 10:24:16[0m
[0;32mI (183) app_init: ELF file SHA256:  1cab46a36...[0m
[0;32mI (187) app_init: ESP-IDF:          v5.4-dirty[0m
[0;32mI (191) efuse_init: Min chip rev:     v0.0[0m
[0;32mI (195) efuse_init: Max chip rev:     v0.99 [0m
[0;32mI (199) efuse_init: Chip rev:         v0.2[0m
[0;32mI (203) heap_init: Initializing. RAM available for dynamic allocation:[0m
[0;32mI (209) heap_init: At 3FC95B10 len 00053C00 (335 KiB): RAM[0m
[0;32mI (214) heap_init: At 3FCE9710 len 00005724 (21 KiB): RAM[0m
[0;32mI (219) heap_init: At 3FCF0000 len 00008000 (32 KiB): DRAM[0m
[0;32mI (225) heap_init: At 600FE11C len 00001ECC (7 KiB): RTCRAM[0m
[0;32mI (231) spi_flash: detected chip: gd[0m
[0;32mI (233) spi_flash: flash io: dio[0m
[0;32mI (236) sleep_gpio: Configure to isolate all GPIO pins in sleep state[0m
[0;32mI (243) sleep_gpio: Enable automatic switching of GPIO sleep configuration[0m
[0;32mI (249) main_task: Started on CPU0[0m
[0;32mI (259) main_task: Calling app_main()[0m
[0;32mI (259) I2C TEST: I2C Address found at 72[0m
[1;31mE (259) i2c.master: i2c_master_transmit(1190): i2c transmit buffer or size invalid[0m
ESP_ERROR_CHECK failed: esp_err_t 0x102 (ESP_ERR_INVALID_ARG) at 0x42009746
file: "./main/main.c" line 53
func: app_main
expression: i2c_master_transmit(dev_handle, I2C_write, sizeof(I2C_write), -1)

abort() was called at PC 0x40379f5f on core 0


Backtrace: 0x40375a81:0x3fc982b0 0x40379f69:0x3fc982d0 0x40380651:0x3fc982f0 0x40379f5f:0x3fc98360 0x42009746:0x3fc98390 0x4201a82f:0x3fc983f0 0x4037a9a1:0x3fc98420




ELF file SHA256: 1cab46a36

Rebooting...
ESP-ROM:esp32s3-20210327
Build:Mar 27 2021
rst:0xc (RTC_SW_CPU_RST),boot:0xb (SPI_FAST_FLASH_BOOT)
Saved PC:0x403759c0
SPIWP:0xee
mode:DIO, clock div:1
load:0x3fce2810,len:0x15a0
load:0x403c8700,len:0x4
load:0x403c8704,len:0xd20
load:0x403cb700,len:0x2ee4
entry 0x403c8928
[0;32mI (26) boot: ESP-IDF v5.4-dirty 2nd stage bootloader[0m
[0;32mI (26) boot: compile time Feb  3 2025 13:29:39[0m
[0;32mI (26) boot: Multicore bootloader[0m
[0;32mI (27) boot: chip revision: v0.2[0m
[0;32mI (29) boot: efuse block revision: v1.3[0m
[0;32mI (33) boot.esp32s3: Boot SPI Speed : 80MHz[0m
[0;32mI (37) boot.esp32s3: SPI Mode       : DIO[0m
[0;32mI (41) boot.esp32s3: SPI Flash Size : 8MB[0m
[0;32mI (44) boot: Enabling RNG early entropy source...[0m
[0;32mI (49) boot: Partition Table:[0m
[0;32mI (52) boot: ## Label            Usage          Type ST Offset   Length[0m
[0;32mI (58) boot:  0 nvs              WiFi data        01 02 00009000 00006000[0m
[0;32mI (64) boot:  1 phy_init         RF data          01 01 0000f000 00001000[0m
[0;32mI (71) boot:  2 factory          factory app      00 00 00010000 00100000[0m
[0;32mI (77) boot: End of partition table[0m
[0;32mI (81) esp_image: segment 0: paddr=00010020 vaddr=3c020020 size=0b608h ( 46600) map[0m
[0;32mI (96) esp_image: segment 1: paddr=0001b630 vaddr=3fc92800 size=02a30h ( 10800) load[0m
[0;32mI (99) esp_image: segment 2: paddr=0001e068 vaddr=40374000 size=01fb0h (  8112) load[0m
[0;32mI (105) esp_image: segment 3: paddr=00020020 vaddr=42000020 size=1afdch (110556) map[0m
[0;32mI (130) esp_image: segment 4: paddr=0003b004 vaddr=40375fb0 size=0c760h ( 51040) load[0m
[0;32mI (141) esp_image: segment 5: paddr=0004776c vaddr=600fe100 size=0001ch (    28) load[0m
[0;32mI (147) boot: Loaded app from partition at offset 0x10000[0m
[0;32mI (148) boot: Disabling RNG early entropy source...[0m
[0;32mI (159) cpu_start: Multicore app[0m
[0;32mI (168) cpu_start: Pro cpu start user code[0m
[0;32mI (168) cpu_start: cpu freq: 240000000 Hz[0m
[0;32mI (168) app_init: Application information:[0m
[0;32mI (169) app_init: Project name:     Programmerbar_last[0m
[0;32mI (173) app_init: App version:      20ce4c2-dirty[0m
[0;32mI (178) app_init: Compile time:     Feb 12 2025 10:24:16[0m
[0;32mI (183) app_init: ELF file SHA256:  1cab46a36...[0m
[0;32mI (187) app_init: ESP-IDF:          v5.4-dirty[0m
[0;32mI (191) efuse_init: Min chip rev:     v0.0[0m
[0;32mI (195) efuse_init: Max chip rev:     v0.99 [0m
[0;32mI (199) efuse_init: Chip rev:         v0.2[0m
[0;32mI (203) heap_init: Initializing. RAM available for dynamic allocation:[0m
[0;32mI (209) heap_init: At 3FC95B10 len 00053C00 (335 KiB): RAM[0m
[0;32mI (214) heap_init: At 3FCE9710 len 00005724 (21 KiB): RAM[0m
[0;32mI (219) heap_init: At 3FCF0000 len 00008000 (32 KiB): DRAM[0m
[0;32mI (225) heap_init: At 600FE11C len 00001ECC (7 KiB): RTCRAM[0m
[0;32mI (231) spi_flash: detected chip: gd[0m
[0;32mI (233) spi_flash: flash io: dio[0m
[0;32mI (236) sleep_gpio: Configure to isolate all GPIO pins in sleep state[0m
[0;32mI (243) sleep_gpio: Enable automatic switching of GPIO sleep configuration[0m
[0;32mI (249) main_task: Started on CPU0[0m
[0;32mI (259) main_task: Calling app_main()[0m
[0;32mI (259) I2C TEST: I2C Address found at 72[0m
[1;31mE (259) i2c.master: i2c_master_transmit(1190): i2c transmit buffer or size invalid[0m
ESP_ERROR_CHECK failed: esp_err_t 0x102 (ESP_ERR_INVALID_ARG) at 0x42009746
file: "./main/main.c" line 53
func: app_main
expression: i2c_master_transmit(dev_handle, I2C_write, sizeof(I2C_write), -1)

abort() was called at PC 0x40379f5f on core 0


Backtrace: 0x40375a81:0x3fc982b0 0x40379f69:0x3fc982d0 0x40380651:0x3fc982f0 0x40379f5f:0x3fc98360 0x42009746:0x3fc98390 0x4201a82f:0x3fc983f0 0x4037a9a1:0x3fc98420




ELF file SHA256: 1cab46a36

Rebooting...
ESP-ROM:esp32s3-20210327
Build:Mar 27 2021
rst:0xc (RTC_SW_CPU_RST),boot:0xb (SPI_FAST_FLASH_BOOT)
Saved PC:0x403759c0
SPIWP:0xee
mode:DIO, clock div:1
load:0x3fce2810,len:0x15a0
load:0x403c8700,len:0x4
load:0x403c8704,len:0xd20
load:0x403cb700,len:0x2ee4
entry 0x403c8928
[0;32mI (26) boot: ESP-IDF v5.4-dirty 2nd stage bootloader[0m
[0;32mI (26) boot: compile time Feb  3 2025 13:29:39[0m
[0;32mI (26) boot: Multicore bootloader[0m
[0;32mI (27) boot: chip revision: v0.2[0m
[0;32mI (29) boot: efuse block revision: v1.3[0m
[0;32mI (33) boot.esp32s3: Boot SPI Speed : 80MHz[0m
[0;32mI (37) boot.esp32s3: SPI Mode       : DIO[0m
[0;32mI (41) boot.esp32s3: SPI Flash Size : 8MB[0m
[0;32mI (44) boot: Enabling RNG early entropy source...[0m
[0;32mI (49) boot: Partition Table:[0m
[0;32mI (52) boot: ## Label            Usage          Type ST Offset   Length[0m
[0;32mI (58) boot:  0 nvs              WiFi data        01 02 00009000 00006000[0m
[0;32mI (64) boot:  1 phy_init         RF data          01 01 0000f000 00001000[0m
[0;32mI (71) boot:  2 factory          factory app      00 00 00010000 00100000[0m
[0;32mI (77) boot: End of partition table[0m
[0;32mI (81) esp_image: segment 0: paddr=00010020 vaddr=3c020020 size=0b608h ( 46600) map[0m
[0;32mI (96) esp_image: segment 1: paddr=0001b630 vaddr=3fc92800 size=02a30h ( 10800) load[0m
[0;32mI (99) esp_image: segment 2: paddr=0001e068 vaddr=40374000 size=01fb0h (  8112) load[0m
[0;32mI (105) esp_image: segment 3: paddr=00020020 vaddr=42000020 size=1afdch (110556) map[0m
[0;32mI (130) esp_image: segment 4: paddr=0003b004 vaddr=40375fb0 size=0c760h ( 51040) load[0m
[0;32mI (141) esp_image: segment 5: paddr=0004776c vaddr=600fe100 size=0001ch (    28) load[0m
[0;32mI (147) boot: Loaded app from partition at offset 0x10000[0m
[0;32mI (148) boot: Disabling RNG early entropy source...[0m
[0;32mI (159) cpu_start: Multicore app[0m
[0;32mI (168) cpu_start: Pro cpu start user code[0m
[0;32mI (168) cpu_start: cpu freq: 240000000 Hz[0m
[0;32mI (168) app_init: Application information:[0m
[0;32mI (169) app_init: Project name:     Programmerbar_last[0m
[0;32mI (173) app_init: App version:      20ce4c2-dirty[0m
[0;32mI (178) app_init: Compile time:     Feb 12 2025 10:24:16[0m
[0;32mI (183) app_init: ELF file SHA256:  1cab46a36...[0m
[0;32mI (187) app_init: ESP-IDF:          v5.4-dirty[0m
[0;32mI (191) efuse_init: Min chip rev:     v0.0[0m
[0;32mI (195) efuse_init: Max chip rev:     v0.99 [0m
[0;32mI (199) efuse_init: Chip rev:         v0.2[0m
[0;32mI (203) heap_init: Initializing. RAM available for dynamic allocation:[0m
[0;32mI (209) heap_init: At 3FC95B10 len 00053C00 (335 KiB): RAM[0m
[0;32mI (214) heap_init: At 3FCE9710 len 00005724 (21 KiB): RAM[0m
[0;32mI (219) heap_init: At 3FCF0000 len 00008000 (32 KiB): DRAM[0m
[0;32mI (225) heap_init: At 600FE11C len 00001ECC (7 KiB): RTCRAM[0m
[0;32mI (231) spi_flash: detected chip: gd[0m
[0;32mI (233) spi_flash: flash io: dio[0m
[0;32mI (236) sleep_gpio: Configure to isolate all GPIO pins in sleep state[0m
[0;32mI (243) sleep_gpio: Enable automatic switching of GPIO sleep configuration[0m
[0;32mI (249) main_task: Started on CPU0[0m
[0;32mI (259) main_task: Calling app_main()[0m
[0;32mI (259) I2C TEST: I2C Address found at 72[0m
[1;31mE (259) i2c.master: i2c_master_transmit(1190): i2c transmit buffer or size invalid[0m
ESP_ERROR_CHECK failed: esp_err_t 0x102 (ESP_ERR_INVALID_ARG) at 0x42009746
file: "./main/main.c" line 53
func: app_main
expression: i2c_master_transmit(dev_handle, I2C_write, sizeof(I2C_write), -1)

abort() was called at PC 0x40379f5f on core 0


Backtrace: 0x40375a81:0x3fc982b0 0x40379f69:0x3fc982d0 0x40380651:0x3fc982f0 0x40379f5f:0x3fc98360 0x42009746:0x3fc98390 0x4201a82f:0x3fc983f0 0x4037a9a1:0x3fc98420




ELF file SHA256: 1cab46a36

Rebooting...
ESP-ROM:esp32s3-20210327
Build:Mar 27 2021
rst:0xc (RTC_SW_CPU_RST),boot:0xb (SPI_FAST_FLASH_BOOT)
Saved PC:0x403759c0
SPIWP:0xee
mode:DIO, clock div:1
load:0x3fce2810,len:0x15a0
load:0x403c8700,len:0x4
load:0x403c8704,len:0xd20
load:0x403cb700,len:0x2ee4
entry 0x403c8928
[0;32mI (26) boot: ESP-IDF v5.4-dirty 2nd stage bootloader[0m
[0;32mI (26) boot: compile time Feb  3 2025 13:29:39[0m
[0;32mI (26) boot: Multicore bootloader[0m
[0;32mI (27) boot: chip revision: v0.2[0m
[0;32mI (29) boot: efuse block revision: v1.3[0m
[0;32mI (33) boot.esp32s3: Boot SPI Speed : 80MHz[0m
[0;32mI (37) boot.esp32s3: SPI Mode       : DIO[0m
[0;32mI (41) boot.esp32s3: SPI Flash Size : 8MB[0m
[0;32mI (44) boot: Enabling RNG early entropy source...[0m
[0;32mI (49) boot: Partition Table:[0m
[0;32mI (52) boot: ## Label            Usage          Type ST Offset   Length[0m
[0;32mI (58) boot:  0 nvs              WiFi data        01 02 00009000 00006000[0m
[0;32mI (64) boot:  1 phy_init         RF data          01 01 0000f000 00001000[0m
[0;32mI (71) boot:  2 factory          factory app      00 00 00010000 00100000[0m
[0;32mI (77) boot: End of partition table[0m
[0;32mI (81) esp_image: segment 0: paddr=00010020 vaddr=3c020020 size=0b608h ( 46600) map[0m
[0;32mI (96) esp_image: segment 1: paddr=0001b630 vaddr=3fc92800 size=02a30h ( 10800) load[0m
[0;32mI (99) esp_image: segment 2: paddr=0001e068 vaddr=40374000 size=01fb0h (  8112) load[0m
[0;32mI (105) esp_image: segment 3: paddr=00020020 vaddr=42000020 size=1afdch (110556) map[0m
[0;32mI (130) esp_image: segment 4: paddr=0003b004 vaddr=40375fb0 size=0c760h ( 51040) load[0m
[0;32mI (141) esp_image: segment 5: paddr=0004776c vaddr=600fe100 size=0001ch (    28) load[0m
[0;32mI (147) boot: Loaded app from partition at offset 0x10000[0m
[0;32mI (148) boot: Disabling RNG early entropy source...[0m
[0;32mI (159) cpu_start: Multicore app[0m
[0;32mI (168) cpu_start: Pro cpu start user code[0m
[0;32mI (168) cpu_start: cpu freq: 240000000 Hz[0m
[0;32mI (168) app_init: Application information:[0m
[0;32mI (169) app_init: Project name:     Programmerbar_last[0m
[0;32mI (173) app_init: App version:      20ce4c2-dirty[0m
[0;32mI (178) app_init: Compile time:     Feb 12 2025 10:24:16[0m
[0;32mI (183) app_init: ELF file SHA256:  1cab46a36...[0m
[0;32mI (187) app_init: ESP-IDF:          v5.4-dirty[0m
[0;32mI (191) efuse_init: Min chip rev:     v0.0[0m
[0;32mI (195) efuse_init: Max chip rev:     v0.99 [0m
[0;32mI (199) efuse_init: Chip rev:         v0.2[0m
[0;32mI (203) heap_init: Initializing. RAM available for dynamic allocation:[0m
[0;32mI (209) heap_init: At 3FC95B10 len 00053C00 (335 KiB): RAM[0m
[0;32mI (214) heap_init: At 3FCE9710 len 00005724 (21 KiB): RAM[0m
[0;32mI (219) heap_init: At 3FCF0000 len 00008000 (32 KiB): DRAM[0m
[0;32mI (225) heap_init: At 600FE11C len 00001ECC (7 KiB): RTCRAM[0m
[0;32mI (231) spi_flash: detected chip: gd[0m
[0;32mI (233) spi_flash: flash io: dio[0m
[0;32mI (236) sleep_gpio: Configure to isolate all GPIO pins in sleep state[0m
[0;32mI (243) sleep_gpio: Enable automatic switching of GPIO sleep configuration[0m
[0;32mI (249) main_task: Started on CPU0[0m
[0;32mI (259) main_task: Calling app_main()[0m
[0;32mI (259) I2C TEST: I2C Address found at 72[0m
[1;31mE (259) i2c.master: i2c_master_transmit(1190): i2c transmit buffer or size invalid[0m
ESP_ERROR_CHECK failed: esp_err_t 0x102 (ESP_ERR_INVALID_ARG) at 0x42009746
file: "./main/main.c" line 53
func: app_main
expression: i2c_master_transmit(dev_handle, I2C_write, sizeof(I2C_write), -1)

abort() was called at PC 0x40379f5f on core 0


Backtrace: 0x40375a81:0x3fc982b0 0x40379f69:0x3fc982d0 0x40380651:0x3fc982f0 0x40379f5f:0x3fc98360 0x42009746:0x3fc98390 0x4201a82f:0x3fc983f0 0x4037a9a1:0x3fc98420




ELF file SHA256: 1cab46a36

Rebooting...
ESP-ROM:esp32s3-20210327
Build:Mar 27 2021
rst:0xc (RTC_SW_CPU_RST),boot:0xb (SPI_FAST_FLASH_BOOT)
Saved PC:0x403759c0
SPIWP:0xee
mode:DIO, clock div:1
load:0x3fce2810,len:0x15a0
load:0x403c8700,len:0x4
load:0x403c8704,len:0xd20
load:0x403cb700,len:0x2ee4
entry 0x403c8928
[0;32mI (26) boot: ESP-IDF v5.4-dirty 2nd stage bootloader[0m
[0;32mI (26) boot: compile time Feb  3 2025 13:29:39[0m
[0;32mI (26) boot: Multicore bootloader[0m
[0;32mI (27) boot: chip revision: v0.2[0m
[0;32mI (29) boot: efuse block revision: v1.3[0m
[0;32mI (33) boot.esp32s3: Boot SPI Speed : 80MHz[0m
[0;32mI (37) boot.esp32s3: SPI Mode       : DIO[0m
[0;32mI (41) boot.esp32s3: SPI Flash Size : 8MB[0m
[0;32mI (44) boot: Enabling RNG early entropy source...[0m
[0;32mI (49) boot: Partition Table:[0m
[0;32mI (52) boot: ## Label            Usage          Type ST Offset   Length[0m
[0;32mI (58) boot:  0 nvs              WiFi data        01 02 00009000 00006000[0m
[0;32mI (64) boot:  1 phy_init         RF data          01 01 0000f000 00001000[0m
[0;32mI (71) boot:  2 factory          factory app      00 00 00010000 00100000[0m
[0;32mI (77) boot: End of partition table[0m
[0;32mI (81) esp_image: segment 0: paddr=00010020 vaddr=3c020020 size=0b608h ( 46600) map[0m
[0;32mI (96) esp_image: segment 1: paddr=0001b630 vaddr=3fc92800 size=02a30h ( 10800) load[0m
[0;32mI (99) esp_image: segment 2: paddr=0001e068 vaddr=40374000 size=01fb0h (  8112) load[0m
[0;32mI (105) esp_image: segment 3: paddr=00020020 vaddr=42000020 size=1afdch (110556) map[0m
[0;32mI (130) esp_image: segment 4: paddr=0003b004 vaddr=40375fb0 size=0c760h ( 51040) load[0m
[0;32mI (141) esp_image: segment 5: paddr=0004776c vaddr=600fe100 size=0001ch (    28) load[0m
[0;32mI (147) boot: Loaded app from partition at offset 0x10000[0m
[0;32mI (148) boot: Disabling RNG early entropy source...[0m
[0;32mI (159) cpu_start: Multicore app[0m
[0;32mI (168) cpu_start: Pro cpu start user code[0m
[0;32mI (168) cpu_start: cpu freq: 240000000 Hz[0m
[0;32mI (168) app_init: Application information:[0m
[0;32mI (169) app_init: Project name:     Programmerbar_last[0m
[0;32mI (173) app_init: App version:      20ce4c2-dirty[0m
[0;32mI (178) app_init: Compile time:     Feb 12 2025 10:24:16[0m
[0;32mI (183) app_init: ELF file SHA256:  1cab46a36...[0m
[0;32mI (187) app_init: ESP-IDF:          v5.4-dirty[0m
[0;32mI (191) efuse_init: Min chip rev:     v0.0[0m
[0;32mI (195) efuse_init: Max chip rev:     v0.99 [0m
[0;32mI (199) efuse_init: Chip rev:         v0.2[0m
[0;32mI (203) heap_init: Initializing. RAM available for dynamic allocation:[0m
[0;32mI (209) heap_init: At 3FC95B10 len 00053C00 (335 KiB): RAM[0m
[0;32mI (214) heap_init: At 3FCE9710 len 00005724 (21 KiB): RAM[0m
[0;32mI (219) heap_init: At 3FCF0000 len 00008000 (32 KiB): DRAM[0m
[0;32mI (225) heap_init: At 600FE11C len 00001ECC (7 KiB): RTCRAM[0m
[0;32mI (231) spi_flash: detected chip: gd[0m
[0;32mI (233) spi_flash: flash io: dio[0m
[0;32mI (236) sleep_gpio: Configure to isolate all GPIO pins in sleep state[0m
[0;32mI (243) sleep_gpio: Enable automatic switching of GPIO sleep configuration[0m
[0;32mI (249) main_task: Started on CPU0[0m
[0;32mI (259) main_task: Calling app_main()[0m
[0;32mI (259) I2C TEST: I2C Address found at 72[0m
[1;31mE (259) i2c.master: i2c_master_transmit(1190): i2c transmit buffer or size invalid[0m
ESP_ERROR_CHECK failed: esp_err_t 0x102 (ESP_ERR_INVALID_ARG) at 0x42009746
file: "./main/main.c" line 53
func: app_main
expression: i2c_master_transmit(dev_handle, I2C_write, sizeof(I2C_write), -1)

abort() was called at PC 0x40379f5f on core 0


Backtrace: 0x40375a81:0x3fc982b0 0x40379f69:0x3fc982d0 0x40380651:0x3fc982f0 0x40379f5f:0x3fc98360 0x42009746:0x3fc98390 0x4201a82f:0x3fc983f0 0x4037a9a1:0x3fc98420




ELF file SHA256: 1cab46a36

Rebooting...
ESP-ROM:esp32s3-20210327
Build:Mar 27 2021
rst:0xc (RTC_SW_CPU_RST),boot:0xb (SPI_FAST_FLASH_BOOT)
Saved PC:0x403759c0
SPIWP:0xee
mode:DIO, clock div:1
load:0x3fce2810,len:0x15a0
load:0x403c8700,len:0x4
load:0x403c8704,len:0xd20
load:0x403cb700,len:0x2ee4
entry 0x403c8928
[0;32mI (26) boot: ESP-IDF v5.4-dirty 2nd stage bootloader[0m
[0;32mI (26) boot: compile time Feb  3 2025 13:29:39[0m
[0;32mI (26) boot: Multicore bootloader[0m
[0;32mI (27) boot: chip revision: v0.2[0m
[0;32mI (29) boot: efuse block revision: v1.3[0m
[0;32mI (33) boot.esp32s3: Boot SPI Speed : 80MHz[0m
[0;32mI (37) boot.esp32s3: SPI Mode       : DIO[0m
[0;32mI (41) boot.esp32s3: SPI Flash Size : 8MB[0m
[0;32mI (44) boot: Enabling RNG early entropy source...[0m
[0;32mI (49) boot: Partition Table:[0m
[0;32mI (52) boot: ## Label            Usage          Type ST Offset   Length[0m
[0;32mI (58) boot:  0 nvs              WiFi data        01 02 00009000 00006000[0m
[0;32mI (64) boot:  1 phy_init         RF data          01 01 0000f000 00001000[0m
[0;32mI (71) boot:  2 factory          factory app      00 00 00010000 00100000[0m
[0;32mI (77) boot: End of partition table[0m
[0;32mI (81) esp_image: segment 0: paddr=00010020 vaddr=3c020020 size=0b608h ( 46600) map[0m
[0;32mI (96) esp_image: segment 1: paddr=0001b630 vaddr=3fc92800 size=02a30h ( 10800) load[0m
[0;32mI (99) esp_image: segment 2: paddr=0001e068 vaddr=40374000 size=01fb0h (  8112) load[0m
[0;32mI (105) esp_image: segment 3: paddr=00020020 vaddr=42000020 size=1afdch (110556) map[0m
[0;32mI (130) esp_image: segment 4: paddr=0003b004 vaddr=40375fb0 size=0c760h ( 51040) load[0m
[0;32mI (141) esp_image: segment 5: paddr=0004776c vaddr=600fe100 size=0001ch (    28) load[0m
[0;32mI (147) boot: Loaded app from partition at offset 0x10000[0m
[0;32mI (148) boot: Disabling RNG early entropy source...[0m
[0;32mI (159) cpu_start: Multicore app[0m
[0;32mI (168) cpu_start: Pro cpu start user code[0m
[0;32mI (168) cpu_start: cpu freq: 240000000 Hz[0m
[0;32mI (168) app_init: Application information:[0m
[0;32mI (169) app_init: Project name:     Programmerbar_last[0m
[0;32mI (173) app_init: App version:      20ce4c2-dirty[0m
[0;32mI (178) app_init: Compile time:     Feb 12 2025 10:24:16[0m
[0;32mI (183) app_init: ELF file SHA256:  1cab46a36...[0m
[0;32mI (187) app_init: ESP-IDF:          v5.4-dirty[0m
[0;32mI (191) efuse_init: Min chip rev:     v0.0[0m
[0;32mI (195) efuse_init: Max chip rev:     v0.99 [0m
[0;32mI (199) efuse_init: Chip rev:         v0.2[0m
[0;32mI (203) heap_init: Initializing. RAM available for dynamic allocation:[0m
[0;32mI (209) heap_init: At 3FC95B10 len 00053C00 (335 KiB): RAM[0m
[0;32mI (214) heap_init: At 3FCE9710 len 00005724 (21 KiB): RAM[0m
[0;32mI (219) heap_init: At 3FCF0000 len 00008000 (32 KiB): DRAM[0m
[0;32mI (225) heap_init: At 600FE11C len 00001ECC (7 KiB): RTCRAM[0m
[0;32mI (231) spi_flash: detected chip: gd[0m
[0;32mI (233) spi_flash: flash io: dio[0m
[0;32mI (236) sleep_gpio: Configure to isolate all GPIO pins in sleep state[0m
[0;32mI (243) sleep_gpio: Enable automatic switching of GPIO sleep configuration[0m
[0;32mI (249) main_task: Started on CPU0[0m
[0;32mI (259) main_task: Calling app_main()[0m
[0;32mI (259) I2C TEST: I2C Address found at 72[0m
[1;31mE (259) i2c.master: i2c_master_transmit(1190): i2c transmit buffer or size invalid[0m
ESP_ERROR_CHECK failed: esp_err_t 0x102 (ESP_ERR_INVALID_ARG) at 0x42009746
file: "./main/main.c" line 53
func: app_main
expression: i2c_master_transmit(dev_handle, I2C_write, sizeof(I2C_write), -1)

abort() was called at PC 0x40379f5f on core 0


Backtrace: 0x40375a81:0x3fc982b0 0x40379f69:0x3fc982d0 0x40380651:0x3fc982f0 0x40379f5f:0x3fc98360 0x42009746:0x3fc98390 0x4201a82f:0x3fc983f0 0x4037a9a1:0x3fc98420




ELF file SHA256: 1cab46a36

Rebooting...
ESP-ROM:esp32s3-20210327
Build:Mar 27 2021
rst:0xc (RTC_SW_CPU_RST),boot:0xb (SPI_FAST_FLASH_BOOT)
Saved PC:0x403759c0
SPIWP:0xee
mode:DIO, clock div:1
load:0x3fce2810,len:0x15a0
load:0x403c8700,len:0x4
load:0x403c8704,len:0xd20
load:0x403cb700,len:0x2ee4
entry 0x403c8928
[0;32mI (26) boot: ESP-IDF v5.4-dirty 2nd stage bootloader[0m
[0;32mI (26) boot: compile time Feb  3 2025 13:29:39[0m
[0;32mI (26) boot: Multicore bootloader[0m
[0;32mI (27) boot: chip revision: v0.2[0m
[0;32mI (29) boot: efuse block revision: v1.3[0m
[0;32mI (33) boot.esp32s3: Boot SPI Speed : 80MHz[0m
[0;32mI (37) boot.esp32s3: SPI Mode       : DIO[0m
[0;32mI (41) boot.esp32s3: SPI Flash Size : 8MB[0m
[0;32mI (44) boot: Enabling RNG early entropy source...[0m
[0;32mI (49) boot: Partition Table:[0m
[0;32mI (52) boot: ## Label            Usage          Type ST Offset   Length[0m
[0;32mI (58) boot:  0 nvs              WiFi data        01 02 00009000 00006000[0m
[0;32mI (64) boot:  1 phy_init         RF data          01 01 0000f000 00001000[0m
[0;32mI (71) boot:  2 factory          factory app      00 00 00010000 00100000[0m
[0;32mI (77) boot: End of partition table[0m
[0;32mI (81) esp_image: segment 0: paddr=00010020 vaddr=3c020020 size=0b608h ( 46600) map[0m
[0;32mI (96) esp_image: segment 1: paddr=0001b630 vaddr=3fc92800 size=02a30h ( 10800) load[0m
[0;32mI (99) esp_image: segment 2: paddr=0001e068 vaddr=40374000 size=01fb0h (  8112) load[0m
[0;32mI (105) esp_image: segment 3: paddr=00020020 vaddr=42000020 size=1afdch (110556) map[0m
[0;32mI (130) esp_image: segment 4: paddr=0003b004 vaddr=40375fb0 size=0c760h ( 51040) load[0m
[0;32mI (141) esp_image: segment 5: paddr=0004776c vaddr=600fe100 size=0001ch (    28) load[0m
[0;32mI (147) boot: Loaded app from partition at offset 0x10000[0m
[0;32mI (148) boot: Disabling RNG early entropy source...[0m
[0;32mI (159) cpu_start: Multicore app[0m
[0;32mI (168) cpu_start: Pro cpu start user code[0m
[0;32mI (168) cpu_start: cpu freq: 240000000 Hz[0m
[0;32mI (168) app_init: Application information:[0m
[0;32mI (169) app_init: Project name:     Programmerbar_last[0m
[0;32mI (173) app_init: App version:      20ce4c2-dirty[0m
[0;32mI (178) app_init: Compile time:     Feb 12 2025 10:24:16[0m
[0;32mI (183) app_init: ELF file SHA256:  1cab46a36...[0m
[0;32mI (187) app_init: ESP-IDF:          v5.4-dirty[0m
[0;32mI (191) efuse_init: Min chip rev:     v0.0[0m
[0;32mI (195) efuse_init: Max chip rev:     v0.99 [0m
[0;32mI (199) efuse_init: Chip rev:         v0.2[0m
[0;32mI (203) heap_init: Initializing. RAM available for dynamic allocation:[0m
[0;32mI (209) heap_init: At 3FC95B10 len 00053C00 (335 KiB): RAM[0m
[0;32mI (214) heap_init: At 3FCE9710 len 00005724 (21 KiB): RAM[0m
[0;32mI (219) heap_init: At 3FCF0000 len 00008000 (32 KiB): DRAM[0m
[0;32mI (225) heap_init: At 600FE11C len 00001ECC (7 KiB): RTCRAM[0m
[0;32mI (231) spi_flash: detected chip: gd[0m
[0;32mI (233) spi_flash: flash io: dio[0m
[0;32mI (236) sleep_gpio: Configure to isolate all GPIO pins in sleep state[0m
[0;32mI (243) sleep_gpio: Enable automatic switching of GPIO sleep configuration[0m
[0;32mI (249) main_task: Started on CPU0[0m
[0;32mI (259) main_task: Calling app_main()[0m
[0;32mI (259) I2C TEST: I2C Address found at 72[0m
[1;31mE (259) i2c.master: i2c_master_transmit(1190): i2c transmit buffer or size invalid[0m
ESP_ERROR_CHECK failed: esp_err_t 0x102 (ESP_ERR_INVALID_ARG) at 0x42009746
file: "./main/main.c" line 53
func: app_main
expression: i2c_master_transmit(dev_handle, I2C_write, sizeof(I2C_write), -1)

abort() was called at PC 0x40379f5f on core 0


Backtrace: 0x40375a81:0x3fc982b0 0x40379f69:0x3fc982d0 0x40380651:0x3fc982f0 0x40379f5f:0x3fc98360 0x42009746:0x3fc98390 0x4201a82f:0x3fc983f0 0x4037a9a1:0x3fc98420




ELF file SHA256: 1cab46a36

Rebooting...
ESP-ROM:esp32s3-20210327
Build:Mar 27 2021
rst:0xc (RTC_SW_CPU_RST),boot:0xb (SPI_FAST_FLASH_BOOT)
Saved PC:0x403759c0
SPIWP:0xee
mode:DIO, clock div:1
load:0x3fce2810,len:0x15a0
load:0x403c8700,len:0x4
load:0x403c8704,len:0xd20
load:0x403cb700,len:0x2ee4
entry 0x403c8928
[0;32mI (26) boot: ESP-IDF v5.4-dirty 2nd stage bootloader[0m
[0;32mI (26) boot: compile time Feb  3 2025 13:29:39[0m
[0;32mI (26) boot: Multicore bootloader[0m
[0;32mI (27) boot: chip revision: v0.2[0m
[0;32mI (29) boot: efuse block revision: v1.3[0m
[0;32mI (33) boot.esp32s3: Boot SPI Speed : 80MHz[0m
[0;32mI (37) boot.esp32s3: SPI Mode       : DIO[0m
[0;32mI (41) boot.esp32s3: SPI Flash Size : 8MB[0m
[0;32mI (44) boot: Enabling RNG early entropy source...[0m
[0;32mI (49) boot: Partition Table:[0m
[0;32mI (52) boot: ## Label            Usage          Type ST Offset   Length[0m
[0;32mI (58) boot:  0 nvs              WiFi data        01 02 00009000 00006000[0m
[0;32mI (64) boot:  1 phy_init         RF data          01 01 0000f000 00001000[0m
[0;32mI (71) boot:  2 factory          factory app      00 00 00010000 00100000[0m
[0;32mI (77) boot: End of partition table[0m
[0;32mI (81) esp_image: segment 0: paddr=00010020 vaddr=3c020020 size=0b608h ( 46600) map[0m
[0;32mI (96) esp_image: segment 1: paddr=0001b630 vaddr=3fc92800 size=02a30h ( 10800) load[0m
[0;32mI (99) esp_image: segment 2: paddr=0001e068 vaddr=40374000 size=01fb0h (  8112) load[0m
[0;32mI (105) esp_image: segment 3: paddr=00020020 vaddr=42000020 size=1afdch (110556) map[0m
[0;32mI (130) esp_image: segment 4: paddr=0003b004 vaddr=40375fb0 size=0c760h ( 51040) load[0m
[0;32mI (141) esp_image: segment 5: paddr=0004776c vaddr=600fe100 size=0001ch (    28) load[0m
[0;32mI (147) boot: Loaded app from partition at offset 0x10000[0m
[0;32mI (148) boot: Disabling RNG early entropy source...[0m
[0;32mI (159) cpu_start: Multicore app[0m
[0;32mI (168) cpu_start: Pro cpu start user code[0m
[0;32mI (168) cpu_start: cpu freq: 240000000 Hz[0m
[0;32mI (168) app_init: Application information:[0m
[0;32mI (169) app_init: Project name:     Programmerbar_last[0m
[0;32mI (173) app_init: App version:      20ce4c2-dirty[0m
[0;32mI (178) app_init: Compile time:     Feb 12 2025 10:24:16[0m
[0;32mI (183) app_init: ELF file SHA256:  1cab46a36...[0m
[0;32mI (187) app_init: ESP-IDF:          v5.4-dirty[0m
[0;32mI (191) efuse_init: Min chip rev:     v0.0[0m
[0;32mI (195) efuse_init: Max chip rev:     v0.99 [0m
[0;32mI (199) efuse_init: Chip rev:         v0.2[0m
[0;32mI (203) heap_init: Initializing. RAM available for dynamic allocation:[0m
[0;32mI (209) heap_init: At 3FC95B10 len 00053C00 (335 KiB): RAM[0m
[0;32mI (214) heap_init: At 3FCE9710 len 00005724 (21 KiB): RAM[0m
[0;32mI (219) heap_init: At 3FCF0000 len 00008000 (32 KiB): DRAM[0m
[0;32mI (225) heap_init: At 600FE11C len 00001ECC (7 KiB): RTCRAM[0m
[0;32mI (231) spi_flash: detected chip: gd[0m
[0;32mI (233) spi_flash: flash io: dio[0m
[0;32mI (236) sleep_gpio: Configure to isolate all GPIO pins in sleep state[0m
[0;32mI (243) sleep_gpio: Enable automatic switching of GPIO sleep configuration[0m
[0;32mI (249) main_task: Started on CPU0[0m
[0;32mI (259) main_task: Calling app_main()[0m
[0;32mI (259) I2C TEST: I2C Address found at 72[0m
[1;31mE (259) i2c.master: i2c_master_transmit(1190): i2c transmit buffer or size invalid[0m
ESP_ERROR_CHECK failed: esp_err_t 0x102 (ESP_ERR_INVALID_ARG) at 0x42009746
file: "./main/main.c" line 53
func: app_main
expression: i2c_master_transmit(dev_handle, I2C_write, sizeof(I2C_write), -1)

abort() was called at PC 0x40379f5f on core 0


Backtrace: 0x40375a81:0x3fc982b0 0x40379f69:0x3fc982d0 0x40380651:0x3fc982f0 0x40379f5f:0x3fc98360 0x42009746:0x3fc98390 0x4201a82f:0x3fc983f0 0x4037a9a1:0x3fc98420




ELF file SHA256: 1cab46a36

Rebooting...
ESP-ROM:esp32s3-20210327
Build:Mar 27 2021
rst:0xc (RTC_SW_CPU_RST),boot:0xb (SPI_FAST_FLASH_BOOT)
Saved PC:0x403759c0
SPIWP:0xee
mode:DIO, clock div:1
load:0x3fce2810,len:0x15a0
load:0x403c8700,len:0x4
load:0x403c8704,len:0xd20
load:0x403cb700,len:0x2ee4
entry 0x403c8928
[0;32mI (26) boot: ESP-IDF v5.4-dirty 2nd stage bootloader[0m
[0;32mI (26) boot: compile time Feb  3 2025 13:29:39[0m
[0;32mI (26) boot: Multicore bootloader[0m
[0;32mI (27) boot: chip revision: v0.2[0m
[0;32mI (29) boot: efuse block revision: v1.3[0m
[0;32mI (33) boot.esp32s3: Boot SPI Speed : 80MHz[0m
[0;32mI (37) boot.esp32s3: SPI Mode       : DIO[0m
[0;32mI (41) boot.esp32s3: SPI Flash Size : 8MB[0m
[0;32mI (44) boot: Enabling RNG early entropy source...[0m
[0;32mI (49) boot: Partition Table:[0m
[0;32mI (52) boot: ## Label            Usage          Type ST Offset   Length[0m
[0;32mI (58) boot:  0 nvs              WiFi data        01 02 00009000 00006000[0m
[0;32mI (64) boot:  1 phy_init         RF data          01 01 0000f000 00001000[0m
[0;32mI (71) boot:  2 factory          factory app      00 00 00010000 00100000[0m
[0;32mI (77) boot: End of partition table[0m
[0;32mI (81) esp_image: segment 0: paddr=00010020 vaddr=3c020020 size=0b608h ( 46600) map[0m
[0;32mI (96) esp_image: segment 1: paddr=0001b630 vaddr=3fc92800 size=02a30h ( 10800) load[0m
[0;32mI (99) esp_image: segment 2: paddr=0001e068 vaddr=40374000 size=01fb0h (  8112) load[0m
[0;32mI (105) esp_image: segment 3: paddr=00020020 vaddr=42000020 size=1afdch (110556) map[0m
[0;32mI (130) esp_image: segment 4: paddr=0003b004 vaddr=40375fb0 size=0c760h ( 51040) load[0m
[0;32mI (141) esp_image: segment 5: paddr=0004776c vaddr=600fe100 size=0001ch (    28) load[0m
[0;32mI (147) boot: Loaded app from partition at offset 0x10000[0m
[0;32mI (148) boot: Disabling RNG early entropy source...[0m
[0;32mI (159) cpu_start: Multicore app[0m
[0;32mI (168) cpu_start: Pro cpu start user code[0m
[0;32mI (168) cpu_start: cpu freq: 240000000 Hz[0m
[0;32mI (168) app_init: Application information:[0m
[0;32mI (169) app_init: Project name:     Programmerbar_last[0m
[0;32mI (173) app_init: App version:      20ce4c2-dirty[0m
[0;32mI (178) app_init: Compile time:     Feb 12 2025 10:24:16[0m
[0;32mI (183) app_init: ELF file SHA256:  1cab46a36...[0m
[0;32mI (187) app_init: ESP-IDF:          v5.4-dirty[0m
[0;32mI (191) efuse_init: Min chip rev:     v0.0[0m
[0;32mI (195) efuse_init: Max chip rev:     v0.99 [0m
[0;32mI (199) efuse_init: Chip rev:         v0.2[0m
[0;32mI (203) heap_init: Initializing. RAM available for dynamic allocation:[0m
[0;32mI (209) heap_init: At 3FC95B10 len 00053C00 (335 KiB): RAM[0m
[0;32mI (214) heap_init: At 3FCE9710 len 00005724 (21 KiB): RAM[0m
[0;32mI (219) heap_init: At 3FCF0000 len 00008000 (32 KiB): DRAM[0m
[0;32mI (225) heap_init: At 600FE11C len 00001ECC (7 KiB): RTCRAM[0m
[0;32mI (231) spi_flash: detected chip: gd[0m
[0;32mI (233) spi_flash: flash io: dio[0m
[0;32mI (236) sleep_gpio: Configure to isolate all GPIO pins in sleep state[0m
[0;32mI (243) sleep_gpio: Enable automatic switching of GPIO sleep configuration[0m
[0;32mI (249) main_task: Started on CPU0[0m
[0;32mI (259) main_task: Calling app_main()[0m
[0;32mI (259) I2C TEST: I2C Address found at 72[0m
[1;31mE (259) i2c.master: i2c_master_transmit(1190): i2c transmit buffer or size invalid[0m
ESP_ERROR_CHECK failed: esp_err_t 0x102 (ESP_ERR_INVALID_ARG) at 0x42009746
file: "./main/main.c" line 53
func: app_main
expression: i2c_master_transmit(dev_handle, I2C_write, sizeof(I2C_write), -1)

abort() was called at PC 0x40379f5f on core 0


Backtrace: 0x40375a81:0x3fc982b0 0x40379f69:0x3fc982d0 0x40380651:0x3fc982f0 0x40379f5f:0x3fc98360 0x42009746:0x3fc98390 0x4201a82f:0x3fc983f0 0x4037a9a1:0x3fc98420




ELF file SHA256: 1cab46a36

Rebooting...
ESP-ROM:esp32s3-20210327
Build:Mar 27 2021
rst:0xc (RTC_SW_CPU_RST),boot:0xb (SPI_FAST_FLASH_BOOT)
Saved PC:0x403759c0
SPIWP:0xee
mode:DIO, clock div:1
load:0x3fce2810,len:0x15a0
load:0x403c8700,len:0x4
load:0x403c8704,len:0xd20
load:0x403cb700,len:0x2ee4
entry 0x403c8928
[0;32mI (26) boot: ESP-IDF v5.4-dirty 2nd stage bootloader[0m
[0;32mI (26) boot: compile time Feb  3 2025 13:29:39[0m
[0;32mI (26) boot: Multicore bootloader[0m
[0;32mI (27) boot: chip revision: v0.2[0m
[0;32mI (29) boot: efuse block revision: v1.3[0m
[0;32mI (33) boot.esp32s3: Boot SPI Speed : 80MHz[0m
[0;32mI (37) boot.esp32s3: SPI Mode       : DIO[0m
[0;32mI (41) boot.esp32s3: SPI Flash Size : 8MB[0m
[0;32mI (44) boot: Enabling RNG early entropy source...[0m
[0;32mI (49) boot: Partition Table:[0m
[0;32mI (52) boot: ## Label            Usage          Type ST Offset   Length[0m
[0;32mI (58) boot:  0 nvs              WiFi data        01 02 00009000 00006000[0m
[0;32mI (64) boot:  1 phy_init         RF data          01 01 0000f000 00001000[0m
[0;32mI (71) boot:  2 factory          factory app      00 00 00010000 00100000[0m
[0;32mI (77) boot: End of partition table[0m
[0;32mI (81) esp_image: segment 0: paddr=00010020 vaddr=3c020020 size=0b608h ( 46600) map[0m
[0;32mI (96) esp_image: segment 1: paddr=0001b630 vaddr=3fc92800 size=02a30h ( 10800) load[0m
[0;32mI (99) esp_image: segment 2: paddr=0001e068 vaddr=40374000 size=01fb0h (  8112) load[0m
[0;32mI (105) esp_image: segment 3: paddr=00020020 vaddr=42000020 size=1afdch (110556) map[0m
[0;32mI (130) esp_image: segment 4: paddr=0003b004 vaddr=40375fb0 size=0c760h ( 51040) load[0m
[0;32mI (141) esp_image: segment 5: paddr=0004776c vaddr=600fe100 size=0001ch (    28) load[0m
[0;32mI (147) boot: Loaded app from partition at offset 0x10000[0m
[0;32mI (148) boot: Disabling RNG early entropy source...[0m
[0;32mI (159) cpu_start: Multicore app[0m
[0;32mI (168) cpu_start: Pro cpu start user code[0m
[0;32mI (168) cpu_start: cpu freq: 240000000 Hz[0m
[0;32mI (169) app_init: Application information:[0m
[0;32mI (169) app_init: Project name:     Programmerbar_last[0m
[0;32mI (173) app_init: App version:      20ce4c2-dirty[0m
[0;32mI (178) app_init: Compile time:     Feb 12 2025 10:24:16[0m
[0;32mI (183) app_init: ELF file SHA256:  1cab46a36...[0m
[0;32mI (187) app_init: ESP-IDF:          v5.4-dirty[0m
[0;32mI (191) efuse_init: Min chip rev:     v0.0[0m
[0;32mI (195) efuse_init: Max chip rev:     v0.99 [0m
[0;32mI (199) efuse_init: Chip rev:         v0.2[0m
[0;32mI (203) heap_init: Initializing. RAM available for dynamic allocation:[0m
[0;32mI (209) heap_init: At 3FC95B10 len 00053C00 (335 KiB): RAM[0m
[0;32mI (214) heap_init: At 3FCE9710 len 00005724 (21 KiB): RAM[0m
[0;32mI (219) heap_init: At 3FCF0000 len 00008000 (32 KiB): DRAM[0m
[0;32mI (225) heap_init: At 600FE11C len 00001ECC (7 KiB): RTCRAM[0m
[0;32mI (231) spi_flash: detected chip: gd[0m
[0;32mI (233) spi_flash: flash io: dio[0m
[0;32mI (236) sleep_gpio: Configure to isolate all GPIO pins in sleep state[0m
[0;32mI (243) sleep_gpio: Enable automatic switching of GPIO sleep configuration[0m
[0;32mI (249) main_task: Started on CPU0[0m
[0;32mI (259) main_task: Calling app_main()[0m
[0;32mI (259) I2C TEST: I2C Address found at 72[0m
[1;31mE (259) i2c.master: i2c_master_transmit(1190): i2c transmit buffer or size invalid[0m
ESP_ERROR_CHECK failed: esp_err_t 0x102 (ESP_ERR_INVALID_ARG) at 0x42009746
file: "./main/main.c" line 53
func: app_main
expression: i2c_master_transmit(dev_handle, I2C_write, sizeof(I2C_write), -1)

abort() was called at PC 0x40379f5f on core 0


Backtrace: 0x40375a81:0x3fc982b0 0x40379f69:0x3fc982d0 0x40380651:0x3fc982f0 0x40379f5f:0x3fc98360 0x42009746:0x3fc98390 0x4201a82f:0x3fc983f0 0x4037a9a1:0x3fc98420




ELF file SHA256: 1cab46a36

Rebooting...
ESP-ROM:esp32s3-20210327
Build:Mar 27 2021
rst:0xc (RTC_SW_CPU_RST),boot:0xb (SPI_FAST_FLASH_BOOT)
Saved PC:0x403759c0
SPIWP:0xee
mode:DIO, clock div:1
load:0x3fce2810,len:0x15a0
load:0x403c8700,len:0x4
load:0x403c8704,len:0xd20
load:0x403cb700,len:0x2ee4
entry 0x403c8928
[0;32mI (26) boot: ESP-IDF v5.4-dirty 2nd stage bootloader[0m
[0;32mI (26) boot: compile time Feb  3 2025 13:29:39[0m
[0;32mI (26) boot: Multicore bootloader[0m
[0;32mI (27) boot: chip revision: v0.2[0m
[0;32mI (29) boot: efuse block revision: v1.3[0m
[0;32mI (33) boot.esp32s3: Boot SPI Speed : 80MHz[0m
[0;32mI (37) boot.esp32s3: SPI Mode       : DIO[0m
[0;32mI (41) boot.esp32s3: SPI Flash Size : 8MB[0m
[0;32mI (44) boot: Enabling RNG early entropy source...[0m
[0;32mI (49) boot: Partition Table:[0m
[0;32mI (52) boot: ## Label            Usage          Type ST Offset   Length[0m
[0;32mI (58) boot:  0 nvs              WiFi data        01 02 00009000 00006000[0m
[0;32mI (64) boot:  1 phy_init         RF data          01 01 0000f000 00001000[0m
[0;32mI (71) boot:  2 factory          factory app      00 00 00010000 00100000[0m
[0;32mI (77) boot: End of partition table[0m
[0;32mI (81) esp_image: segment 0: paddr=00010020 vaddr=3c020020 size=0b608h ( 46600) map[0m
[0;32mI (96) esp_image: segment 1: paddr=0001b630 vaddr=3fc92800 size=02a30h ( 10800) load[0m
[0;32mI (99) esp_image: segment 2: paddr=0001e068 vaddr=40374000 size=01fb0h (  8112) load[0m
[0;32mI (105) esp_image: segment 3: paddr=00020020 vaddr=42000020 size=1afdch (110556) map[0m
[0;32mI (130) esp_image: segment 4: paddr=0003b004 vaddr=40375fb0 size=0c760h ( 51040) load[0m
[0;32mI (141) esp_image: segment 5: paddr=0004776c vaddr=600fe100 size=0001ch (    28) load[0m
[0;32mI (147) boot: Loaded app from partition at offset 0x10000[0m
[0;32mI (148) boot: Disabling RNG early entropy source...[0m
[0;32mI (159) cpu_start: Multicore app[0m
[0;32mI (168) cpu_start: Pro cpu start user code[0m
[0;32mI (168) cpu_start: cpu freq: 240000000 Hz[0m
[0;32mI (168) app_init: Application information:[0m
[0;32mI (169) app_init: Project name:     Programmerbar_last[0m
[0;32mI (173) app_init: App version:      20ce4c2-dirty[0m
[0;32mI (178) app_init: Compile time:     Feb 12 2025 10:24:16[0m
[0;32mI (183) app_init: ELF file SHA256:  1cab46a36...[0m
[0;32mI (187) app_init: ESP-IDF:          v5.4-dirty[0m
[0;32mI (191) efuse_init: Min chip rev:     v0.0[0m
[0;32mI (195) efuse_init: Max chip rev:     v0.99 [0m
[0;32mI (199) efuse_init: Chip rev:         v0.2[0m
[0;32mI (203) heap_init: Initializing. RAM available for dynamic allocation:[0m
[0;32mI (209) heap_init: At 3FC95B10 len 00053C00 (335 KiB): RAM[0m
[0;32mI (214) heap_init: At 3FCE9710 len 00005724 (21 KiB): RAM[0m
[0;32mI (219) heap_init: At 3FCF0000 len 00008000 (32 KiB): DRAM[0m
[0;32mI (225) heap_init: At 600FE11C len 00001ECC (7 KiB): RTCRAM[0m
[0;32mI (231) spi_flash: detected chip: gd[0m
[0;32mI (233) spi_flash: flash io: dio[0m
[0;32mI (236) sleep_gpio: Configure to isolate all GPIO pins in sleep state[0m
[0;32mI (243) sleep_gpio: Enable automatic switching of GPIO sleep configuration[0m
[0;32mI (249) main_task: Started on CPU0[0m
[0;32mI (259) main_task: Calling app_main()[0m
[0;32mI (259) I2C TEST: I2C Address found at 72[0m
[1;31mE (259) i2c.master: i2c_master_transmit(1190): i2c transmit buffer or size invalid[0m
ESP_ERROR_CHECK failed: esp_err_t 0x102 (ESP_ERR_INVALID_ARG) at 0x42009746
file: "./main/main.c" line 53
func: app_main
expression: i2c_master_transmit(dev_handle, I2C_write, sizeof(I2C_write), -1)

abort() was called at PC 0x40379f5f on core 0


Backtrace: 0x40375a81:0x3fc982b0 0x40379f69:0x3fc982d0 0x40380651:0x3fc982f0 0x40379f5f:0x3fc98360 0x42009746:0x3fc98390 0x4201a82f:0x3fc983f0 0x4037a9a1:0x3fc98420




ELF file SHA256: 1cab46a36

Rebooting...
ESP-ROM:esp32s3-20210327
Build:Mar 27 2021
rst:0xc (RTC_SW_CPU_RST),boot:0xb (SPI_FAST_FLASH_BOOT)
Saved PC:0x403759c0
SPIWP:0xee
mode:DIO, clock div:1
load:0x3fce2810,len:0x15a0
load:0x403c8700,len:0x4
load:0x403c8704,len:0xd20
load:0x403cb700,len:0x2ee4
entry 0x403c8928
[0;32mI (26) boot: ESP-IDF v5.4-dirty 2nd stage bootloader[0m
[0;32mI (26) boot: compile time Feb  3 2025 13:29:39[0m
[0;32mI (26) boot: Multicore bootloader[0m
[0;32mI (27) boot: chip revision: v0.2[0m
[0;32mI (29) boot: efuse block revision: v1.3[0m
[0;32mI (33) boot.esp32s3: Boot SPI Speed : 80MHz[0m
[0;32mI (37) boot.esp32s3: SPI Mode       : DIO[0m
[0;32mI (41) boot.esp32s3: SPI Flash Size : 8MB[0m
[0;32mI (44) boot: Enabling RNG early entropy source...[0m
[0;32mI (49) boot: Partition Table:[0m
[0;32mI (52) boot: ## Label            Usage          Type ST Offset   Length[0m
[0;32mI (58) boot:  0 nvs              WiFi data        01 02 00009000 00006000[0m
[0;32mI (64) boot:  1 phy_init         RF data          01 01 0000f000 00001000[0m
[0;32mI (71) boot:  2 factory          factory app      00 00 00010000 00100000[0m
[0;32mI (77) boot: End of partition table[0m
[0;32mI (81) esp_image: segment 0: paddr=00010020 vaddr=3c020020 size=0b608h ( 46600) map[0m
[0;32mI (96) esp_image: segment 1: paddr=0001b630 vaddr=3fc92800 size=02a30h ( 10800) load[0m
[0;32mI (99) esp_image: segment 2: paddr=0001e068 vaddr=40374000 size=01fb0h (  8112) load[0m
[0;32mI (105) esp_image: segment 3: paddr=00020020 vaddr=42000020 size=1afdch (110556) map[0m
[0;32mI (130) esp_image: segment 4: paddr=0003b004 vaddr=40375fb0 size=0c760h ( 51040) load[0m
[0;32mI (141) esp_image: segment 5: paddr=0004776c vaddr=600fe100 size=0001ch (    28) load[0m
[0;32mI (147) boot: Loaded app from partition at offset 0x10000[0m
[0;32mI (148) boot: Disabling RNG early entropy source...[0m
[0;32mI (159) cpu_start: Multicore app[0m
[0;32mI (168) cpu_start: Pro cpu start user code[0m
[0;32mI (168) cpu_start: cpu freq: 240000000 Hz[0m
[0;32mI (168) app_init: Application information:[0m
[0;32mI (169) app_init: Project name:     Programmerbar_last[0m
[0;32mI (173) app_init: App version:      20ce4c2-dirty[0m
[0;32mI (178) app_init: Compile time:     Feb 12 2025 10:24:16[0m
[0;32mI (183) app_init: ELF file SHA256:  1cab46a36...[0m
[0;32mI (187) app_init: ESP-IDF:          v5.4-dirty[0m
[0;32mI (191) efuse_init: Min chip rev:     v0.0[0m
[0;32mI (195) efuse_init: Max chip rev:     v0.99 [0m
[0;32mI (199) efuse_init: Chip rev:         v0.2[0m
[0;32mI (203) heap_init: Initializing. RAM available for dynamic allocation:[0m
[0;32mI (209) heap_init: At 3FC95B10 len 00053C00 (335 KiB): RAM[0m
[0;32mI (214) heap_init: At 3FCE9710 len 00005724 (21 KiB): RAM[0m
[0;32mI (219) heap_init: At 3FCF0000 len 00008000 (32 KiB): DRAM[0m
[0;32mI (225) heap_init: At 600FE11C len 00001ECC (7 KiB): RTCRAM[0m
[0;32mI (231) spi_flash: detected chip: gd[0m
[0;32mI (233) spi_flash: flash io: dio[0m
[0;32mI (236) sleep_gpio: Configure to isolate all GPIO pins in sleep state[0m
[0;32mI (243) sleep_gpio: Enable automatic switching of GPIO sleep configuration[0m
[0;32mI (249) main_task: Started on CPU0[0m
[0;32mI (259) main_task: Calling app_main()[0m
[0;32mI (259) I2C TEST: I2C Address found at 72[0m
[1;31mE (259) i2c.master: i2c_master_transmit(1190): i2c transmit buffer or size invalid[0m
ESP_ERROR_CHECK failed: esp_err_t 0x102 (ESP_ERR_INVALID_ARG) at 0x42009746
file: "./main/main.c" line 53
func: app_main
expression: i2c_master_transmit(dev_handle, I2C_write, sizeof(I2C_write), -1)

abort() was called at PC 0x40379f5f on core 0


Backtrace: 0x40375a81:0x3fc982b0 0x40379f69:0x3fc982d0 0x40380651:0x3fc982f0 0x40379f5f:0x3fc98360 0x42009746:0x3fc98390 0x4201a82f:0x3fc983f0 0x4037a9a1:0x3fc98420




ELF file SHA256: 1cab46a36

Rebooting...
ESP-ROM:esp32s3-20210327
Build:Mar 27 2021
rst:0xc (RTC_SW_CPU_RST),boot:0xb (SPI_FAST_FLASH_BOOT)
Saved PC:0x403759c0
SPIWP:0xee
mode:DIO, clock div:1
load:0x3fce2810,len:0x15a0
load:0x403c8700,len:0x4
load:0x403c8704,len:0xd20
load:0x403cb700,len:0x2ee4
entry 0x403c8928
[0;32mI (26) boot: ESP-IDF v5.4-dirty 2nd stage bootloader[0m
[0;32mI (26) boot: compile time Feb  3 2025 13:29:39[0m
[0;32mI (26) boot: Multicore bootloader[0m
[0;32mI (27) boot: chip revision: v0.2[0m
[0;32mI (29) boot: efuse block revision: v1.3[0m
[0;32mI (33) boot.esp32s3: Boot SPI Speed : 80MHz[0m
[0;32mI (37) boot.esp32s3: SPI Mode       : DIO[0m
[0;32mI (41) boot.esp32s3: SPI Flash Size : 8MB[0m
[0;32mI (44) boot: Enabling RNG early entropy source...[0m
[0;32mI (49) boot: Partition Table:[0m
[0;32mI (52) boot: ## Label            Usage          Type ST Offset   Length[0m
[0;32mI (58) boot:  0 nvs              WiFi data        01 02 00009000 00006000[0m
[0;32mI (64) boot:  1 phy_init         RF data          01 01 0000f000 00001000[0m
[0;32mI (71) boot:  2 factory          factory app      00 00 00010000 00100000[0m
[0;32mI (77) boot: End of partition table[0m
[0;32mI (81) esp_image: segment 0: paddr=00010020 vaddr=3c020020 size=0b608h ( 46600) map[0m
[0;32mI (96) esp_image: segment 1: paddr=0001b630 vaddr=3fc92800 size=02a30h ( 10800) load[0m
[0;32mI (99) esp_image: segment 2: paddr=0001e068 vaddr=40374000 size=01fb0h (  8112) load[0m
[0;32mI (105) esp_image: segment 3: paddr=00020020 vaddr=42000020 size=1afdch (110556) map[0m
[0;32mI (130) esp_image: segment 4: paddr=0003b004 vaddr=40375fb0 size=0c760h ( 51040) load[0m
[0;32mI (141) esp_image: segment 5: paddr=0004776c vaddr=600fe100 size=0001ch (    28) load[0m
[0;32mI (147) boot: Loaded app from partition at offset 0x10000[0m
[0;32mI (148) boot: Disabling RNG early entropy source...[0m
[0;32mI (159) cpu_start: Multicore app[0m
[0;32mI (168) cpu_start: Pro cpu start user code[0m
[0;32mI (168) cpu_start: cpu freq: 240000000 Hz[0m
[0;32mI (168) app_init: Application information:[0m
[0;32mI (169) app_init: Project name:     Programmerbar_last[0m
[0;32mI (173) app_init: App version:      20ce4c2-dirty[0m
[0;32mI (178) app_init: Compile time:     Feb 12 2025 10:24:16[0m
[0;32mI (183) app_init: ELF file SHA256:  1cab46a36...[0m
[0;32mI (187) app_init: ESP-IDF:          v5.4-dirty[0m
[0;32mI (191) efuse_init: Min chip rev:     v0.0[0m
[0;32mI (195) efuse_init: Max chip rev:     v0.99 [0m
[0;32mI (199) efuse_init: Chip rev:         v0.2[0m
[0;32mI (203) heap_init: Initializing. RAM available for dynamic allocation:[0m
[0;32mI (209) heap_init: At 3FC95B10 len 00053C00 (335 KiB): RAM[0m
[0;32mI (214) heap_init: At 3FCE9710 len 00005724 (21 KiB): RAM[0m
[0;32mI (219) heap_init: At 3FCF0000 len 00008000 (32 KiB): DRAM[0m
[0;32mI (225) heap_init: At 600FE11C len 00001ECC (7 KiB): RTCRAM[0m
[0;32mI (231) spi_flash: detected chip: gd[0m
[0;32mI (233) spi_flash: flash io: dio[0m
[0;32mI (236) sleep_gpio: Configure to isolate all GPIO pins in sleep state[0m
[0;32mI (243) sleep_gpio: Enable automatic switching of GPIO sleep configuration[0m
[0;32mI (249) main_task: Started on CPU0[0m
[0;32mI (259) main_task: Calling app_main()[0m
[0;32mI (259) I2C TEST: I2C Address found at 72[0m
[1;31mE (259) i2c.master: i2c_master_transmit(1190): i2c transmit buffer or size invalid[0m
ESP_ERROR_CHECK failed: esp_err_t 0x102 (ESP_ERR_INVALID_ARG) at 0x42009746
file: "./main/main.c" line 53
func: app_main
expression: i2c_master_transmit(dev_handle, I2C_write, sizeof(I2C_write), -1)

abort() was called at PC 0x40379f5f on core 0


Backtrace: 0x40375a81:0x3fc982b0 0x40379f69:0x3fc982d0 0x40380651:0x3fc982f0 0x40379f5f:0x3fc98360 0x42009746:0x3fc98390 0x4201a82f:0x3fc983f0 0x4037a9a1:0x3fc98420




ELF file SHA256: 1cab46a36

Rebooting...
ESP-ROM:esp32s3-20210327
Build:Mar 27 2021
rst:0xc (RTC_SW_CPU_RST),boot:0xb (SPI_FAST_FLASH_BOOT)
Saved PC:0x403759c0
SPIWP:0xee
mode:DIO, clock div:1
load:0x3fce2810,len:0x15a0
load:0x403c8700,len:0x4
load:0x403c8704,len:0xd20
load:0x403cb700,len:0x2ee4
entry 0x403c8928
[0;32mI (26) boot: ESP-IDF v5.4-dirty 2nd stage bootloader[0m
[0;32mI (26) boot: compile time Feb  3 2025 13:29:39[0m
[0;32mI (26) boot: Multicore bootloader[0m
[0;32mI (27) boot: chip revision: v0.2[0m
[0;32mI (29) boot: efuse block revision: v1.3[0m
[0;32mI (33) boot.esp32s3: Boot SPI Speed : 80MHz[0m
[0;32mI (37) boot.esp32s3: SPI Mode       : DIO[0m
[0;32mI (41) boot.esp32s3: SPI Flash Size : 8MB[0m
[0;32mI (44) boot: Enabling RNG early entropy source...[0m
[0;32mI (49) boot: Partition Table:[0m
[0;32mI (52) boot: ## Label            Usage          Type ST Offset   Length[0m
[0;32mI (58) boot:  0 nvs              WiFi data        01 02 00009000 00006000[0m
[0;32mI (64) boot:  1 phy_init         RF data          01 01 0000f000 00001000[0m
[0;32mI (71) boot:  2 factory          factory app      00 00 00010000 00100000[0m
[0;32mI (77) boot: End of partition table[0m
[0;32mI (81) esp_image: segment 0: paddr=00010020 vaddr=3c020020 size=0b608h ( 46600) map[0m
[0;32mI (96) esp_image: segment 1: paddr=0001b630 vaddr=3fc92800 size=02a30h ( 10800) load[0m
[0;32mI (99) esp_image: segment 2: paddr=0001e068 vaddr=40374000 size=01fb0h (  8112) load[0m
[0;32mI (105) esp_image: segment 3: paddr=00020020 vaddr=42000020 size=1afdch (110556) map[0m
[0;32mI (130) esp_image: segment 4: paddr=0003b004 vaddr=40375fb0 size=0c760h ( 51040) load[0m
[0;32mI (141) esp_image: segment 5: paddr=0004776c vaddr=600fe100 size=0001ch (    28) load[0m
[0;32mI (147) boot: Loaded app from partition at offset 0x10000[0m
[0;32mI (148) boot: Disabling RNG early entropy source...[0m
[0;32mI (159) cpu_start: Multicore app[0m
[0;32mI (168) cpu_start: Pro cpu start user code[0m
[0;32mI (168) cpu_start: cpu freq: 240000000 Hz[0m
[0;32mI (168) app_init: Application information:[0m
[0;32mI (169) app_init: Project name:     Programmerbar_last[0m
[0;32mI (173) app_init: App version:      20ce4c2-dirty[0m
[0;32mI (178) app_init: Compile time:     Feb 12 2025 10:24:16[0m
[0;32mI (183) app_init: ELF file SHA256:  1cab46a36...[0m
[0;32mI (187) app_init: ESP-IDF:          v5.4-dirty[0m
[0;32mI (191) efuse_init: Min chip rev:     v0.0[0m
[0;32mI (195) efuse_init: Max chip rev:     v0.99 [0m
[0;32mI (199) efuse_init: Chip rev:         v0.2[0m
[0;32mI (203) heap_init: Initializing. RAM available for dynamic allocation:[0m
[0;32mI (209) heap_init: At 3FC95B10 len 00053C00 (335 KiB): RAM[0m
[0;32mI (214) heap_init: At 3FCE9710 len 00005724 (21 KiB): RAM[0m
[0;32mI (219) heap_init: At 3FCF0000 len 00008000 (32 KiB): DRAM[0m
[0;32mI (225) heap_init: At 600FE11C len 00001ECC (7 KiB): RTCRAM[0m
[0;32mI (231) spi_flash: detected chip: gd[0m
[0;32mI (233) spi_flash: flash io: dio[0m
[0;32mI (236) sleep_gpio: Configure to isolate all GPIO pins in sleep state[0m
[0;32mI (243) sleep_gpio: Enable automatic switching of GPIO sleep configuration[0m
[0;32mI (249) main_task: Started on CPU0[0m
[0;32mI (259) main_task: Calling app_main()[0m
[0;32mI (259) I2C TEST: I2C Address found at 72[0m
[1;31mE (259) i2c.master: i2c_master_transmit(1190): i2c transmit buffer or size invalid[0m
ESP_ERROR_CHECK failed: esp_err_t 0x102 (ESP_ERR_INVALID_ARG) at 0x42009746
file: "./main/main.c" line 53
func: app_main
expression: i2c_master_transmit(dev_handle, I2C_write, sizeof(I2C_write), -1)

abort() was called at PC 0x40379f5f on core 0


Backtrace: 0x40375a81:0x3fc982b0 0x40379f69:0x3fc982d0 0x40380651:0x3fc982f0 0x40379f5f:0x3fc98360 0x42009746:0x3fc98390 0x4201a82f:0x3fc983f0 0x4037a9a1:0x3fc98420




ELF file SHA256: 1cab46a36

Rebooting...
ESP-ROM:esp32s3-20210327
Build:Mar 27 2021
rst:0xc (RTC_SW_CPU_RST),boot:0xb (SPI_FAST_FLASH_BOOT)
Saved PC:0x403759c0
SPIWP:0xee
mode:DIO, clock div:1
load:0x3fce2810,len:0x15a0
load:0x403c8700,len:0x4
load:0x403c8704,len:0xd20
load:0x403cb700,len:0x2ee4
entry 0x403c8928
[0;32mI (26) boot: ESP-IDF v5.4-dirty 2nd stage bootloader[0m
[0;32mI (26) boot: compile time Feb  3 2025 13:29:39[0m
[0;32mI (26) boot: Multicore bootloader[0m
[0;32mI (27) boot: chip revision: v0.2[0m
[0;32mI (29) boot: efuse block revision: v1.3[0m
[0;32mI (33) boot.esp32s3: Boot SPI Speed : 80MHz[0m
[0;32mI (37) boot.esp32s3: SPI Mode       : DIO[0m
[0;32mI (41) boot.esp32s3: SPI Flash Size : 8MB[0m
[0;32mI (44) boot: Enabling RNG early entropy source...[0m
[0;32mI (49) boot: Partition Table:[0m
[0;32mI (52) boot: ## Label            Usage          Type ST Offset   Length[0m
[0;32mI (58) boot:  0 nvs              WiFi data        01 02 00009000 00006000[0m
[0;32mI (64) boot:  1 phy_init         RF data          01 01 0000f000 00001000[0m
[0;32mI (71) boot:  2 factory          factory app      00 00 00010000 00100000[0m
[0;32mI (77) boot: End of partition table[0m
[0;32mI (81) esp_image: segment 0: paddr=00010020 vaddr=3c020020 size=0b608h ( 46600) map[0m
[0;32mI (96) esp_image: segment 1: paddr=0001b630 vaddr=3fc92800 size=02a30h ( 10800) load[0m
[0;32mI (99) esp_image: segment 2: paddr=0001e068 vaddr=40374000 size=01fb0h (  8112) load[0m
[0;32mI (105) esp_image: segment 3: paddr=00020020 vaddr=42000020 size=1afdch (110556) map[0m
[0;32mI (130) esp_image: segment 4: paddr=0003b004 vaddr=40375fb0 size=0c760h ( 51040) load[0m
[0;32mI (141) esp_image: segment 5: paddr=0004776c vaddr=600fe100 size=0001ch (    28) load[0m
[0;32mI (147) boot: Loaded app from partition at offset 0x10000[0m
[0;32mI (148) boot: Disabling RNG early entropy source...[0m
[0;32mI (159) cpu_start: Multicore app[0m
[0;32mI (168) cpu_start: Pro cpu start user code[0m
[0;32mI (168) cpu_start: cpu freq: 240000000 Hz[0m
[0;32mI (168) app_init: Application information:[0m
[0;32mI (169) app_init: Project name:     Programmerbar_last[0m
[0;32mI (173) app_init: App version:      20ce4c2-dirty[0m
[0;32mI (178) app_init: Compile time:     Feb 12 2025 10:24:16[0m
[0;32mI (183) app_init: ELF file SHA256:  1cab46a36...[0m
[0;32mI (187) app_init: ESP-IDF:          v5.4-dirty[0m
[0;32mI (191) efuse_init: Min chip rev:     v0.0[0m
[0;32mI (195) efuse_init: Max chip rev:     v0.99 [0m
[0;32mI (199) efuse_init: Chip rev:         v0.2[0m
[0;32mI (203) heap_init: Initializing. RAM available for dynamic allocation:[0m
[0;32mI (209) heap_init: At 3FC95B10 len 00053C00 (335 KiB): RAM[0m
[0;32mI (214) heap_init: At 3FCE9710 len 00005724 (21 KiB): RAM[0m
[0;32mI (219) heap_init: At 3FCF0000 len 00008000 (32 KiB): DRAM[0m
[0;32mI (225) heap_init: At 600FE11C len 00001ECC (7 KiB): RTCRAM[0m
[0;32mI (231) spi_flash: detected chip: gd[0m
[0;32mI (233) spi_flash: flash io: dio[0m
[0;32mI (236) sleep_gpio: Configure to isolate all GPIO pins in sleep state[0m
[0;32mI (243) sleep_gpio: Enable automatic switching of GPIO sleep configuration[0m
[0;32mI (249) main_task: Started on CPU0[0m
[0;32mI (259) main_task: Calling app_main()[0m
[0;32mI (259) I2C TEST: I2C Address found at 72[0m
[1;31mE (259) i2c.master: i2c_master_transmit(1190): i2c transmit buffer or size invalid[0m
ESP_ERROR_CHECK failed: esp_err_t 0x102 (ESP_ERR_INVALID_ARG) at 0x42009746
file: "./main/main.c" line 53
func: app_main
expression: i2c_master_transmit(dev_handle, I2C_write, sizeof(I2C_write), -1)

abort() was called at PC 0x40379f5f on core 0


Backtrace: 0x40375a81:0x3fc982b0 0x40379f69:0x3fc982d0 0x40380651:0x3fc982f0 0x40379f5f:0x3fc98360 0x42009746:0x3fc98390 0x4201a82f:0x3fc983f0 0x4037a9a1:0x3fc98420




ELF file SHA256: 1cab46a36

Rebooting...
ESP-ROM:esp32s3-20210327
Build:Mar 27 2021
rst:0xc (RTC_SW_CPU_RST),boot:0xb (SPI_FAST_FLASH_BOOT)
Saved PC:0x403759c0
SPIWP:0xee
mode:DIO, clock div:1
load:0x3fce2810,len:0x15a0
load:0x403c8700,len:0x4
load:0x403c8704,len:0xd20
load:0x403cb700,len:0x2ee4
entry 0x403c8928
[0;32mI (26) boot: ESP-IDF v5.4-dirty 2nd stage bootloader[0m
[0;32mI (26) boot: compile time Feb  3 2025 13:29:39[0m
[0;32mI (26) boot: Multicore bootloader[0m
[0;32mI (27) boot: chip revision: v0.2[0m
[0;32mI (29) boot: efuse block revision: v1.3[0m
[0;32mI (33) boot.esp32s3: Boot SPI Speed : 80MHz[0m
[0;32mI (37) boot.esp32s3: SPI Mode       : DIO[0m
[0;32mI (41) boot.esp32s3: SPI Flash Size : 8MB[0m
[0;32mI (44) boot: Enabling RNG early entropy source...[0m
[0;32mI (49) boot: Partition Table:[0m
[0;32mI (52) boot: ## Label            Usage          Type ST Offset   Length[0m
[0;32mI (58) boot:  0 nvs              WiFi data        01 02 00009000 00006000[0m
[0;32mI (64) boot:  1 phy_init         RF data          01 01 0000f000 00001000[0m
[0;32mI (71) boot:  2 factory          factory app      00 00 00010000 00100000[0m
[0;32mI (77) boot: End of partition table[0m
[0;32mI (81) esp_image: segment 0: paddr=00010020 vaddr=3c020020 size=0b608h ( 46600) map[0m
[0;32mI (96) esp_image: segment 1: paddr=0001b630 vaddr=3fc92800 size=02a30h ( 10800) load[0m
[0;32mI (99) esp_image: segment 2: paddr=0001e068 vaddr=40374000 size=01fb0h (  8112) load[0m
[0;32mI (105) esp_image: segment 3: paddr=00020020 vaddr=42000020 size=1afdch (110556) map[0m
[0;32mI (130) esp_image: segment 4: paddr=0003b004 vaddr=40375fb0 size=0c760h ( 51040) load[0m
[0;32mI (141) esp_image: segment 5: paddr=0004776c vaddr=600fe100 size=0001ch (    28) load[0m
[0;32mI (147) boot: Loaded app from partition at offset 0x10000[0m
[0;32mI (148) boot: Disabling RNG early entropy source...[0m
[0;32mI (159) cpu_start: Multicore app[0m
[0;32mI (168) cpu_start: Pro cpu start user code[0m
[0;32mI (168) cpu_start: cpu freq: 240000000 Hz[0m
[0;32mI (168) app_init: Application information:[0m
[0;32mI (169) app_init: Project name:     Programmerbar_last[0m
[0;32mI (173) app_init: App version:      20ce4c2-dirty[0m
[0;32mI (178) app_init: Compile time:     Feb 12 2025 10:24:16[0m
[0;32mI (183) app_init: ELF file SHA256:  1cab46a36...[0m
[0;32mI (187) app_init: ESP-IDF:          v5.4-dirty[0m
[0;32mI (191) efuse_init: Min chip rev:     v0.0[0m
[0;32mI (195) efuse_init: Max chip rev:     v0.99 [0m
[0;32mI (199) efuse_init: Chip rev:         v0.2[0m
[0;32mI (203) heap_init: Initializing. RAM available for dynamic allocation:[0m
[0;32mI (209) heap_init: At 3FC95B10 len 00053C00 (335 KiB): RAM[0m
[0;32mI (214) heap_init: At 3FCE9710 len 00005724 (21 KiB): RAM[0m
[0;32mI (219) heap_init: At 3FCF0000 len 00008000 (32 KiB): DRAM[0m
[0;32mI (225) heap_init: At 600FE11C len 00001ECC (7 KiB): RTCRAM[0m
[0;32mI (231) spi_flash: detected chip: gd[0m
[0;32mI (233) spi_flash: flash io: dio[0m
[0;32mI (236) sleep_gpio: Configure to isolate all GPIO pins in sleep state[0m
[0;32mI (243) sleep_gpio: Enable automatic switching of GPIO sleep configuration[0m
[0;32mI (249) main_task: Started on CPU0[0m
[0;32mI (259) main_task: Calling app_main()[0m
[0;32mI (259) I2C TEST: I2C Address found at 72[0m
[1;31mE (259) i2c.master: i2c_master_transmit(1190): i2c transmit buffer or size invalid[0m
ESP_ERROR_CHECK failed: esp_err_t 0x102 (ESP_ERR_INVALID_ARG) at 0x42009746
file: "./main/main.c" line 53
func: app_main
expression: i2c_master_transmit(dev_handle, I2C_write, sizeof(I2C_write), -1)

abort() was called at PC 0x40379f5f on core 0


Backtrace: 0x40375a81:0x3fc982b0 0x40379f69:0x3fc982d0 0x40380651:0x3fc982f0 0x40379f5f:0x3fc98360 0x42009746:0x3fc98390 0x4201a82f:0x3fc983f0 0x4037a9a1:0x3fc98420




ELF file SHA256: 1cab46a36

Rebooting...
ESP-ROM:esp32s3-20210327
Build:Mar 27 2021
rst:0xc (RTC_SW_CPU_RST),boot:0xb (SPI_FAST_FLASH_BOOT)
Saved PC:0x403759c0
SPIWP:0xee
mode:DIO, clock div:1
load:0x3fce2810,len:0x15a0
load:0x403c8700,len:0x4
load:0x403c8704,len:0xd20
load:0x403cb700,len:0x2ee4
entry 0x403c8928
[0;32mI (26) boot: ESP-IDF v5.4-dirty 2nd stage bootloader[0m
[0;32mI (26) boot: compile time Feb  3 2025 13:29:39[0m
[0;32mI (26) boot: Multicore bootloader[0m
[0;32mI (27) boot: chip revision: v0.2[0m
[0;32mI (29) boot: efuse block revision: v1.3[0m
[0;32mI (33) boot.esp32s3: Boot SPI Speed : 80MHz[0m
[0;32mI (37) boot.esp32s3: SPI Mode       : DIO[0m
[0;32mI (41) boot.esp32s3: SPI Flash Size : 8MB[0m
[0;32mI (44) boot: Enabling RNG early entropy source...[0m
[0;32mI (49) boot: Partition Table:[0m
[0;32mI (52) boot: ## Label            Usage          Type ST Offset   Length[0m
[0;32mI (58) boot:  0 nvs              WiFi data        01 02 00009000 00006000[0m
[0;32mI (64) boot:  1 phy_init         RF data          01 01 0000f000 00001000[0m
[0;32mI (71) boot:  2 factory          factory app      00 00 00010000 00100000[0m
[0;32mI (77) boot: End of partition table[0m
[0;32mI (81) esp_image: segment 0: paddr=00010020 vaddr=3c020020 size=0b608h ( 46600) map[0m
[0;32mI (96) esp_image: segment 1: paddr=0001b630 vaddr=3fc92800 size=02a30h ( 10800) load[0m
[0;32mI (99) esp_image: segment 2: paddr=0001e068 vaddr=40374000 size=01fb0h (  8112) load[0m
[0;32mI (105) esp_image: segment 3: paddr=00020020 vaddr=42000020 size=1afdch (110556) map[0m
[0;32mI (130) esp_image: segment 4: paddr=0003b004 vaddr=40375fb0 size=0c760h ( 51040) load[0m
[0;32mI (141) esp_image: segment 5: paddr=0004776c vaddr=600fe100 size=0001ch (    28) load[0m
[0;32mI (147) boot: Loaded app from partition at offset 0x10000[0m
[0;32mI (148) boot: Disabling RNG early entropy source...[0m
[0;32mI (159) cpu_start: Multicore app[0m
[0;32mI (168) cpu_start: Pro cpu start user code[0m
[0;32mI (168) cpu_start: cpu freq: 240000000 Hz[0m
[0;32mI (169) app_init: Application information:[0m
[0;32mI (169) app_init: Project name:     Programmerbar_last[0m
[0;32mI (173) app_init: App version:      20ce4c2-dirty[0m
[0;32mI (178) app_init: Compile time:     Feb 12 2025 10:24:16[0m
[0;32mI (183) app_init: ELF file SHA256:  1cab46a36...[0m
[0;32mI (187) app_init: ESP-IDF:          v5.4-dirty[0m
[0;32mI (191) efuse_init: Min chip rev:     v0.0[0m
[0;32mI (195) efuse_init: Max chip rev:     v0.99 [0m
[0;32mI (199) efuse_init: Chip rev:         v0.2[0m
[0;32mI (203) heap_init: Initializing. RAM available for dynamic allocation:[0m
[0;32mI (209) heap_init: At 3FC95B10 len 00053C00 (335 KiB): RAM[0m
[0;32mI (214) heap_init: At 3FCE9710 len 00005724 (21 KiB): RAM[0m
[0;32mI (219) heap_init: At 3FCF0000 len 00008000 (32 KiB): DRAM[0m
[0;32mI (225) heap_init: At 600FE11C len 00001ECC (7 KiB): RTCRAM[0m
[0;32mI (231) spi_flash: detected chip: gd[0m
[0;32mI (233) spi_flash: flash io: dio[0m
[0;32mI (236) sleep_gpio: Configure to isolate all GPIO pins in sleep state[0m
[0;32mI (243) sleep_gpio: Enable automatic switching of GPIO sleep configuration[0m
[0;32mI (249) main_task: Started on CPU0[0m
[0;32mI (259) main_task: Calling app_main()[0m
[0;32mI (259) I2C TEST: I2C Address found at 72[0m
[1;31mE (259) i2c.master: i2c_master_transmit(1190): i2c transmit buffer or size invalid[0m
ESP_ERROR_CHECK failed: esp_err_t 0x102 (ESP_ERR_INVALID_ARG) at 0x42009746
file: "./main/main.c" line 53
func: app_main
expression: i2c_master_transmit(dev_handle, I2C_write, sizeof(I2C_write), -1)

abort() was called at PC 0x40379f5f on core 0


Backtrace: 0x40375a81:0x3fc982b0 0x40379f69:0x3fc982d0 0x40380651:0x3fc982f0 0x40379f5f:0x3fc98360 0x42009746:0x3fc98390 0x4201a82f:0x3fc983f0 0x4037a9a1:0x3fc98420




ELF file SHA256: 1cab46a36

Rebooting...
ESP-ROM:esp32s3-20210327
Build:Mar 27 2021
rst:0xc (RTC_SW_CPU_RST),boot:0xb (SPI_FAST_FLASH_BOOT)
Saved PC:0x403759c0
SPIWP:0xee
mode:DIO, clock div:1
load:0x3fce2810,len:0x15a0
load:0x403c8700,len:0x4
load:0x403c8704,len:0xd20
load:0x403cb700,len:0x2ee4
entry 0x403c8928
[0;32mI (26) boot: ESP-IDF v5.4-dirty 2nd stage bootloader[0m
[0;32mI (26) boot: compile time Feb  3 2025 13:29:39[0m
[0;32mI (26) boot: Multicore bootloader[0m
[0;32mI (27) boot: chip revision: v0.2[0m
[0;32mI (29) boot: efuse block revision: v1.3[0m
[0;32mI (33) boot.esp32s3: Boot SPI Speed : 80MHz[0m
[0;32mI (37) boot.esp32s3: SPI Mode       : DIO[0m
[0;32mI (41) boot.esp32s3: SPI Flash Size : 8MB[0m
[0;32mI (44) boot: Enabling RNG early entropy source...[0m
[0;32mI (49) boot: Partition Table:[0m
[0;32mI (52) boot: ## Label            Usage          Type ST Offset   Length[0m
[0;32mI (58) boot:  0 nvs              WiFi data        01 02 00009000 00006000[0m
[0;32mI (64) boot:  1 phy_init         RF data          01 01 0000f000 00001000[0m
[0;32mI (71) boot:  2 factory          factory app      00 00 00010000 00100000[0m
[0;32mI (77) boot: End of partition table[0m
[0;32mI (81) esp_image: segment 0: paddr=00010020 vaddr=3c020020 size=0b608h ( 46600) map[0m
[0;32mI (96) esp_image: segment 1: paddr=0001b630 vaddr=3fc92800 size=02a30h ( 10800) load[0m
[0;32mI (99) esp_image: segment 2: paddr=0001e068 vaddr=40374000 size=01fb0h (  8112) load[0m
[0;32mI (105) esp_image: segment 3: paddr=00020020 vaddr=42000020 size=1afdch (110556) map[0m
[0;32mI (130) esp_image: segment 4: paddr=0003b004 vaddr=40375fb0 size=0c760h ( 51040) load[0m
[0;32mI (141) esp_image: segment 5: paddr=0004776c vaddr=600fe100 size=0001ch (    28) load[0m
[0;32mI (147) boot: Loaded app from partition at offset 0x10000[0m
[0;32mI (148) boot: Disabling RNG early entropy source...[0m
[0;32mI (159) cpu_start: Multicore app[0m
[0;32mI (168) cpu_start: Pro cpu start user code[0m
[0;32mI (168) cpu_start: cpu freq: 240000000 Hz[0m
[0;32mI (168) app_init: Application information:[0m
[0;32mI (169) app_init: Project name:     Programmerbar_last[0m
[0;32mI (173) app_init: App version:      20ce4c2-dirty[0m
[0;32mI (178) app_init: Compile time:     Feb 12 2025 10:24:16[0m
[0;32mI (183) app_init: ELF file SHA256:  1cab46a36...[0m
[0;32mI (187) app_init: ESP-IDF:          v5.4-dirty[0m
[0;32mI (191) efuse_init: Min chip rev:     v0.0[0m
[0;32mI (195) efuse_init: Max chip rev:     v0.99 [0m
[0;32mI (199) efuse_init: Chip rev:         v0.2[0m
[0;32mI (203) heap_init: Initializing. RAM available for dynamic allocation:[0m
[0;32mI (209) heap_init: At 3FC95B10 len 00053C00 (335 KiB): RAM[0m
[0;32mI (214) heap_init: At 3FCE9710 len 00005724 (21 KiB): RAM[0m
[0;32mI (219) heap_init: At 3FCF0000 len 00008000 (32 KiB): DRAM[0m
[0;32mI (225) heap_init: At 600FE11C len 00001ECC (7 KiB): RTCRAM[0m
[0;32mI (231) spi_flash: detected chip: gd[0m
[0;32mI (233) spi_flash: flash io: dio[0m
[0;32mI (236) sleep_gpio: Configure to isolate all GPIO pins in sleep state[0m
[0;32mI (243) sleep_gpio: Enable automatic switching of GPIO sleep configuration[0m
[0;32mI (249) main_task: Started on CPU0[0m
[0;32mI (259) main_task: Calling app_main()[0m
[0;32mI (259) I2C TEST: I2C Address found at 72[0m
[1;31mE (259) i2c.master: i2c_master_transmit(1190): i2c transmit buffer or size invalid[0m
ESP_ERROR_CHECK failed: esp_err_t 0x102 (ESP_ERR_INVALID_ARG) at 0x42009746
file: "./main/main.c" line 53
func: app_main
expression: i2c_master_transmit(dev_handle, I2C_write, sizeof(I2C_write), -1)

abort() was called at PC 0x40379f5f on core 0


Backtrace: 0x40375a81:0x3fc982b0 0x40379f69:0x3fc982d0 0x40380651:0x3fc982f0 0x40379f5f:0x3fc98360 0x42009746:0x3fc98390 0x4201a82f:0x3fc983f0 0x4037a9a1:0x3fc98420




ELF file SHA256: 1cab46a36

Rebooting...
ESP-ROM:esp32s3-20210327
Build:Mar 27 2021
rst:0xc (RTC_SW_CPU_RST),boot:0xb (SPI_FAST_FLASH_BOOT)
Saved PC:0x403759c0
SPIWP:0xee
mode:DIO, clock div:1
load:0x3fce2810,len:0x15a0
load:0x403c8700,len:0x4
load:0x403c8704,len:0xd20
load:0x403cb700,len:0x2ee4
entry 0x403c8928
[0;32mI (26) boot: ESP-IDF v5.4-dirty 2nd stage bootloader[0m
[0;32mI (26) boot: compile time Feb  3 2025 13:29:39[0m
[0;32mI (26) boot: Multicore bootloader[0m
[0;32mI (27) boot: chip revision: v0.2[0m
[0;32mI (29) boot: efuse block revision: v1.3[0m
[0;32mI (33) boot.esp32s3: Boot SPI Speed : 80MHz[0m
[0;32mI (37) boot.esp32s3: SPI Mode       : DIO[0m
[0;32mI (41) boot.esp32s3: SPI Flash Size : 8MB[0m
[0;32mI (44) boot: Enabling RNG early entropy source...[0m
[0;32mI (49) boot: Partition Table:[0m
[0;32mI (52) boot: ## Label            Usage          Type ST Offset   Length[0m
[0;32mI (58) boot:  0 nvs              WiFi data        01 02 00009000 00006000[0m
[0;32mI (64) boot:  1 phy_init         RF data          01 01 0000f000 00001000[0m
[0;32mI (71) boot:  2 factory          factory app      00 00 00010000 00100000[0m
[0;32mI (77) boot: End of partition table[0m
[0;32mI (81) esp_image: segment 0: paddr=00010020 vaddr=3c020020 size=0b608h ( 46600) map[0m
[0;32mI (96) esp_image: segment 1: paddr=0001b630 vaddr=3fc92800 size=02a30h ( 10800) load[0m
[0;32mI (99) esp_image: segment 2: paddr=0001e068 vaddr=40374000 size=01fb0h (  8112) load[0m
[0;32mI (105) esp_image: segment 3: paddr=00020020 vaddr=42000020 size=1afdch (110556) map[0m
[0;32mI (130) esp_image: segment 4: paddr=0003b004 vaddr=40375fb0 size=0c760h ( 51040) load[0m
[0;32mI (141) esp_image: segment 5: paddr=0004776c vaddr=600fe100 size=0001ch (    28) load[0m
[0;32mI (147) boot: Loaded app from partition at offset 0x10000[0m
[0;32mI (148) boot: Disabling RNG early entropy source...[0m
[0;32mI (159) cpu_start: Multicore app[0m
[0;32mI (168) cpu_start: Pro cpu start user code[0m
[0;32mI (168) cpu_start: cpu freq: 240000000 Hz[0m
[0;32mI (168) app_init: Application information:[0m
[0;32mI (169) app_init: Project name:     Programmerbar_last[0m
[0;32mI (173) app_init: App version:      20ce4c2-dirty[0m
[0;32mI (178) app_init: Compile time:     Feb 12 2025 10:24:16[0m
[0;32mI (183) app_init: ELF file SHA256:  1cab46a36...[0m
[0;32mI (187) app_init: ESP-IDF:          v5.4-dirty[0m
[0;32mI (191) efuse_init: Min chip rev:     v0.0[0m
